19:23:30 **** Incremental Build of configuration Debug for project GPIO ****
make -r -j8 all 
Building file: ../src/Gpio.cpp
Invoking: MCU C++ Compiler
arm-none-eabi-c++ -DDEBUG -D__CODE_RED -D__NEWLIB__ -DCORE_M0PLUS -D__MTB_BUFFER_SIZE=256 -D__USE_ROMDIVIDE -DCPP_USE_HEAP -D__LPC84X__ -O0 -fno-common -g3 -Wall -c -fmessage-length=0 -fno-builtin -ffunction-sections -fdata-sections -fno-rtti -fno-exceptions -fmerge-constants -fmacro-prefix-map="../src/"= -mcpu=cortex-m0 -mthumb -fstack-usage -MMD -MP -MF"src/Gpio.d" -MT"src/Gpio.o" -MT"src/Gpio.d" -o "src/Gpio.o" "../src/Gpio.cpp"
../src/Gpio.cpp: In member function 'virtual uint8_t Gpio::setDirInputs()':
../src/Gpio.cpp:22:16: warning: enum constant in boolean context [-Wint-in-bool-context]
   22 |  if(this->error){
      |                ^
../src/Gpio.cpp: In member function 'virtual uint8_t Gpio::setDirOutputs()':
../src/Gpio.cpp:30:16: warning: enum constant in boolean context [-Wint-in-bool-context]
   30 |  if(this->error){
      |                ^
../src/Gpio.cpp: In member function 'virtual uint8_t Gpio::getPin()':
../src/Gpio.cpp:39:1: warning: no return statement in function returning non-void [-Wreturn-type]
   39 | }
      | ^
../src/Gpio.cpp: In member function 'virtual uint8_t Gpio::setPinMode()':
../src/Gpio.cpp:40:28: warning: no return statement in function returning non-void [-Wreturn-type]
   40 | uint8_t Gpio::setPinMode(){}
      |                            ^
../src/Gpio.cpp: In member function 'virtual uint8_t Gpio::clrPin()':
../src/Gpio.cpp:41:24: warning: no return statement in function returning non-void [-Wreturn-type]
   41 | uint8_t Gpio::clrPin(){}
      |                        ^
../src/Gpio.cpp: In member function 'virtual uint8_t Gpio::setTogglePin()':
../src/Gpio.cpp:42:30: warning: no return statement in function returning non-void [-Wreturn-type]
   42 | uint8_t Gpio::setTogglePin(){}
      |                              ^
../src/Gpio.cpp: In member function 'virtual uint8_t Gpio::setPinResistor()':
../src/Gpio.cpp:43:32: warning: no return statement in function returning non-void [-Wreturn-type]
   43 | uint8_t Gpio::setPinResistor(){}
      |                                ^
Finished building: ../src/Gpio.cpp
 
Building target: GPIO.axf
Invoking: MCU C++ Linker
arm-none-eabi-c++ -nostdlib -Xlinker -Map="GPIO.map" -Xlinker --cref -Xlinker --gc-sections -Xlinker -print-memory-usage -mcpu=cortex-m0 -mthumb -T GPIO_Debug.ld -o "GPIO.axf"  ./src/GPIOmain.o ./src/Gpio.o ./src/Input.o ./src/Output.o ./src/aeabi_romdiv_patch.o ./src/cr_cpp_config.o ./src/cr_startup_lpc84x.o ./src/crp.o ./src/mtb.o   
Memory region         Used Size  Region Size  %age Used
        MFlash64:       16176 B        64 KB     24.68%
        RamLoc16:        2504 B        16 KB     15.28%
Finished building target: GPIO.axf
 
Performing post-build steps
arm-none-eabi-size "GPIO.axf"; # arm-none-eabi-objcopy -v -O binary "GPIO.axf" "GPIO.bin" ; # checksum -p LPC845 -d "GPIO.bin";
   text	   data	    bss	    dec	    hex	filename
  14056	   2120	    384	  16560	   40b0	GPIO.axf
 
20:15:56 **** Clean-only build of configuration Debug for project GPIO ****
make -r -j8 clean 
rm -rf ./src/GPIOmain.d ./src/GPIOmain.o ./src/Gpio.d ./src/Gpio.o ./src/Input.d ./src/Input.o ./src/Output.d ./src/Output.o ./src/aeabi_romdiv_patch.o ./src/cr_cpp_config.d ./src/cr_cpp_config.o ./src/cr_startup_lpc84x.d ./src/cr_startup_lpc84x.o ./src/crp.d ./src/crp.o ./src/mtb.d ./src/mtb.o
rm -rf GPIO.axf
 
20:15:57 **** Build of configuration Debug for project GPIO ****
make -r -j8 all 
Building file: ../src/firmware/aeabi_romdiv_patch.s
Building file: ../src/firmware/cr_cpp_config.cpp
Building file: ../src/firmware/cr_startup_lpc84x.cpp
Building file: ../src/firmware/crp.c
Invoking: MCU Assembler
Invoking: MCU C++ Compiler
arm-none-eabi-gcc -c -x assembler-with-cpp -D__NEWLIB__ -DDEBUG -D__CODE_RED -DCORE_M0PLUS -D__USE_ROMDIVIDE -D__LPC84X__ -g3 -mcpu=cortex-m0 -mthumb -o "src/firmware/aeabi_romdiv_patch.o" "../src/firmware/aeabi_romdiv_patch.s"
Building file: ../src/firmware/mtb.c
arm-none-eabi-c++ -DDEBUG -D__CODE_RED -D__NEWLIB__ -DCORE_M0PLUS -D__MTB_BUFFER_SIZE=256 -D__USE_ROMDIVIDE -DCPP_USE_HEAP -D__LPC84X__ -I"/home/dioswilson1/colegio/Informatica2/LPC845-BRK/GPIO/src/01-PIN" -I"/home/dioswilson1/colegio/Informatica2/LPC845-BRK/GPIO/src/02-Gpio" -I"/home/dioswilson1/colegio/Informatica2/LPC845-BRK/GPIO/src/application" -I"/home/dioswilson1/colegio/Informatica2/LPC845-BRK/GPIO/src/firmware" -O0 -fno-common -g3 -Wall -c -fmessage-length=0 -fno-builtin -ffunction-sections -fdata-sections -fno-rtti -fno-exceptions -fmerge-constants -fmacro-prefix-map="../src/firmware/"= -mcpu=cortex-m0 -mthumb -fstack-usage -MMD -MP -MF"src/firmware/cr_cpp_config.d" -MT"src/firmware/cr_cpp_config.o" -MT"src/firmware/cr_cpp_config.d" -o "src/firmware/cr_cpp_config.o" "../src/firmware/cr_cpp_config.cpp"
Invoking: MCU C++ Compiler
Invoking: MCU C Compiler
arm-none-eabi-c++ -DDEBUG -D__CODE_RED -D__NEWLIB__ -DCORE_M0PLUS -D__MTB_BUFFER_SIZE=256 -D__USE_ROMDIVIDE -DCPP_USE_HEAP -D__LPC84X__ -I"/home/dioswilson1/colegio/Informatica2/LPC845-BRK/GPIO/src/01-PIN" -I"/home/dioswilson1/colegio/Informatica2/LPC845-BRK/GPIO/src/02-Gpio" -I"/home/dioswilson1/colegio/Informatica2/LPC845-BRK/GPIO/src/application" -I"/home/dioswilson1/colegio/Informatica2/LPC845-BRK/GPIO/src/firmware" -O0 -fno-common -g3 -Wall -c -fmessage-length=0 -fno-builtin -ffunction-sections -fdata-sections -fno-rtti -fno-exceptions -fmerge-constants -fmacro-prefix-map="../src/firmware/"= -mcpu=cortex-m0 -mthumb -fstack-usage -MMD -MP -MF"src/firmware/cr_startup_lpc84x.d" -MT"src/firmware/cr_startup_lpc84x.o" -MT"src/firmware/cr_startup_lpc84x.d" -o "src/firmware/cr_startup_lpc84x.o" "../src/firmware/cr_startup_lpc84x.cpp"
arm-none-eabi-gcc -DDEBUG -D__CODE_RED -D__NEWLIB__ -DCORE_M0PLUS -D__MTB_BUFFER_SIZE=256 -D__USE_ROMDIVIDE -DCPP_USE_HEAP -D__LPC84X__ -O0 -fno-common -g3 -Wall -c -fmessage-length=0 -fno-builtin -ffunction-sections -fdata-sections -fmerge-constants -fmacro-prefix-map="../src/firmware/"= -mcpu=cortex-m0 -mthumb -fstack-usage -MMD -MP -MF"src/firmware/crp.d" -MT"src/firmware/crp.o" -MT"src/firmware/crp.d" -o "src/firmware/crp.o" "../src/firmware/crp.c"
Invoking: MCU C Compiler
Building file: ../src/application/GPIOmain.cpp
arm-none-eabi-gcc -DDEBUG -D__CODE_RED -D__NEWLIB__ -DCORE_M0PLUS -D__MTB_BUFFER_SIZE=256 -D__USE_ROMDIVIDE -DCPP_USE_HEAP -D__LPC84X__ -O0 -fno-common -g3 -Wall -c -fmessage-length=0 -fno-builtin -ffunction-sections -fdata-sections -fmerge-constants -fmacro-prefix-map="../src/firmware/"= -mcpu=cortex-m0 -mthumb -fstack-usage -MMD -MP -MF"src/firmware/mtb.d" -MT"src/firmware/mtb.o" -MT"src/firmware/mtb.d" -o "src/firmware/mtb.o" "../src/firmware/mtb.c"
Building file: ../src/02-Gpio/Gpio.cpp
Invoking: MCU C++ Compiler
arm-none-eabi-c++ -DDEBUG -D__CODE_RED -D__NEWLIB__ -DCORE_M0PLUS -D__MTB_BUFFER_SIZE=256 -D__USE_ROMDIVIDE -DCPP_USE_HEAP -D__LPC84X__ -I"/home/dioswilson1/colegio/Informatica2/LPC845-BRK/GPIO/src/01-PIN" -I"/home/dioswilson1/colegio/Informatica2/LPC845-BRK/GPIO/src/02-Gpio" -I"/home/dioswilson1/colegio/Informatica2/LPC845-BRK/GPIO/src/application" -I"/home/dioswilson1/colegio/Informatica2/LPC845-BRK/GPIO/src/firmware" -O0 -fno-common -g3 -Wall -c -fmessage-length=0 -fno-builtin -ffunction-sections -fdata-sections -fno-rtti -fno-exceptions -fmerge-constants -fmacro-prefix-map="../src/application/"= -mcpu=cortex-m0 -mthumb -fstack-usage -MMD -MP -MF"src/application/GPIOmain.d" -MT"src/application/GPIOmain.o" -MT"src/application/GPIOmain.d" -o "src/application/GPIOmain.o" "../src/application/GPIOmain.cpp"
Invoking: MCU C++ Compiler
arm-none-eabi-c++ -DDEBUG -D__CODE_RED -D__NEWLIB__ -DCORE_M0PLUS -D__MTB_BUFFER_SIZE=256 -D__USE_ROMDIVIDE -DCPP_USE_HEAP -D__LPC84X__ -I"/home/dioswilson1/colegio/Informatica2/LPC845-BRK/GPIO/src/01-PIN" -I"/home/dioswilson1/colegio/Informatica2/LPC845-BRK/GPIO/src/02-Gpio" -I"/home/dioswilson1/colegio/Informatica2/LPC845-BRK/GPIO/src/application" -I"/home/dioswilson1/colegio/Informatica2/LPC845-BRK/GPIO/src/firmware" -O0 -fno-common -g3 -Wall -c -fmessage-length=0 -fno-builtin -ffunction-sections -fdata-sections -fno-rtti -fno-exceptions -fmerge-constants -fmacro-prefix-map="../src/02-Gpio/"= -mcpu=cortex-m0 -mthumb -fstack-usage -MMD -MP -MF"src/02-Gpio/Gpio.d" -MT"src/02-Gpio/Gpio.o" -MT"src/02-Gpio/Gpio.d" -o "src/02-Gpio/Gpio.o" "../src/02-Gpio/Gpio.cpp"
In file included from ../src/02-Gpio/Gpio.h:5,
                 from ../src/02-Gpio/Gpio.cpp:1:
/home/dioswilson1/colegio/Informatica2/LPC845-BRK/GPIO/src/01-PIN/Input.h:11:10: fatal error: types.h: No such file or directory
Finished building: ../src/firmware/aeabi_romdiv_patch.s
   11 | #include "types.h"
Finished building: ../src/firmware/crp.c
      |          ^~~~~~~~~
 
compilation terminated.
Finished building: ../src/firmware/mtb.c
In file included from /home/dioswilson1/colegio/Informatica2/LPC845-BRK/GPIO/src/02-Gpio/Gpio.h:5,
 
                 from ../src/application/GPIOmain.cpp:15:
 
/home/dioswilson1/colegio/Informatica2/LPC845-BRK/GPIO/src/01-PIN/Input.h:11:10: fatal error: types.h: No such file or directory
   11 | #include "types.h"
      |          ^~~~~~~~~
compilation terminated.
make[1]: *** [src/02-Gpio/subdir.mk:20: src/02-Gpio/Gpio.o] Error 1
make[1]: *** Waiting for unfinished jobs....
make[1]: *** [src/application/subdir.mk:20: src/application/GPIOmain.o] Error 1
Finished building: ../src/firmware/cr_startup_lpc84x.cpp
 
Finished building: ../src/firmware/cr_cpp_config.cpp
 
make: *** [makefile:52: all] Error 2
"make -r -j8 all" terminated with exit code 2. Build might be incomplete.
20:16:06 **** Incremental Build of configuration Debug for project GPIO ****
make -r -j8 all 
Building file: ../src/application/GPIOmain.cpp
Building file: ../src/02-Gpio/Gpio.cpp
Invoking: MCU C++ Compiler
arm-none-eabi-c++ -DDEBUG -D__CODE_RED -D__NEWLIB__ -DCORE_M0PLUS -D__MTB_BUFFER_SIZE=256 -D__USE_ROMDIVIDE -DCPP_USE_HEAP -D__LPC84X__ -I"/home/dioswilson1/colegio/Informatica2/LPC845-BRK/GPIO/src/01-PIN" -I"/home/dioswilson1/colegio/Informatica2/LPC845-BRK/GPIO/src/02-Gpio" -I"/home/dioswilson1/colegio/Informatica2/LPC845-BRK/GPIO/src/application" -I"/home/dioswilson1/colegio/Informatica2/LPC845-BRK/GPIO/src/firmware" -O0 -fno-common -g3 -Wall -c -fmessage-length=0 -fno-builtin -ffunction-sections -fdata-sections -fno-rtti -fno-exceptions -fmerge-constants -fmacro-prefix-map="../src/application/"= -mcpu=cortex-m0 -mthumb -fstack-usage -MMD -MP -MF"src/application/GPIOmain.d" -MT"src/application/GPIOmain.o" -MT"src/application/GPIOmain.d" -o "src/application/GPIOmain.o" "../src/application/GPIOmain.cpp"
Invoking: MCU C++ Compiler
arm-none-eabi-c++ -DDEBUG -D__CODE_RED -D__NEWLIB__ -DCORE_M0PLUS -D__MTB_BUFFER_SIZE=256 -D__USE_ROMDIVIDE -DCPP_USE_HEAP -D__LPC84X__ -I"/home/dioswilson1/colegio/Informatica2/LPC845-BRK/GPIO/src/01-PIN" -I"/home/dioswilson1/colegio/Informatica2/LPC845-BRK/GPIO/src/02-Gpio" -I"/home/dioswilson1/colegio/Informatica2/LPC845-BRK/GPIO/src/application" -I"/home/dioswilson1/colegio/Informatica2/LPC845-BRK/GPIO/src/firmware" -O0 -fno-common -g3 -Wall -c -fmessage-length=0 -fno-builtin -ffunction-sections -fdata-sections -fno-rtti -fno-exceptions -fmerge-constants -fmacro-prefix-map="../src/02-Gpio/"= -mcpu=cortex-m0 -mthumb -fstack-usage -MMD -MP -MF"src/02-Gpio/Gpio.d" -MT"src/02-Gpio/Gpio.o" -MT"src/02-Gpio/Gpio.d" -o "src/02-Gpio/Gpio.o" "../src/02-Gpio/Gpio.cpp"
In file included from ../src/02-Gpio/Gpio.h:5,
                 from ../src/02-Gpio/Gpio.cpp:1:
/home/dioswilson1/colegio/Informatica2/LPC845-BRK/GPIO/src/01-PIN/Input.h:11:10: fatal error: types.h: No such file or directory
   11 | #include "types.h"
      |          ^~~~~~~~~
compilation terminated.
In file included from /home/dioswilson1/colegio/Informatica2/LPC845-BRK/GPIO/src/02-Gpio/Gpio.h:5,
                 from ../src/application/GPIOmain.cpp:15:
/home/dioswilson1/colegio/Informatica2/LPC845-BRK/GPIO/src/01-PIN/Input.h:11:10: fatal error: types.h: No such file or directory
   11 | #include "types.h"
      |          ^~~~~~~~~
compilation terminated.
make[1]: *** [src/02-Gpio/subdir.mk:20: src/02-Gpio/Gpio.o] Error 1
make[1]: *** Waiting for unfinished jobs....
make[1]: *** [src/application/subdir.mk:20: src/application/GPIOmain.o] Error 1
make: *** [makefile:52: all] Error 2
"make -r -j8 all" terminated with exit code 2. Build might be incomplete.
20:16:30 **** Incremental Build of configuration Debug for project GPIO ****
make -r -j8 all 
Building file: ../src/firmware/aeabi_romdiv_patch.s
Building file: ../src/firmware/cr_cpp_config.cpp
Building file: ../src/firmware/cr_startup_lpc84x.cpp
Building file: ../src/firmware/crp.c
Invoking: MCU Assembler
Invoking: MCU C++ Compiler
arm-none-eabi-gcc -c -x assembler-with-cpp -D__NEWLIB__ -DDEBUG -D__CODE_RED -DCORE_M0PLUS -D__USE_ROMDIVIDE -D__LPC84X__ -g3 -mcpu=cortex-m0 -mthumb -o "src/firmware/aeabi_romdiv_patch.o" "../src/firmware/aeabi_romdiv_patch.s"
Building file: ../src/firmware/mtb.c
arm-none-eabi-c++ -DDEBUG -D__CODE_RED -D__NEWLIB__ -DCORE_M0PLUS -D__MTB_BUFFER_SIZE=256 -D__USE_ROMDIVIDE -DCPP_USE_HEAP -D__LPC84X__ -I"/home/dioswilson1/colegio/Informatica2/LPC845-BRK/GPIO/src/01-PIN" -I"/home/dioswilson1/colegio/Informatica2/LPC845-BRK/GPIO/src" -I"/home/dioswilson1/colegio/Informatica2/LPC845-BRK/GPIO/src/02-Gpio" -I"/home/dioswilson1/colegio/Informatica2/LPC845-BRK/GPIO/src/application" -I"/home/dioswilson1/colegio/Informatica2/LPC845-BRK/GPIO/src/firmware" -O0 -fno-common -g3 -Wall -c -fmessage-length=0 -fno-builtin -ffunction-sections -fdata-sections -fno-rtti -fno-exceptions -fmerge-constants -fmacro-prefix-map="../src/firmware/"= -mcpu=cortex-m0 -mthumb -fstack-usage -MMD -MP -MF"src/firmware/cr_cpp_config.d" -MT"src/firmware/cr_cpp_config.o" -MT"src/firmware/cr_cpp_config.d" -o "src/firmware/cr_cpp_config.o" "../src/firmware/cr_cpp_config.cpp"
Invoking: MCU C++ Compiler
Invoking: MCU C Compiler
arm-none-eabi-c++ -DDEBUG -D__CODE_RED -D__NEWLIB__ -DCORE_M0PLUS -D__MTB_BUFFER_SIZE=256 -D__USE_ROMDIVIDE -DCPP_USE_HEAP -D__LPC84X__ -I"/home/dioswilson1/colegio/Informatica2/LPC845-BRK/GPIO/src/01-PIN" -I"/home/dioswilson1/colegio/Informatica2/LPC845-BRK/GPIO/src" -I"/home/dioswilson1/colegio/Informatica2/LPC845-BRK/GPIO/src/02-Gpio" -I"/home/dioswilson1/colegio/Informatica2/LPC845-BRK/GPIO/src/application" -I"/home/dioswilson1/colegio/Informatica2/LPC845-BRK/GPIO/src/firmware" -O0 -fno-common -g3 -Wall -c -fmessage-length=0 -fno-builtin -ffunction-sections -fdata-sections -fno-rtti -fno-exceptions -fmerge-constants -fmacro-prefix-map="../src/firmware/"= -mcpu=cortex-m0 -mthumb -fstack-usage -MMD -MP -MF"src/firmware/cr_startup_lpc84x.d" -MT"src/firmware/cr_startup_lpc84x.o" -MT"src/firmware/cr_startup_lpc84x.d" -o "src/firmware/cr_startup_lpc84x.o" "../src/firmware/cr_startup_lpc84x.cpp"
arm-none-eabi-gcc -DDEBUG -D__CODE_RED -D__NEWLIB__ -DCORE_M0PLUS -D__MTB_BUFFER_SIZE=256 -D__USE_ROMDIVIDE -DCPP_USE_HEAP -D__LPC84X__ -O0 -fno-common -g3 -Wall -c -fmessage-length=0 -fno-builtin -ffunction-sections -fdata-sections -fmerge-constants -fmacro-prefix-map="../src/firmware/"= -mcpu=cortex-m0 -mthumb -fstack-usage -MMD -MP -MF"src/firmware/crp.d" -MT"src/firmware/crp.o" -MT"src/firmware/crp.d" -o "src/firmware/crp.o" "../src/firmware/crp.c"
Invoking: MCU C Compiler
Building file: ../src/application/GPIOmain.cpp
arm-none-eabi-gcc -DDEBUG -D__CODE_RED -D__NEWLIB__ -DCORE_M0PLUS -D__MTB_BUFFER_SIZE=256 -D__USE_ROMDIVIDE -DCPP_USE_HEAP -D__LPC84X__ -O0 -fno-common -g3 -Wall -c -fmessage-length=0 -fno-builtin -ffunction-sections -fdata-sections -fmerge-constants -fmacro-prefix-map="../src/firmware/"= -mcpu=cortex-m0 -mthumb -fstack-usage -MMD -MP -MF"src/firmware/mtb.d" -MT"src/firmware/mtb.o" -MT"src/firmware/mtb.d" -o "src/firmware/mtb.o" "../src/firmware/mtb.c"
Building file: ../src/02-Gpio/Gpio.cpp
Invoking: MCU C++ Compiler
arm-none-eabi-c++ -DDEBUG -D__CODE_RED -D__NEWLIB__ -DCORE_M0PLUS -D__MTB_BUFFER_SIZE=256 -D__USE_ROMDIVIDE -DCPP_USE_HEAP -D__LPC84X__ -I"/home/dioswilson1/colegio/Informatica2/LPC845-BRK/GPIO/src/01-PIN" -I"/home/dioswilson1/colegio/Informatica2/LPC845-BRK/GPIO/src" -I"/home/dioswilson1/colegio/Informatica2/LPC845-BRK/GPIO/src/02-Gpio" -I"/home/dioswilson1/colegio/Informatica2/LPC845-BRK/GPIO/src/application" -I"/home/dioswilson1/colegio/Informatica2/LPC845-BRK/GPIO/src/firmware" -O0 -fno-common -g3 -Wall -c -fmessage-length=0 -fno-builtin -ffunction-sections -fdata-sections -fno-rtti -fno-exceptions -fmerge-constants -fmacro-prefix-map="../src/application/"= -mcpu=cortex-m0 -mthumb -fstack-usage -MMD -MP -MF"src/application/GPIOmain.d" -MT"src/application/GPIOmain.o" -MT"src/application/GPIOmain.d" -o "src/application/GPIOmain.o" "../src/application/GPIOmain.cpp"
Invoking: MCU C++ Compiler
arm-none-eabi-c++ -DDEBUG -D__CODE_RED -D__NEWLIB__ -DCORE_M0PLUS -D__MTB_BUFFER_SIZE=256 -D__USE_ROMDIVIDE -DCPP_USE_HEAP -D__LPC84X__ -I"/home/dioswilson1/colegio/Informatica2/LPC845-BRK/GPIO/src/01-PIN" -I"/home/dioswilson1/colegio/Informatica2/LPC845-BRK/GPIO/src" -I"/home/dioswilson1/colegio/Informatica2/LPC845-BRK/GPIO/src/02-Gpio" -I"/home/dioswilson1/colegio/Informatica2/LPC845-BRK/GPIO/src/application" -I"/home/dioswilson1/colegio/Informatica2/LPC845-BRK/GPIO/src/firmware" -O0 -fno-common -g3 -Wall -c -fmessage-length=0 -fno-builtin -ffunction-sections -fdata-sections -fno-rtti -fno-exceptions -fmerge-constants -fmacro-prefix-map="../src/02-Gpio/"= -mcpu=cortex-m0 -mthumb -fstack-usage -MMD -MP -MF"src/02-Gpio/Gpio.d" -MT"src/02-Gpio/Gpio.o" -MT"src/02-Gpio/Gpio.d" -o "src/02-Gpio/Gpio.o" "../src/02-Gpio/Gpio.cpp"
Finished building: ../src/firmware/aeabi_romdiv_patch.s
 
Finished building: ../src/firmware/crp.c
 
Finished building: ../src/firmware/mtb.c
 
../src/application/GPIOmain.cpp: In function 'int main()':
../src/application/GPIOmain.cpp:38:2: error: 'greenLed' was not declared in this scope; did you mean 'greenLED'?
   38 |  greenLed.clrPin();
      |  ^~~~~~~~
      |  greenLED
../src/application/GPIOmain.cpp:39:2: error: 'blueLed' was not declared in this scope; did you mean 'blueLED'?
   39 |  blueLed.clrPin();
      |  ^~~~~~~
      |  blueLED
../src/application/GPIOmain.cpp:40:2: error: 'redLed' was not declared in this scope; did you mean 'redLED'?
   40 |  redLed.clrPin();
      |  ^~~~~~
      |  redLED
../src/application/GPIOmain.cpp:43:6: error: 'usetSwitch' was not declared in this scope; did you mean 'userSwitch'?
   43 |   if(usetSwitch.getPin()){
      |      ^~~~~~~~~~
      |      userSwitch
../src/application/GPIOmain.cpp:47:12: error: 'class Gpio' has no member named 'clrPIN'; did you mean 'clrPin'?
   47 |    blueLED.clrPIN();
      |            ^~~~~~
      |            clrPin
make[1]: *** [src/application/subdir.mk:20: src/application/GPIOmain.o] Error 1
make[1]: *** Waiting for unfinished jobs....
../src/02-Gpio/Gpio.cpp: In member function 'virtual uint8_t Gpio::getPin()':
../src/02-Gpio/Gpio.cpp:45:9: warning: suggest parentheses around comparison in operand of '&' [-Wparentheses]
   45 |    valor!=(GPIO->PIN[this->port] >> this->bit) & 1;
      |    ~~~~~^~~~~~~~~~~~~~~~~~~~~~~~~~~~~~~~~~~~~~
../src/02-Gpio/Gpio.cpp:45:48: warning: value computed is not used [-Wunused-value]
   45 |    valor!=(GPIO->PIN[this->port] >> this->bit) & 1;
      |    ~~~~~~~~~~~~~~~~~~~~~~~~~~~~~~~~~~~~~~~~~~~~^~~
../src/02-Gpio/Gpio.cpp: In member function 'virtual uint8_t Gpio::setPinMode()':
../src/02-Gpio/Gpio.cpp:55:1: warning: no return statement in function returning non-void [-Wreturn-type]
   55 | }
      | ^
../src/02-Gpio/Gpio.cpp: In member function 'virtual uint8_t Gpio::setPinResistor()':
../src/02-Gpio/Gpio.cpp:59:1: warning: no return statement in function returning non-void [-Wreturn-type]
   59 | }
      | ^
../src/02-Gpio/Gpio.cpp: In member function 'virtual uint8_t Gpio::setTogglePin()':
../src/02-Gpio/Gpio.cpp:90:1: warning: no return statement in function returning non-void [-Wreturn-type]
Finished building: ../src/firmware/cr_startup_lpc84x.cpp
   90 | }
 
      | ^
Finished building: ../src/firmware/cr_cpp_config.cpp
 
Finished building: ../src/02-Gpio/Gpio.cpp
 
make: *** [makefile:52: all] Error 2
"make -r -j8 all" terminated with exit code 2. Build might be incomplete.
20:16:58 **** Clean-only build of configuration Debug for project GPIO ****
make -r -j8 clean 
rm -rf ./src/firmware/aeabi_romdiv_patch.o ./src/firmware/cr_cpp_config.d ./src/firmware/cr_cpp_config.o ./src/firmware/cr_startup_lpc84x.d ./src/firmware/cr_startup_lpc84x.o ./src/firmware/crp.d ./src/firmware/crp.o ./src/firmware/mtb.d ./src/firmware/mtb.o
rm -rf ./src/application/GPIOmain.d ./src/application/GPIOmain.o
rm -rf ./src/02-Gpio/Gpio.d ./src/02-Gpio/Gpio.o
rm -rf GPIO.axf
 
20:17:00 **** Build of configuration Debug for project GPIO ****
make -r -j8 all 
Building file: ../src/firmware/aeabi_romdiv_patch.s
Building file: ../src/firmware/cr_cpp_config.cpp
Building file: ../src/firmware/cr_startup_lpc84x.cpp
Building file: ../src/firmware/crp.c
Invoking: MCU Assembler
Invoking: MCU C++ Compiler
arm-none-eabi-gcc -c -x assembler-with-cpp -D__NEWLIB__ -DDEBUG -D__CODE_RED -DCORE_M0PLUS -D__USE_ROMDIVIDE -D__LPC84X__ -g3 -mcpu=cortex-m0 -mthumb -o "src/firmware/aeabi_romdiv_patch.o" "../src/firmware/aeabi_romdiv_patch.s"
arm-none-eabi-c++ -DDEBUG -D__CODE_RED -D__NEWLIB__ -DCORE_M0PLUS -D__MTB_BUFFER_SIZE=256 -D__USE_ROMDIVIDE -DCPP_USE_HEAP -D__LPC84X__ -I"/home/dioswilson1/colegio/Informatica2/LPC845-BRK/GPIO/src/01-PIN" -I"/home/dioswilson1/colegio/Informatica2/LPC845-BRK/GPIO/src" -I"/home/dioswilson1/colegio/Informatica2/LPC845-BRK/GPIO/src/02-Gpio" -I"/home/dioswilson1/colegio/Informatica2/LPC845-BRK/GPIO/src/application" -I"/home/dioswilson1/colegio/Informatica2/LPC845-BRK/GPIO/src/firmware" -O0 -fno-common -g3 -Wall -c -fmessage-length=0 -fno-builtin -ffunction-sections -fdata-sections -fno-rtti -fno-exceptions -fmerge-constants -fmacro-prefix-map="../src/firmware/"= -mcpu=cortex-m0 -mthumb -fstack-usage -MMD -MP -MF"src/firmware/cr_cpp_config.d" -MT"src/firmware/cr_cpp_config.o" -MT"src/firmware/cr_cpp_config.d" -o "src/firmware/cr_cpp_config.o" "../src/firmware/cr_cpp_config.cpp"
Building file: ../src/firmware/mtb.c
Invoking: MCU C++ Compiler
Invoking: MCU C Compiler
arm-none-eabi-c++ -DDEBUG -D__CODE_RED -D__NEWLIB__ -DCORE_M0PLUS -D__MTB_BUFFER_SIZE=256 -D__USE_ROMDIVIDE -DCPP_USE_HEAP -D__LPC84X__ -I"/home/dioswilson1/colegio/Informatica2/LPC845-BRK/GPIO/src/01-PIN" -I"/home/dioswilson1/colegio/Informatica2/LPC845-BRK/GPIO/src" -I"/home/dioswilson1/colegio/Informatica2/LPC845-BRK/GPIO/src/02-Gpio" -I"/home/dioswilson1/colegio/Informatica2/LPC845-BRK/GPIO/src/application" -I"/home/dioswilson1/colegio/Informatica2/LPC845-BRK/GPIO/src/firmware" -O0 -fno-common -g3 -Wall -c -fmessage-length=0 -fno-builtin -ffunction-sections -fdata-sections -fno-rtti -fno-exceptions -fmerge-constants -fmacro-prefix-map="../src/firmware/"= -mcpu=cortex-m0 -mthumb -fstack-usage -MMD -MP -MF"src/firmware/cr_startup_lpc84x.d" -MT"src/firmware/cr_startup_lpc84x.o" -MT"src/firmware/cr_startup_lpc84x.d" -o "src/firmware/cr_startup_lpc84x.o" "../src/firmware/cr_startup_lpc84x.cpp"
arm-none-eabi-gcc -DDEBUG -D__CODE_RED -D__NEWLIB__ -DCORE_M0PLUS -D__MTB_BUFFER_SIZE=256 -D__USE_ROMDIVIDE -DCPP_USE_HEAP -D__LPC84X__ -O0 -fno-common -g3 -Wall -c -fmessage-length=0 -fno-builtin -ffunction-sections -fdata-sections -fmerge-constants -fmacro-prefix-map="../src/firmware/"= -mcpu=cortex-m0 -mthumb -fstack-usage -MMD -MP -MF"src/firmware/crp.d" -MT"src/firmware/crp.o" -MT"src/firmware/crp.d" -o "src/firmware/crp.o" "../src/firmware/crp.c"
Building file: ../src/application/GPIOmain.cpp
Invoking: MCU C Compiler
arm-none-eabi-gcc -DDEBUG -D__CODE_RED -D__NEWLIB__ -DCORE_M0PLUS -D__MTB_BUFFER_SIZE=256 -D__USE_ROMDIVIDE -DCPP_USE_HEAP -D__LPC84X__ -O0 -fno-common -g3 -Wall -c -fmessage-length=0 -fno-builtin -ffunction-sections -fdata-sections -fmerge-constants -fmacro-prefix-map="../src/firmware/"= -mcpu=cortex-m0 -mthumb -fstack-usage -MMD -MP -MF"src/firmware/mtb.d" -MT"src/firmware/mtb.o" -MT"src/firmware/mtb.d" -o "src/firmware/mtb.o" "../src/firmware/mtb.c"
Invoking: MCU C++ Compiler
arm-none-eabi-c++ -DDEBUG -D__CODE_RED -D__NEWLIB__ -DCORE_M0PLUS -D__MTB_BUFFER_SIZE=256 -D__USE_ROMDIVIDE -DCPP_USE_HEAP -D__LPC84X__ -I"/home/dioswilson1/colegio/Informatica2/LPC845-BRK/GPIO/src/01-PIN" -I"/home/dioswilson1/colegio/Informatica2/LPC845-BRK/GPIO/src" -I"/home/dioswilson1/colegio/Informatica2/LPC845-BRK/GPIO/src/02-Gpio" -I"/home/dioswilson1/colegio/Informatica2/LPC845-BRK/GPIO/src/application" -I"/home/dioswilson1/colegio/Informatica2/LPC845-BRK/GPIO/src/firmware" -O0 -fno-common -g3 -Wall -c -fmessage-length=0 -fno-builtin -ffunction-sections -fdata-sections -fno-rtti -fno-exceptions -fmerge-constants -fmacro-prefix-map="../src/application/"= -mcpu=cortex-m0 -mthumb -fstack-usage -MMD -MP -MF"src/application/GPIOmain.d" -MT"src/application/GPIOmain.o" -MT"src/application/GPIOmain.d" -o "src/application/GPIOmain.o" "../src/application/GPIOmain.cpp"
Building file: ../src/02-Gpio/Gpio.cpp
Invoking: MCU C++ Compiler
arm-none-eabi-c++ -DDEBUG -D__CODE_RED -D__NEWLIB__ -DCORE_M0PLUS -D__MTB_BUFFER_SIZE=256 -D__USE_ROMDIVIDE -DCPP_USE_HEAP -D__LPC84X__ -I"/home/dioswilson1/colegio/Informatica2/LPC845-BRK/GPIO/src/01-PIN" -I"/home/dioswilson1/colegio/Informatica2/LPC845-BRK/GPIO/src" -I"/home/dioswilson1/colegio/Informatica2/LPC845-BRK/GPIO/src/02-Gpio" -I"/home/dioswilson1/colegio/Informatica2/LPC845-BRK/GPIO/src/application" -I"/home/dioswilson1/colegio/Informatica2/LPC845-BRK/GPIO/src/firmware" -O0 -fno-common -g3 -Wall -c -fmessage-length=0 -fno-builtin -ffunction-sections -fdata-sections -fno-rtti -fno-exceptions -fmerge-constants -fmacro-prefix-map="../src/02-Gpio/"= -mcpu=cortex-m0 -mthumb -fstack-usage -MMD -MP -MF"src/02-Gpio/Gpio.d" -MT"src/02-Gpio/Gpio.o" -MT"src/02-Gpio/Gpio.d" -o "src/02-Gpio/Gpio.o" "../src/02-Gpio/Gpio.cpp"
Finished building: ../src/firmware/crp.c
Finished building: ../src/firmware/mtb.c
 
 
Finished building: ../src/firmware/aeabi_romdiv_patch.s
 
../src/application/GPIOmain.cpp: In function 'int main()':
../src/application/GPIOmain.cpp:38:2: error: 'greenLed' was not declared in this scope; did you mean 'greenLED'?
   38 |  greenLed.clrPin();
      |  ^~~~~~~~
      |  greenLED
../src/application/GPIOmain.cpp:39:2: error: 'blueLed' was not declared in this scope; did you mean 'blueLED'?
   39 |  blueLed.clrPin();
      |  ^~~~~~~
      |  blueLED
../src/application/GPIOmain.cpp:40:2: error: 'redLed' was not declared in this scope; did you mean 'redLED'?
   40 |  redLed.clrPin();
      |  ^~~~~~
      |  redLED
../src/application/GPIOmain.cpp:43:6: error: 'usetSwitch' was not declared in this scope; did you mean 'userSwitch'?
   43 |   if(usetSwitch.getPin()){
      |      ^~~~~~~~~~
      |      userSwitch
../src/application/GPIOmain.cpp:47:12: error: 'class Gpio' has no member named 'clrPIN'; did you mean 'clrPin'?
   47 |    blueLED.clrPIN();
      |            ^~~~~~
      |            clrPin
make[1]: *** [src/application/subdir.mk:20: src/application/GPIOmain.o] Error 1
make[1]: *** Waiting for unfinished jobs....
../src/02-Gpio/Gpio.cpp: In member function 'virtual uint8_t Gpio::getPin()':
../src/02-Gpio/Gpio.cpp:45:9: warning: suggest parentheses around comparison in operand of '&' [-Wparentheses]
   45 |    valor!=(GPIO->PIN[this->port] >> this->bit) & 1;
      |    ~~~~~^~~~~~~~~~~~~~~~~~~~~~~~~~~~~~~~~~~~~~
../src/02-Gpio/Gpio.cpp:45:48: warning: value computed is not used [-Wunused-value]
   45 |    valor!=(GPIO->PIN[this->port] >> this->bit) & 1;
      |    ~~~~~~~~~~~~~~~~~~~~~~~~~~~~~~~~~~~~~~~~~~~~^~~
../src/02-Gpio/Gpio.cpp: In member function 'virtual uint8_t Gpio::setPinMode()':
../src/02-Gpio/Gpio.cpp:55:1: warning: no return statement in function returning non-void [-Wreturn-type]
   55 | }
      | ^
../src/02-Gpio/Gpio.cpp: In member function 'virtual uint8_t Gpio::setPinResistor()':
../src/02-Gpio/Gpio.cpp:59:1: warning: no return statement in function returning non-void [-Wreturn-type]
   59 | }
      | ^
Finished building: ../src/firmware/cr_startup_lpc84x.cpp
../src/02-Gpio/Gpio.cpp: In member function 'virtual uint8_t Gpio::setTogglePin()':
 
../src/02-Gpio/Gpio.cpp:90:1: warning: no return statement in function returning non-void [-Wreturn-type]
   90 | }
      | ^
Finished building: ../src/firmware/cr_cpp_config.cpp
 
Finished building: ../src/02-Gpio/Gpio.cpp
 
make: *** [makefile:52: all] Error 2
"make -r -j8 all" terminated with exit code 2. Build might be incomplete.
20:17:38 **** Clean-only build of configuration Debug for project GPIO ****
make -r -j8 clean 
rm -rf ./src/firmware/aeabi_romdiv_patch.o ./src/firmware/cr_cpp_config.d ./src/firmware/cr_cpp_config.o ./src/firmware/cr_startup_lpc84x.d ./src/firmware/cr_startup_lpc84x.o ./src/firmware/crp.d ./src/firmware/crp.o ./src/firmware/mtb.d ./src/firmware/mtb.o
rm -rf ./src/application/GPIOmain.d ./src/application/GPIOmain.o
rm -rf ./src/02-Gpio/Gpio.d ./src/02-Gpio/Gpio.o
rm -rf GPIO.axf
 
20:17:39 **** Build of configuration Debug for project GPIO ****
make -r -j8 all 
Building file: ../src/firmware/aeabi_romdiv_patch.s
Building file: ../src/firmware/cr_cpp_config.cpp
Building file: ../src/firmware/cr_startup_lpc84x.cpp
Invoking: MCU Assembler
Building file: ../src/firmware/crp.c
Invoking: MCU C++ Compiler
arm-none-eabi-gcc -c -x assembler-with-cpp -D__NEWLIB__ -DDEBUG -D__CODE_RED -DCORE_M0PLUS -D__USE_ROMDIVIDE -D__LPC84X__ -g3 -mcpu=cortex-m0 -mthumb -o "src/firmware/aeabi_romdiv_patch.o" "../src/firmware/aeabi_romdiv_patch.s"
Invoking: MCU C++ Compiler
arm-none-eabi-c++ -DDEBUG -D__CODE_RED -D__NEWLIB__ -DCORE_M0PLUS -D__MTB_BUFFER_SIZE=256 -D__USE_ROMDIVIDE -DCPP_USE_HEAP -D__LPC84X__ -I"/home/dioswilson1/colegio/Informatica2/LPC845-BRK/GPIO/src/01-PIN" -I"/home/dioswilson1/colegio/Informatica2/LPC845-BRK/GPIO/src" -I"/home/dioswilson1/colegio/Informatica2/LPC845-BRK/GPIO/src/02-Gpio" -I"/home/dioswilson1/colegio/Informatica2/LPC845-BRK/GPIO/src/application" -I"/home/dioswilson1/colegio/Informatica2/LPC845-BRK/GPIO/src/firmware" -O0 -fno-common -g3 -Wall -c -fmessage-length=0 -fno-builtin -ffunction-sections -fdata-sections -fno-rtti -fno-exceptions -fmerge-constants -fmacro-prefix-map="../src/firmware/"= -mcpu=cortex-m0 -mthumb -fstack-usage -MMD -MP -MF"src/firmware/cr_cpp_config.d" -MT"src/firmware/cr_cpp_config.o" -MT"src/firmware/cr_cpp_config.d" -o "src/firmware/cr_cpp_config.o" "../src/firmware/cr_cpp_config.cpp"
Building file: ../src/firmware/mtb.c
arm-none-eabi-c++ -DDEBUG -D__CODE_RED -D__NEWLIB__ -DCORE_M0PLUS -D__MTB_BUFFER_SIZE=256 -D__USE_ROMDIVIDE -DCPP_USE_HEAP -D__LPC84X__ -I"/home/dioswilson1/colegio/Informatica2/LPC845-BRK/GPIO/src/01-PIN" -I"/home/dioswilson1/colegio/Informatica2/LPC845-BRK/GPIO/src" -I"/home/dioswilson1/colegio/Informatica2/LPC845-BRK/GPIO/src/02-Gpio" -I"/home/dioswilson1/colegio/Informatica2/LPC845-BRK/GPIO/src/application" -I"/home/dioswilson1/colegio/Informatica2/LPC845-BRK/GPIO/src/firmware" -O0 -fno-common -g3 -Wall -c -fmessage-length=0 -fno-builtin -ffunction-sections -fdata-sections -fno-rtti -fno-exceptions -fmerge-constants -fmacro-prefix-map="../src/firmware/"= -mcpu=cortex-m0 -mthumb -fstack-usage -MMD -MP -MF"src/firmware/cr_startup_lpc84x.d" -MT"src/firmware/cr_startup_lpc84x.o" -MT"src/firmware/cr_startup_lpc84x.d" -o "src/firmware/cr_startup_lpc84x.o" "../src/firmware/cr_startup_lpc84x.cpp"
Invoking: MCU C Compiler
arm-none-eabi-gcc -DDEBUG -D__CODE_RED -D__NEWLIB__ -DCORE_M0PLUS -D__MTB_BUFFER_SIZE=256 -D__USE_ROMDIVIDE -DCPP_USE_HEAP -D__LPC84X__ -O0 -fno-common -g3 -Wall -c -fmessage-length=0 -fno-builtin -ffunction-sections -fdata-sections -fmerge-constants -fmacro-prefix-map="../src/firmware/"= -mcpu=cortex-m0 -mthumb -fstack-usage -MMD -MP -MF"src/firmware/crp.d" -MT"src/firmware/crp.o" -MT"src/firmware/crp.d" -o "src/firmware/crp.o" "../src/firmware/crp.c"
Invoking: MCU C Compiler
Building file: ../src/application/GPIOmain.cpp
arm-none-eabi-gcc -DDEBUG -D__CODE_RED -D__NEWLIB__ -DCORE_M0PLUS -D__MTB_BUFFER_SIZE=256 -D__USE_ROMDIVIDE -DCPP_USE_HEAP -D__LPC84X__ -O0 -fno-common -g3 -Wall -c -fmessage-length=0 -fno-builtin -ffunction-sections -fdata-sections -fmerge-constants -fmacro-prefix-map="../src/firmware/"= -mcpu=cortex-m0 -mthumb -fstack-usage -MMD -MP -MF"src/firmware/mtb.d" -MT"src/firmware/mtb.o" -MT"src/firmware/mtb.d" -o "src/firmware/mtb.o" "../src/firmware/mtb.c"
Building file: ../src/02-Gpio/Gpio.cpp
Invoking: MCU C++ Compiler
arm-none-eabi-c++ -DDEBUG -D__CODE_RED -D__NEWLIB__ -DCORE_M0PLUS -D__MTB_BUFFER_SIZE=256 -D__USE_ROMDIVIDE -DCPP_USE_HEAP -D__LPC84X__ -I"/home/dioswilson1/colegio/Informatica2/LPC845-BRK/GPIO/src/01-PIN" -I"/home/dioswilson1/colegio/Informatica2/LPC845-BRK/GPIO/src" -I"/home/dioswilson1/colegio/Informatica2/LPC845-BRK/GPIO/src/02-Gpio" -I"/home/dioswilson1/colegio/Informatica2/LPC845-BRK/GPIO/src/application" -I"/home/dioswilson1/colegio/Informatica2/LPC845-BRK/GPIO/src/firmware" -O0 -fno-common -g3 -Wall -c -fmessage-length=0 -fno-builtin -ffunction-sections -fdata-sections -fno-rtti -fno-exceptions -fmerge-constants -fmacro-prefix-map="../src/application/"= -mcpu=cortex-m0 -mthumb -fstack-usage -MMD -MP -MF"src/application/GPIOmain.d" -MT"src/application/GPIOmain.o" -MT"src/application/GPIOmain.d" -o "src/application/GPIOmain.o" "../src/application/GPIOmain.cpp"
Invoking: MCU C++ Compiler
arm-none-eabi-c++ -DDEBUG -D__CODE_RED -D__NEWLIB__ -DCORE_M0PLUS -D__MTB_BUFFER_SIZE=256 -D__USE_ROMDIVIDE -DCPP_USE_HEAP -D__LPC84X__ -I"/home/dioswilson1/colegio/Informatica2/LPC845-BRK/GPIO/src/01-PIN" -I"/home/dioswilson1/colegio/Informatica2/LPC845-BRK/GPIO/src" -I"/home/dioswilson1/colegio/Informatica2/LPC845-BRK/GPIO/src/02-Gpio" -I"/home/dioswilson1/colegio/Informatica2/LPC845-BRK/GPIO/src/application" -I"/home/dioswilson1/colegio/Informatica2/LPC845-BRK/GPIO/src/firmware" -O0 -fno-common -g3 -Wall -c -fmessage-length=0 -fno-builtin -ffunction-sections -fdata-sections -fno-rtti -fno-exceptions -fmerge-constants -fmacro-prefix-map="../src/02-Gpio/"= -mcpu=cortex-m0 -mthumb -fstack-usage -MMD -MP -MF"src/02-Gpio/Gpio.d" -MT"src/02-Gpio/Gpio.o" -MT"src/02-Gpio/Gpio.d" -o "src/02-Gpio/Gpio.o" "../src/02-Gpio/Gpio.cpp"
Finished building: ../src/firmware/aeabi_romdiv_patch.s
../src/application/GPIOmain.cpp: In function 'int main()':
 
../src/application/GPIOmain.cpp:43:6: error: 'usetSwitch' was not declared in this scope; did you mean 'userSwitch'?
   43 |   if(usetSwitch.getPin()){
      |      ^~~~~~~~~~
Finished building: ../src/firmware/crp.c
      |      userSwitch
 
../src/application/GPIOmain.cpp:47:12: error: 'class Gpio' has no member named 'clrPIN'; did you mean 'clrPin'?
Finished building: ../src/firmware/mtb.c
 
   47 |    blueLED.clrPIN();
      |            ^~~~~~
      |            clrPin
make[1]: *** [src/application/subdir.mk:20: src/application/GPIOmain.o] Error 1
make[1]: *** Waiting for unfinished jobs....
../src/02-Gpio/Gpio.cpp: In member function 'virtual uint8_t Gpio::getPin()':
../src/02-Gpio/Gpio.cpp:45:9: warning: suggest parentheses around comparison in operand of '&' [-Wparentheses]
   45 |    valor!=(GPIO->PIN[this->port] >> this->bit) & 1;
      |    ~~~~~^~~~~~~~~~~~~~~~~~~~~~~~~~~~~~~~~~~~~~
../src/02-Gpio/Gpio.cpp:45:48: warning: value computed is not used [-Wunused-value]
   45 |    valor!=(GPIO->PIN[this->port] >> this->bit) & 1;
      |    ~~~~~~~~~~~~~~~~~~~~~~~~~~~~~~~~~~~~~~~~~~~~^~~
../src/02-Gpio/Gpio.cpp: In member function 'virtual uint8_t Gpio::setPinMode()':
../src/02-Gpio/Gpio.cpp:55:1: warning: no return statement in function returning non-void [-Wreturn-type]
   55 | }
      | ^
../src/02-Gpio/Gpio.cpp: In member function 'virtual uint8_t Gpio::setPinResistor()':
Finished building: ../src/firmware/cr_startup_lpc84x.cpp
../src/02-Gpio/Gpio.cpp:59:1: warning: no return statement in function returning non-void [-Wreturn-type]
 
   59 | }
      | ^
../src/02-Gpio/Gpio.cpp: In member function 'virtual uint8_t Gpio::setTogglePin()':
../src/02-Gpio/Gpio.cpp:90:1: warning: no return statement in function returning non-void [-Wreturn-type]
   90 | }
      | ^
Finished building: ../src/firmware/cr_cpp_config.cpp
 
Finished building: ../src/02-Gpio/Gpio.cpp
 
make: *** [makefile:52: all] Error 2
"make -r -j8 all" terminated with exit code 2. Build might be incomplete.
20:18:17 **** Clean-only build of configuration Debug for project GPIO ****
make -r -j8 clean 
rm -rf ./src/firmware/aeabi_romdiv_patch.o ./src/firmware/cr_cpp_config.d ./src/firmware/cr_cpp_config.o ./src/firmware/cr_startup_lpc84x.d ./src/firmware/cr_startup_lpc84x.o ./src/firmware/crp.d ./src/firmware/crp.o ./src/firmware/mtb.d ./src/firmware/mtb.o
rm -rf ./src/application/GPIOmain.d ./src/application/GPIOmain.o
rm -rf ./src/02-Gpio/Gpio.d ./src/02-Gpio/Gpio.o
rm -rf GPIO.axf
 
20:18:18 **** Build of configuration Debug for project GPIO ****
make -r -j8 all 
Building file: ../src/firmware/aeabi_romdiv_patch.s
Building file: ../src/firmware/cr_cpp_config.cpp
Building file: ../src/firmware/cr_startup_lpc84x.cpp
Invoking: MCU Assembler
Building file: ../src/firmware/crp.c
arm-none-eabi-gcc -c -x assembler-with-cpp -D__NEWLIB__ -DDEBUG -D__CODE_RED -DCORE_M0PLUS -D__USE_ROMDIVIDE -D__LPC84X__ -g3 -mcpu=cortex-m0 -mthumb -o "src/firmware/aeabi_romdiv_patch.o" "../src/firmware/aeabi_romdiv_patch.s"
Invoking: MCU C++ Compiler
Invoking: MCU C++ Compiler
arm-none-eabi-c++ -DDEBUG -D__CODE_RED -D__NEWLIB__ -DCORE_M0PLUS -D__MTB_BUFFER_SIZE=256 -D__USE_ROMDIVIDE -DCPP_USE_HEAP -D__LPC84X__ -I"/home/dioswilson1/colegio/Informatica2/LPC845-BRK/GPIO/src/01-PIN" -I"/home/dioswilson1/colegio/Informatica2/LPC845-BRK/GPIO/src" -I"/home/dioswilson1/colegio/Informatica2/LPC845-BRK/GPIO/src/02-Gpio" -I"/home/dioswilson1/colegio/Informatica2/LPC845-BRK/GPIO/src/application" -I"/home/dioswilson1/colegio/Informatica2/LPC845-BRK/GPIO/src/firmware" -O0 -fno-common -g3 -Wall -c -fmessage-length=0 -fno-builtin -ffunction-sections -fdata-sections -fno-rtti -fno-exceptions -fmerge-constants -fmacro-prefix-map="../src/firmware/"= -mcpu=cortex-m0 -mthumb -fstack-usage -MMD -MP -MF"src/firmware/cr_cpp_config.d" -MT"src/firmware/cr_cpp_config.o" -MT"src/firmware/cr_cpp_config.d" -o "src/firmware/cr_cpp_config.o" "../src/firmware/cr_cpp_config.cpp"
Building file: ../src/firmware/mtb.c
arm-none-eabi-c++ -DDEBUG -D__CODE_RED -D__NEWLIB__ -DCORE_M0PLUS -D__MTB_BUFFER_SIZE=256 -D__USE_ROMDIVIDE -DCPP_USE_HEAP -D__LPC84X__ -I"/home/dioswilson1/colegio/Informatica2/LPC845-BRK/GPIO/src/01-PIN" -I"/home/dioswilson1/colegio/Informatica2/LPC845-BRK/GPIO/src" -I"/home/dioswilson1/colegio/Informatica2/LPC845-BRK/GPIO/src/02-Gpio" -I"/home/dioswilson1/colegio/Informatica2/LPC845-BRK/GPIO/src/application" -I"/home/dioswilson1/colegio/Informatica2/LPC845-BRK/GPIO/src/firmware" -O0 -fno-common -g3 -Wall -c -fmessage-length=0 -fno-builtin -ffunction-sections -fdata-sections -fno-rtti -fno-exceptions -fmerge-constants -fmacro-prefix-map="../src/firmware/"= -mcpu=cortex-m0 -mthumb -fstack-usage -MMD -MP -MF"src/firmware/cr_startup_lpc84x.d" -MT"src/firmware/cr_startup_lpc84x.o" -MT"src/firmware/cr_startup_lpc84x.d" -o "src/firmware/cr_startup_lpc84x.o" "../src/firmware/cr_startup_lpc84x.cpp"
Invoking: MCU C Compiler
arm-none-eabi-gcc -DDEBUG -D__CODE_RED -D__NEWLIB__ -DCORE_M0PLUS -D__MTB_BUFFER_SIZE=256 -D__USE_ROMDIVIDE -DCPP_USE_HEAP -D__LPC84X__ -O0 -fno-common -g3 -Wall -c -fmessage-length=0 -fno-builtin -ffunction-sections -fdata-sections -fmerge-constants -fmacro-prefix-map="../src/firmware/"= -mcpu=cortex-m0 -mthumb -fstack-usage -MMD -MP -MF"src/firmware/crp.d" -MT"src/firmware/crp.o" -MT"src/firmware/crp.d" -o "src/firmware/crp.o" "../src/firmware/crp.c"
Invoking: MCU C Compiler
Building file: ../src/application/GPIOmain.cpp
arm-none-eabi-gcc -DDEBUG -D__CODE_RED -D__NEWLIB__ -DCORE_M0PLUS -D__MTB_BUFFER_SIZE=256 -D__USE_ROMDIVIDE -DCPP_USE_HEAP -D__LPC84X__ -O0 -fno-common -g3 -Wall -c -fmessage-length=0 -fno-builtin -ffunction-sections -fdata-sections -fmerge-constants -fmacro-prefix-map="../src/firmware/"= -mcpu=cortex-m0 -mthumb -fstack-usage -MMD -MP -MF"src/firmware/mtb.d" -MT"src/firmware/mtb.o" -MT"src/firmware/mtb.d" -o "src/firmware/mtb.o" "../src/firmware/mtb.c"
Building file: ../src/02-Gpio/Gpio.cpp
Invoking: MCU C++ Compiler
arm-none-eabi-c++ -DDEBUG -D__CODE_RED -D__NEWLIB__ -DCORE_M0PLUS -D__MTB_BUFFER_SIZE=256 -D__USE_ROMDIVIDE -DCPP_USE_HEAP -D__LPC84X__ -I"/home/dioswilson1/colegio/Informatica2/LPC845-BRK/GPIO/src/01-PIN" -I"/home/dioswilson1/colegio/Informatica2/LPC845-BRK/GPIO/src" -I"/home/dioswilson1/colegio/Informatica2/LPC845-BRK/GPIO/src/02-Gpio" -I"/home/dioswilson1/colegio/Informatica2/LPC845-BRK/GPIO/src/application" -I"/home/dioswilson1/colegio/Informatica2/LPC845-BRK/GPIO/src/firmware" -O0 -fno-common -g3 -Wall -c -fmessage-length=0 -fno-builtin -ffunction-sections -fdata-sections -fno-rtti -fno-exceptions -fmerge-constants -fmacro-prefix-map="../src/application/"= -mcpu=cortex-m0 -mthumb -fstack-usage -MMD -MP -MF"src/application/GPIOmain.d" -MT"src/application/GPIOmain.o" -MT"src/application/GPIOmain.d" -o "src/application/GPIOmain.o" "../src/application/GPIOmain.cpp"
Invoking: MCU C++ Compiler
arm-none-eabi-c++ -DDEBUG -D__CODE_RED -D__NEWLIB__ -DCORE_M0PLUS -D__MTB_BUFFER_SIZE=256 -D__USE_ROMDIVIDE -DCPP_USE_HEAP -D__LPC84X__ -I"/home/dioswilson1/colegio/Informatica2/LPC845-BRK/GPIO/src/01-PIN" -I"/home/dioswilson1/colegio/Informatica2/LPC845-BRK/GPIO/src" -I"/home/dioswilson1/colegio/Informatica2/LPC845-BRK/GPIO/src/02-Gpio" -I"/home/dioswilson1/colegio/Informatica2/LPC845-BRK/GPIO/src/application" -I"/home/dioswilson1/colegio/Informatica2/LPC845-BRK/GPIO/src/firmware" -O0 -fno-common -g3 -Wall -c -fmessage-length=0 -fno-builtin -ffunction-sections -fdata-sections -fno-rtti -fno-exceptions -fmerge-constants -fmacro-prefix-map="../src/02-Gpio/"= -mcpu=cortex-m0 -mthumb -fstack-usage -MMD -MP -MF"src/02-Gpio/Gpio.d" -MT"src/02-Gpio/Gpio.o" -MT"src/02-Gpio/Gpio.d" -o "src/02-Gpio/Gpio.o" "../src/02-Gpio/Gpio.cpp"
Finished building: ../src/firmware/aeabi_romdiv_patch.s
 
Finished building: ../src/firmware/mtb.c
 
../src/application/GPIOmain.cpp: In function 'int main()':
Finished building: ../src/firmware/crp.c
../src/application/GPIOmain.cpp:47:12: error: 'class Gpio' has no member named 'clrPIN'; did you mean 'clrPin'?
   47 |    blueLED.clrPIN();
      |            ^~~~~~
 
      |            clrPin
make[1]: *** [src/application/subdir.mk:20: src/application/GPIOmain.o] Error 1
make[1]: *** Waiting for unfinished jobs....
../src/02-Gpio/Gpio.cpp: In member function 'virtual uint8_t Gpio::getPin()':
../src/02-Gpio/Gpio.cpp:45:9: warning: suggest parentheses around comparison in operand of '&' [-Wparentheses]
   45 |    valor!=(GPIO->PIN[this->port] >> this->bit) & 1;
      |    ~~~~~^~~~~~~~~~~~~~~~~~~~~~~~~~~~~~~~~~~~~~
../src/02-Gpio/Gpio.cpp:45:48: warning: value computed is not used [-Wunused-value]
   45 |    valor!=(GPIO->PIN[this->port] >> this->bit) & 1;
      |    ~~~~~~~~~~~~~~~~~~~~~~~~~~~~~~~~~~~~~~~~~~~~^~~
../src/02-Gpio/Gpio.cpp: In member function 'virtual uint8_t Gpio::setPinMode()':
../src/02-Gpio/Gpio.cpp:55:1: warning: no return statement in function returning non-void [-Wreturn-type]
   55 | }
      | ^
../src/02-Gpio/Gpio.cpp: In member function 'virtual uint8_t Gpio::setPinResistor()':
../src/02-Gpio/Gpio.cpp:59:1: warning: no return statement in function returning non-void [-Wreturn-type]
   59 | }
      | ^
../src/02-Gpio/Gpio.cpp: In member function 'virtual uint8_t Gpio::setTogglePin()':
../src/02-Gpio/Gpio.cpp:90:1: warning: no return statement in function returning non-void [-Wreturn-type]
   90 | }
      | ^
Finished building: ../src/firmware/cr_startup_lpc84x.cpp
 
Finished building: ../src/firmware/cr_cpp_config.cpp
 
Finished building: ../src/02-Gpio/Gpio.cpp
 
make: *** [makefile:52: all] Error 2
"make -r -j8 all" terminated with exit code 2. Build might be incomplete.
20:18:27 **** Clean-only build of configuration Debug for project GPIO ****
make -r -j8 clean 
rm -rf ./src/firmware/aeabi_romdiv_patch.o ./src/firmware/cr_cpp_config.d ./src/firmware/cr_cpp_config.o ./src/firmware/cr_startup_lpc84x.d ./src/firmware/cr_startup_lpc84x.o ./src/firmware/crp.d ./src/firmware/crp.o ./src/firmware/mtb.d ./src/firmware/mtb.o
rm -rf ./src/application/GPIOmain.d ./src/application/GPIOmain.o
rm -rf ./src/02-Gpio/Gpio.d ./src/02-Gpio/Gpio.o
rm -rf GPIO.axf
 
20:18:29 **** Build of configuration Debug for project GPIO ****
make -r -j8 all 
Building file: ../src/firmware/aeabi_romdiv_patch.s
Building file: ../src/firmware/cr_cpp_config.cpp
Building file: ../src/firmware/cr_startup_lpc84x.cpp
Invoking: MCU Assembler
arm-none-eabi-gcc -c -x assembler-with-cpp -D__NEWLIB__ -DDEBUG -D__CODE_RED -DCORE_M0PLUS -D__USE_ROMDIVIDE -D__LPC84X__ -g3 -mcpu=cortex-m0 -mthumb -o "src/firmware/aeabi_romdiv_patch.o" "../src/firmware/aeabi_romdiv_patch.s"
Building file: ../src/firmware/crp.c
Invoking: MCU C++ Compiler
Invoking: MCU C++ Compiler
arm-none-eabi-c++ -DDEBUG -D__CODE_RED -D__NEWLIB__ -DCORE_M0PLUS -D__MTB_BUFFER_SIZE=256 -D__USE_ROMDIVIDE -DCPP_USE_HEAP -D__LPC84X__ -I"/home/dioswilson1/colegio/Informatica2/LPC845-BRK/GPIO/src/01-PIN" -I"/home/dioswilson1/colegio/Informatica2/LPC845-BRK/GPIO/src" -I"/home/dioswilson1/colegio/Informatica2/LPC845-BRK/GPIO/src/02-Gpio" -I"/home/dioswilson1/colegio/Informatica2/LPC845-BRK/GPIO/src/application" -I"/home/dioswilson1/colegio/Informatica2/LPC845-BRK/GPIO/src/firmware" -O0 -fno-common -g3 -Wall -c -fmessage-length=0 -fno-builtin -ffunction-sections -fdata-sections -fno-rtti -fno-exceptions -fmerge-constants -fmacro-prefix-map="../src/firmware/"= -mcpu=cortex-m0 -mthumb -fstack-usage -MMD -MP -MF"src/firmware/cr_cpp_config.d" -MT"src/firmware/cr_cpp_config.o" -MT"src/firmware/cr_cpp_config.d" -o "src/firmware/cr_cpp_config.o" "../src/firmware/cr_cpp_config.cpp"
arm-none-eabi-c++ -DDEBUG -D__CODE_RED -D__NEWLIB__ -DCORE_M0PLUS -D__MTB_BUFFER_SIZE=256 -D__USE_ROMDIVIDE -DCPP_USE_HEAP -D__LPC84X__ -I"/home/dioswilson1/colegio/Informatica2/LPC845-BRK/GPIO/src/01-PIN" -I"/home/dioswilson1/colegio/Informatica2/LPC845-BRK/GPIO/src" -I"/home/dioswilson1/colegio/Informatica2/LPC845-BRK/GPIO/src/02-Gpio" -I"/home/dioswilson1/colegio/Informatica2/LPC845-BRK/GPIO/src/application" -I"/home/dioswilson1/colegio/Informatica2/LPC845-BRK/GPIO/src/firmware" -O0 -fno-common -g3 -Wall -c -fmessage-length=0 -fno-builtin -ffunction-sections -fdata-sections -fno-rtti -fno-exceptions -fmerge-constants -fmacro-prefix-map="../src/firmware/"= -mcpu=cortex-m0 -mthumb -fstack-usage -MMD -MP -MF"src/firmware/cr_startup_lpc84x.d" -MT"src/firmware/cr_startup_lpc84x.o" -MT"src/firmware/cr_startup_lpc84x.d" -o "src/firmware/cr_startup_lpc84x.o" "../src/firmware/cr_startup_lpc84x.cpp"
Building file: ../src/firmware/mtb.c
Invoking: MCU C Compiler
arm-none-eabi-gcc -DDEBUG -D__CODE_RED -D__NEWLIB__ -DCORE_M0PLUS -D__MTB_BUFFER_SIZE=256 -D__USE_ROMDIVIDE -DCPP_USE_HEAP -D__LPC84X__ -O0 -fno-common -g3 -Wall -c -fmessage-length=0 -fno-builtin -ffunction-sections -fdata-sections -fmerge-constants -fmacro-prefix-map="../src/firmware/"= -mcpu=cortex-m0 -mthumb -fstack-usage -MMD -MP -MF"src/firmware/crp.d" -MT"src/firmware/crp.o" -MT"src/firmware/crp.d" -o "src/firmware/crp.o" "../src/firmware/crp.c"
Building file: ../src/application/GPIOmain.cpp
Invoking: MCU C Compiler
arm-none-eabi-gcc -DDEBUG -D__CODE_RED -D__NEWLIB__ -DCORE_M0PLUS -D__MTB_BUFFER_SIZE=256 -D__USE_ROMDIVIDE -DCPP_USE_HEAP -D__LPC84X__ -O0 -fno-common -g3 -Wall -c -fmessage-length=0 -fno-builtin -ffunction-sections -fdata-sections -fmerge-constants -fmacro-prefix-map="../src/firmware/"= -mcpu=cortex-m0 -mthumb -fstack-usage -MMD -MP -MF"src/firmware/mtb.d" -MT"src/firmware/mtb.o" -MT"src/firmware/mtb.d" -o "src/firmware/mtb.o" "../src/firmware/mtb.c"
Building file: ../src/02-Gpio/Gpio.cpp
Invoking: MCU C++ Compiler
arm-none-eabi-c++ -DDEBUG -D__CODE_RED -D__NEWLIB__ -DCORE_M0PLUS -D__MTB_BUFFER_SIZE=256 -D__USE_ROMDIVIDE -DCPP_USE_HEAP -D__LPC84X__ -I"/home/dioswilson1/colegio/Informatica2/LPC845-BRK/GPIO/src/01-PIN" -I"/home/dioswilson1/colegio/Informatica2/LPC845-BRK/GPIO/src" -I"/home/dioswilson1/colegio/Informatica2/LPC845-BRK/GPIO/src/02-Gpio" -I"/home/dioswilson1/colegio/Informatica2/LPC845-BRK/GPIO/src/application" -I"/home/dioswilson1/colegio/Informatica2/LPC845-BRK/GPIO/src/firmware" -O0 -fno-common -g3 -Wall -c -fmessage-length=0 -fno-builtin -ffunction-sections -fdata-sections -fno-rtti -fno-exceptions -fmerge-constants -fmacro-prefix-map="../src/application/"= -mcpu=cortex-m0 -mthumb -fstack-usage -MMD -MP -MF"src/application/GPIOmain.d" -MT"src/application/GPIOmain.o" -MT"src/application/GPIOmain.d" -o "src/application/GPIOmain.o" "../src/application/GPIOmain.cpp"
Invoking: MCU C++ Compiler
arm-none-eabi-c++ -DDEBUG -D__CODE_RED -D__NEWLIB__ -DCORE_M0PLUS -D__MTB_BUFFER_SIZE=256 -D__USE_ROMDIVIDE -DCPP_USE_HEAP -D__LPC84X__ -I"/home/dioswilson1/colegio/Informatica2/LPC845-BRK/GPIO/src/01-PIN" -I"/home/dioswilson1/colegio/Informatica2/LPC845-BRK/GPIO/src" -I"/home/dioswilson1/colegio/Informatica2/LPC845-BRK/GPIO/src/02-Gpio" -I"/home/dioswilson1/colegio/Informatica2/LPC845-BRK/GPIO/src/application" -I"/home/dioswilson1/colegio/Informatica2/LPC845-BRK/GPIO/src/firmware" -O0 -fno-common -g3 -Wall -c -fmessage-length=0 -fno-builtin -ffunction-sections -fdata-sections -fno-rtti -fno-exceptions -fmerge-constants -fmacro-prefix-map="../src/02-Gpio/"= -mcpu=cortex-m0 -mthumb -fstack-usage -MMD -MP -MF"src/02-Gpio/Gpio.d" -MT"src/02-Gpio/Gpio.o" -MT"src/02-Gpio/Gpio.d" -o "src/02-Gpio/Gpio.o" "../src/02-Gpio/Gpio.cpp"
Finished building: ../src/firmware/aeabi_romdiv_patch.s
 
Finished building: ../src/firmware/crp.c
 
../src/02-Gpio/Gpio.cpp: In member function 'virtual uint8_t Gpio::getPin()':
../src/02-Gpio/Gpio.cpp:45:9: warning: suggest parentheses around comparison in operand of '&' [-Wparentheses]
   45 |    valor!=(GPIO->PIN[this->port] >> this->bit) & 1;
      |    ~~~~~^~~~~~~~~~~~~~~~~~~~~~~~~~~~~~~~~~~~~~
Finished building: ../src/firmware/mtb.c
../src/02-Gpio/Gpio.cpp:45:48: warning: value computed is not used [-Wunused-value]
 
   45 |    valor!=(GPIO->PIN[this->port] >> this->bit) & 1;
      |    ~~~~~~~~~~~~~~~~~~~~~~~~~~~~~~~~~~~~~~~~~~~~^~~
../src/02-Gpio/Gpio.cpp: In member function 'virtual uint8_t Gpio::setPinMode()':
../src/02-Gpio/Gpio.cpp:55:1: warning: no return statement in function returning non-void [-Wreturn-type]
   55 | }
      | ^
../src/02-Gpio/Gpio.cpp: In member function 'virtual uint8_t Gpio::setPinResistor()':
../src/02-Gpio/Gpio.cpp:59:1: warning: no return statement in function returning non-void [-Wreturn-type]
   59 | }
      | ^
../src/02-Gpio/Gpio.cpp: In member function 'virtual uint8_t Gpio::setTogglePin()':
../src/02-Gpio/Gpio.cpp:90:1: warning: no return statement in function returning non-void [-Wreturn-type]
   90 | }
      | ^
Finished building: ../src/firmware/cr_startup_lpc84x.cpp
 
Finished building: ../src/application/GPIOmain.cpp
 
Finished building: ../src/firmware/cr_cpp_config.cpp
 
Finished building: ../src/02-Gpio/Gpio.cpp
 
Building target: GPIO.axf
Invoking: MCU C++ Linker
arm-none-eabi-c++ -nostdlib -Xlinker -Map="GPIO.map" -Xlinker --cref -Xlinker --gc-sections -Xlinker -print-memory-usage -mcpu=cortex-m0 -mthumb -T GPIO_Debug.ld -o "GPIO.axf"  ./src/firmware/aeabi_romdiv_patch.o ./src/firmware/cr_cpp_config.o ./src/firmware/cr_startup_lpc84x.o ./src/firmware/crp.o ./src/firmware/mtb.o  ./src/application/GPIOmain.o  ./src/02-Gpio/Gpio.o   
/opt/mcuxpresso-ide/ide/plugins/com.nxp.mcuxpresso.tools.linux_11.7.1.202301190959/tools/bin/../lib/gcc/arm-none-eabi/10.3.1/../../../../arm-none-eabi/bin/ld: ./src/02-Gpio/Gpio.o: in function `Gpio::Gpio(Gpio::port_t, unsigned char, unsigned char, Gpio::direction_t, Gpio::activity_t)':
/home/dioswilson1/colegio/Informatica2/LPC845-BRK/GPIO/Debug/../src/02-Gpio/Gpio.cpp:4: undefined reference to `Input::Input()'
Memory region         Used Size  Region Size  %age Used
        MFlash64:        5296 B        64 KB      8.08%
        RamLoc16:        2460 B        16 KB     15.01%
/opt/mcuxpresso-ide/ide/plugins/com.nxp.mcuxpresso.tools.linux_11.7.1.202301190959/tools/bin/../lib/gcc/arm-none-eabi/10.3.1/../../../../arm-none-eabi/bin/ld: /home/dioswilson1/colegio/Informatica2/LPC845-BRK/GPIO/Debug/../src/02-Gpio/Gpio.cpp:4: undefined reference to `Output::Output()'
/opt/mcuxpresso-ide/ide/plugins/com.nxp.mcuxpresso.tools.linux_11.7.1.202301190959/tools/bin/../lib/gcc/arm-none-eabi/10.3.1/../../../../arm-none-eabi/bin/ld: ./src/02-Gpio/Gpio.o: in function `Gpio::~Gpio()':
/home/dioswilson1/colegio/Informatica2/LPC845-BRK/GPIO/Debug/../src/02-Gpio/Gpio.cpp:92: undefined reference to `Output::~Output()'
/opt/mcuxpresso-ide/ide/plugins/com.nxp.mcuxpresso.tools.linux_11.7.1.202301190959/tools/bin/../lib/gcc/arm-none-eabi/10.3.1/../../../../arm-none-eabi/bin/ld: /home/dioswilson1/colegio/Informatica2/LPC845-BRK/GPIO/Debug/../src/02-Gpio/Gpio.cpp:92: undefined reference to `Input::~Input()'
collect2: error: ld returned 1 exit status
make[1]: *** [makefile:61: GPIO.axf] Error 1
make: *** [makefile:52: all] Error 2
"make -r -j8 all" terminated with exit code 2. Build might be incomplete.
20:20:17 **** Clean-only build of configuration Debug for project GPIO ****
make -r -j8 clean 
rm -rf ./src/firmware/aeabi_romdiv_patch.o ./src/firmware/cr_cpp_config.d ./src/firmware/cr_cpp_config.o ./src/firmware/cr_startup_lpc84x.d ./src/firmware/cr_startup_lpc84x.o ./src/firmware/crp.d ./src/firmware/crp.o ./src/firmware/mtb.d ./src/firmware/mtb.o
rm -rf ./src/application/GPIOmain.d ./src/application/GPIOmain.o
rm -rf ./src/02-Gpio/Gpio.d ./src/02-Gpio/Gpio.o
rm -rf GPIO.axf
 
20:20:19 **** Build of configuration Debug for project GPIO ****
make -r -j8 all 
Building file: ../src/firmware/aeabi_romdiv_patch.s
Building file: ../src/firmware/cr_cpp_config.cpp
Building file: ../src/firmware/cr_startup_lpc84x.cpp
Invoking: MCU Assembler
arm-none-eabi-gcc -c -x assembler-with-cpp -D__NEWLIB__ -DDEBUG -D__CODE_RED -DCORE_M0PLUS -D__USE_ROMDIVIDE -D__LPC84X__ -g3 -mcpu=cortex-m0 -mthumb -o "src/firmware/aeabi_romdiv_patch.o" "../src/firmware/aeabi_romdiv_patch.s"
Building file: ../src/firmware/crp.c
Invoking: MCU C++ Compiler
Invoking: MCU C++ Compiler
arm-none-eabi-c++ -DDEBUG -D__CODE_RED -D__NEWLIB__ -DCORE_M0PLUS -D__MTB_BUFFER_SIZE=256 -D__USE_ROMDIVIDE -DCPP_USE_HEAP -D__LPC84X__ -I"/home/dioswilson1/colegio/Informatica2/LPC845-BRK/GPIO/src/01-PIN" -I"/home/dioswilson1/colegio/Informatica2/LPC845-BRK/GPIO/src" -I"/home/dioswilson1/colegio/Informatica2/LPC845-BRK/GPIO/src/02-Gpio" -I"/home/dioswilson1/colegio/Informatica2/LPC845-BRK/GPIO/src/application" -I"/home/dioswilson1/colegio/Informatica2/LPC845-BRK/GPIO/src/firmware" -O0 -fno-common -g3 -Wall -c -fmessage-length=0 -fno-builtin -ffunction-sections -fdata-sections -fno-rtti -fno-exceptions -fmerge-constants -fmacro-prefix-map="../src/firmware/"= -mcpu=cortex-m0 -mthumb -fstack-usage -MMD -MP -MF"src/firmware/cr_cpp_config.d" -MT"src/firmware/cr_cpp_config.o" -MT"src/firmware/cr_cpp_config.d" -o "src/firmware/cr_cpp_config.o" "../src/firmware/cr_cpp_config.cpp"
arm-none-eabi-c++ -DDEBUG -D__CODE_RED -D__NEWLIB__ -DCORE_M0PLUS -D__MTB_BUFFER_SIZE=256 -D__USE_ROMDIVIDE -DCPP_USE_HEAP -D__LPC84X__ -I"/home/dioswilson1/colegio/Informatica2/LPC845-BRK/GPIO/src/01-PIN" -I"/home/dioswilson1/colegio/Informatica2/LPC845-BRK/GPIO/src" -I"/home/dioswilson1/colegio/Informatica2/LPC845-BRK/GPIO/src/02-Gpio" -I"/home/dioswilson1/colegio/Informatica2/LPC845-BRK/GPIO/src/application" -I"/home/dioswilson1/colegio/Informatica2/LPC845-BRK/GPIO/src/firmware" -O0 -fno-common -g3 -Wall -c -fmessage-length=0 -fno-builtin -ffunction-sections -fdata-sections -fno-rtti -fno-exceptions -fmerge-constants -fmacro-prefix-map="../src/firmware/"= -mcpu=cortex-m0 -mthumb -fstack-usage -MMD -MP -MF"src/firmware/cr_startup_lpc84x.d" -MT"src/firmware/cr_startup_lpc84x.o" -MT"src/firmware/cr_startup_lpc84x.d" -o "src/firmware/cr_startup_lpc84x.o" "../src/firmware/cr_startup_lpc84x.cpp"
Building file: ../src/firmware/mtb.c
Invoking: MCU C Compiler
arm-none-eabi-gcc -DDEBUG -D__CODE_RED -D__NEWLIB__ -DCORE_M0PLUS -D__MTB_BUFFER_SIZE=256 -D__USE_ROMDIVIDE -DCPP_USE_HEAP -D__LPC84X__ -O0 -fno-common -g3 -Wall -c -fmessage-length=0 -fno-builtin -ffunction-sections -fdata-sections -fmerge-constants -fmacro-prefix-map="../src/firmware/"= -mcpu=cortex-m0 -mthumb -fstack-usage -MMD -MP -MF"src/firmware/crp.d" -MT"src/firmware/crp.o" -MT"src/firmware/crp.d" -o "src/firmware/crp.o" "../src/firmware/crp.c"
Building file: ../src/application/GPIOmain.cpp
Invoking: MCU C Compiler
arm-none-eabi-gcc -DDEBUG -D__CODE_RED -D__NEWLIB__ -DCORE_M0PLUS -D__MTB_BUFFER_SIZE=256 -D__USE_ROMDIVIDE -DCPP_USE_HEAP -D__LPC84X__ -O0 -fno-common -g3 -Wall -c -fmessage-length=0 -fno-builtin -ffunction-sections -fdata-sections -fmerge-constants -fmacro-prefix-map="../src/firmware/"= -mcpu=cortex-m0 -mthumb -fstack-usage -MMD -MP -MF"src/firmware/mtb.d" -MT"src/firmware/mtb.o" -MT"src/firmware/mtb.d" -o "src/firmware/mtb.o" "../src/firmware/mtb.c"
Building file: ../src/02-Gpio/Gpio.cpp
Invoking: MCU C++ Compiler
arm-none-eabi-c++ -DDEBUG -D__CODE_RED -D__NEWLIB__ -DCORE_M0PLUS -D__MTB_BUFFER_SIZE=256 -D__USE_ROMDIVIDE -DCPP_USE_HEAP -D__LPC84X__ -I"/home/dioswilson1/colegio/Informatica2/LPC845-BRK/GPIO/src/01-PIN" -I"/home/dioswilson1/colegio/Informatica2/LPC845-BRK/GPIO/src" -I"/home/dioswilson1/colegio/Informatica2/LPC845-BRK/GPIO/src/02-Gpio" -I"/home/dioswilson1/colegio/Informatica2/LPC845-BRK/GPIO/src/application" -I"/home/dioswilson1/colegio/Informatica2/LPC845-BRK/GPIO/src/firmware" -O0 -fno-common -g3 -Wall -c -fmessage-length=0 -fno-builtin -ffunction-sections -fdata-sections -fno-rtti -fno-exceptions -fmerge-constants -fmacro-prefix-map="../src/application/"= -mcpu=cortex-m0 -mthumb -fstack-usage -MMD -MP -MF"src/application/GPIOmain.d" -MT"src/application/GPIOmain.o" -MT"src/application/GPIOmain.d" -o "src/application/GPIOmain.o" "../src/application/GPIOmain.cpp"
Invoking: MCU C++ Compiler
arm-none-eabi-c++ -DDEBUG -D__CODE_RED -D__NEWLIB__ -DCORE_M0PLUS -D__MTB_BUFFER_SIZE=256 -D__USE_ROMDIVIDE -DCPP_USE_HEAP -D__LPC84X__ -I"/home/dioswilson1/colegio/Informatica2/LPC845-BRK/GPIO/src/01-PIN" -I"/home/dioswilson1/colegio/Informatica2/LPC845-BRK/GPIO/src" -I"/home/dioswilson1/colegio/Informatica2/LPC845-BRK/GPIO/src/02-Gpio" -I"/home/dioswilson1/colegio/Informatica2/LPC845-BRK/GPIO/src/application" -I"/home/dioswilson1/colegio/Informatica2/LPC845-BRK/GPIO/src/firmware" -O0 -fno-common -g3 -Wall -c -fmessage-length=0 -fno-builtin -ffunction-sections -fdata-sections -fno-rtti -fno-exceptions -fmerge-constants -fmacro-prefix-map="../src/02-Gpio/"= -mcpu=cortex-m0 -mthumb -fstack-usage -MMD -MP -MF"src/02-Gpio/Gpio.d" -MT"src/02-Gpio/Gpio.o" -MT"src/02-Gpio/Gpio.d" -o "src/02-Gpio/Gpio.o" "../src/02-Gpio/Gpio.cpp"
Finished building: ../src/firmware/aeabi_romdiv_patch.s
 
Finished building: ../src/firmware/crp.c
 
Finished building: ../src/firmware/mtb.c
 
../src/02-Gpio/Gpio.cpp: In member function 'virtual uint8_t Gpio::getPin()':
../src/02-Gpio/Gpio.cpp:45:9: warning: suggest parentheses around comparison in operand of '&' [-Wparentheses]
   45 |    valor!=(GPIO->PIN[this->port] >> this->bit) & 1;
      |    ~~~~~^~~~~~~~~~~~~~~~~~~~~~~~~~~~~~~~~~~~~~
../src/02-Gpio/Gpio.cpp:45:48: warning: value computed is not used [-Wunused-value]
   45 |    valor!=(GPIO->PIN[this->port] >> this->bit) & 1;
Finished building: ../src/firmware/cr_startup_lpc84x.cpp
      |    ~~~~~~~~~~~~~~~~~~~~~~~~~~~~~~~~~~~~~~~~~~~~^~~
 
../src/02-Gpio/Gpio.cpp: In member function 'virtual uint8_t Gpio::setPinMode()':
../src/02-Gpio/Gpio.cpp:55:1: warning: no return statement in function returning non-void [-Wreturn-type]
   55 | }
      | ^
../src/02-Gpio/Gpio.cpp: In member function 'virtual uint8_t Gpio::setPinResistor()':
../src/02-Gpio/Gpio.cpp:59:1: warning: no return statement in function returning non-void [-Wreturn-type]
Finished building: ../src/application/GPIOmain.cpp
   59 | }
 
      | ^
Finished building: ../src/firmware/cr_cpp_config.cpp
../src/02-Gpio/Gpio.cpp: In member function 'virtual uint8_t Gpio::setTogglePin()':
../src/02-Gpio/Gpio.cpp:90:1: warning: no return statement in function returning non-void [-Wreturn-type]
   90 | }
      | ^
 
Finished building: ../src/02-Gpio/Gpio.cpp
 
Building target: GPIO.axf
Invoking: MCU C++ Linker
arm-none-eabi-c++ -nostdlib -Xlinker -Map="GPIO.map" -Xlinker --cref -Xlinker --gc-sections -Xlinker -print-memory-usage -mcpu=cortex-m0 -mthumb -T GPIO_Debug.ld -o "GPIO.axf"  ./src/firmware/aeabi_romdiv_patch.o ./src/firmware/cr_cpp_config.o ./src/firmware/cr_startup_lpc84x.o ./src/firmware/crp.o ./src/firmware/mtb.o  ./src/application/GPIOmain.o  ./src/02-Gpio/Gpio.o   
Memory region         Used Size  Region Size  %age Used
        MFlash64:       16452 B        64 KB     25.10%
        RamLoc16:        2504 B        16 KB     15.28%
Finished building target: GPIO.axf
 
Performing post-build steps
arm-none-eabi-size "GPIO.axf"; # arm-none-eabi-objcopy -v -O binary "GPIO.axf" "GPIO.bin" ; # checksum -p LPC845 -d "GPIO.bin";
   text	   data	    bss	    dec	    hex	filename
  14332	   2120	    384	  16836	   41c4	GPIO.axf
 
20:28:31 **** Incremental Build of configuration Debug for project GPIO ****
make -r -j8 all 
make[1]: Nothing to be done for 'main-build'.
Performing post-build steps
arm-none-eabi-size "GPIO.axf"; # arm-none-eabi-objcopy -v -O binary "GPIO.axf" "GPIO.bin" ; # checksum -p LPC845 -d "GPIO.bin";
   text	   data	    bss	    dec	    hex	filename
  14332	   2120	    384	  16836	   41c4	GPIO.axf
 
20:29:29 **** Incremental Build of configuration Debug for project GPIO ****
make -r -j8 all 
make[1]: Nothing to be done for 'main-build'.
Performing post-build steps
arm-none-eabi-size "GPIO.axf"; # arm-none-eabi-objcopy -v -O binary "GPIO.axf" "GPIO.bin" ; # checksum -p LPC845 -d "GPIO.bin";
   text	   data	    bss	    dec	    hex	filename
  14332	   2120	    384	  16836	   41c4	GPIO.axf
 
20:30:41 **** Incremental Build of configuration Debug for project GPIO ****
make -r -j8 all 
make[1]: Nothing to be done for 'main-build'.
Performing post-build steps
arm-none-eabi-size "GPIO.axf"; # arm-none-eabi-objcopy -v -O binary "GPIO.axf" "GPIO.bin" ; # checksum -p LPC845 -d "GPIO.bin";
   text	   data	    bss	    dec	    hex	filename
  14332	   2120	    384	  16836	   41c4	GPIO.axf
 
20:30:54 **** Incremental Build of configuration Debug for project GPIO ****
make -r -j8 all 
make[1]: Nothing to be done for 'main-build'.
Performing post-build steps
arm-none-eabi-size "GPIO.axf"; # arm-none-eabi-objcopy -v -O binary "GPIO.axf" "GPIO.bin" ; # checksum -p LPC845 -d "GPIO.bin";
   text	   data	    bss	    dec	    hex	filename
  14332	   2120	    384	  16836	   41c4	GPIO.axf
 
20:31:22 **** Incremental Build of configuration Debug for project GPIO ****
make -r -j8 all 
make[1]: Nothing to be done for 'main-build'.
Performing post-build steps
arm-none-eabi-size "GPIO.axf"; # arm-none-eabi-objcopy -v -O binary "GPIO.axf" "GPIO.bin" ; # checksum -p LPC845 -d "GPIO.bin";
   text	   data	    bss	    dec	    hex	filename
  14332	   2120	    384	  16836	   41c4	GPIO.axf
 
20:31:30 **** Incremental Build of configuration Debug for project GPIO ****
make -r -j8 all 
make[1]: Nothing to be done for 'main-build'.
Performing post-build steps
arm-none-eabi-size "GPIO.axf"; # arm-none-eabi-objcopy -v -O binary "GPIO.axf" "GPIO.bin" ; # checksum -p LPC845 -d "GPIO.bin";
   text	   data	    bss	    dec	    hex	filename
  14332	   2120	    384	  16836	   41c4	GPIO.axf
 
20:42:10 **** Clean-only build of configuration Debug for project GPIO ****
make -r -j8 clean 
rm -rf ./src/firmware/aeabi_romdiv_patch.o ./src/firmware/cr_cpp_config.d ./src/firmware/cr_cpp_config.o ./src/firmware/cr_startup_lpc84x.d ./src/firmware/cr_startup_lpc84x.o ./src/firmware/crp.d ./src/firmware/crp.o ./src/firmware/mtb.d ./src/firmware/mtb.o
rm -rf ./src/application/GPIOmain.d ./src/application/GPIOmain.o
rm -rf ./src/02-Gpio/Gpio.d ./src/02-Gpio/Gpio.o
rm -rf GPIO.axf
 
20:42:11 **** Build of configuration Debug for project GPIO ****
make -r -j8 all 
Building file: ../src/firmware/aeabi_romdiv_patch.s
Building file: ../src/firmware/cr_cpp_config.cpp
Building file: ../src/firmware/cr_startup_lpc84x.cpp
Invoking: MCU Assembler
Building file: ../src/firmware/crp.c
arm-none-eabi-gcc -c -x assembler-with-cpp -D__NEWLIB__ -DDEBUG -D__CODE_RED -DCORE_M0PLUS -D__USE_ROMDIVIDE -D__LPC84X__ -g3 -mcpu=cortex-m0 -mthumb -o "src/firmware/aeabi_romdiv_patch.o" "../src/firmware/aeabi_romdiv_patch.s"
Invoking: MCU C++ Compiler
Invoking: MCU C++ Compiler
arm-none-eabi-c++ -DDEBUG -D__CODE_RED -D__NEWLIB__ -DCORE_M0PLUS -D__MTB_BUFFER_SIZE=256 -D__USE_ROMDIVIDE -DCPP_USE_HEAP -D__LPC84X__ -I"/home/dioswilson1/colegio/Informatica2/LPC845-BRK/GPIO/src/01-PIN" -I"/home/dioswilson1/colegio/Informatica2/LPC845-BRK/GPIO/src" -I"/home/dioswilson1/colegio/Informatica2/LPC845-BRK/GPIO/src/02-Gpio" -I"/home/dioswilson1/colegio/Informatica2/LPC845-BRK/GPIO/src/application" -I"/home/dioswilson1/colegio/Informatica2/LPC845-BRK/GPIO/src/firmware" -O0 -fno-common -g3 -Wall -c -fmessage-length=0 -fno-builtin -ffunction-sections -fdata-sections -fno-rtti -fno-exceptions -fmerge-constants -fmacro-prefix-map="../src/firmware/"= -mcpu=cortex-m0 -mthumb -fstack-usage -MMD -MP -MF"src/firmware/cr_cpp_config.d" -MT"src/firmware/cr_cpp_config.o" -MT"src/firmware/cr_cpp_config.d" -o "src/firmware/cr_cpp_config.o" "../src/firmware/cr_cpp_config.cpp"
Building file: ../src/firmware/mtb.c
arm-none-eabi-c++ -DDEBUG -D__CODE_RED -D__NEWLIB__ -DCORE_M0PLUS -D__MTB_BUFFER_SIZE=256 -D__USE_ROMDIVIDE -DCPP_USE_HEAP -D__LPC84X__ -I"/home/dioswilson1/colegio/Informatica2/LPC845-BRK/GPIO/src/01-PIN" -I"/home/dioswilson1/colegio/Informatica2/LPC845-BRK/GPIO/src" -I"/home/dioswilson1/colegio/Informatica2/LPC845-BRK/GPIO/src/02-Gpio" -I"/home/dioswilson1/colegio/Informatica2/LPC845-BRK/GPIO/src/application" -I"/home/dioswilson1/colegio/Informatica2/LPC845-BRK/GPIO/src/firmware" -O0 -fno-common -g3 -Wall -c -fmessage-length=0 -fno-builtin -ffunction-sections -fdata-sections -fno-rtti -fno-exceptions -fmerge-constants -fmacro-prefix-map="../src/firmware/"= -mcpu=cortex-m0 -mthumb -fstack-usage -MMD -MP -MF"src/firmware/cr_startup_lpc84x.d" -MT"src/firmware/cr_startup_lpc84x.o" -MT"src/firmware/cr_startup_lpc84x.d" -o "src/firmware/cr_startup_lpc84x.o" "../src/firmware/cr_startup_lpc84x.cpp"
Invoking: MCU C Compiler
arm-none-eabi-gcc -DDEBUG -D__CODE_RED -D__NEWLIB__ -DCORE_M0PLUS -D__MTB_BUFFER_SIZE=256 -D__USE_ROMDIVIDE -DCPP_USE_HEAP -D__LPC84X__ -O0 -fno-common -g3 -Wall -c -fmessage-length=0 -fno-builtin -ffunction-sections -fdata-sections -fmerge-constants -fmacro-prefix-map="../src/firmware/"= -mcpu=cortex-m0 -mthumb -fstack-usage -MMD -MP -MF"src/firmware/crp.d" -MT"src/firmware/crp.o" -MT"src/firmware/crp.d" -o "src/firmware/crp.o" "../src/firmware/crp.c"
Invoking: MCU C Compiler
arm-none-eabi-gcc -DDEBUG -D__CODE_RED -D__NEWLIB__ -DCORE_M0PLUS -D__MTB_BUFFER_SIZE=256 -D__USE_ROMDIVIDE -DCPP_USE_HEAP -D__LPC84X__ -O0 -fno-common -g3 -Wall -c -fmessage-length=0 -fno-builtin -ffunction-sections -fdata-sections -fmerge-constants -fmacro-prefix-map="../src/firmware/"= -mcpu=cortex-m0 -mthumb -fstack-usage -MMD -MP -MF"src/firmware/mtb.d" -MT"src/firmware/mtb.o" -MT"src/firmware/mtb.d" -o "src/firmware/mtb.o" "../src/firmware/mtb.c"
Building file: ../src/application/GPIOmain.cpp
Building file: ../src/02-Gpio/Gpio.cpp
Invoking: MCU C++ Compiler
arm-none-eabi-c++ -DDEBUG -D__CODE_RED -D__NEWLIB__ -DCORE_M0PLUS -D__MTB_BUFFER_SIZE=256 -D__USE_ROMDIVIDE -DCPP_USE_HEAP -D__LPC84X__ -I"/home/dioswilson1/colegio/Informatica2/LPC845-BRK/GPIO/src/01-PIN" -I"/home/dioswilson1/colegio/Informatica2/LPC845-BRK/GPIO/src" -I"/home/dioswilson1/colegio/Informatica2/LPC845-BRK/GPIO/src/02-Gpio" -I"/home/dioswilson1/colegio/Informatica2/LPC845-BRK/GPIO/src/application" -I"/home/dioswilson1/colegio/Informatica2/LPC845-BRK/GPIO/src/firmware" -O0 -fno-common -g3 -Wall -c -fmessage-length=0 -fno-builtin -ffunction-sections -fdata-sections -fno-rtti -fno-exceptions -fmerge-constants -fmacro-prefix-map="../src/02-Gpio/"= -mcpu=cortex-m0 -mthumb -fstack-usage -MMD -MP -MF"src/02-Gpio/Gpio.d" -MT"src/02-Gpio/Gpio.o" -MT"src/02-Gpio/Gpio.d" -o "src/02-Gpio/Gpio.o" "../src/02-Gpio/Gpio.cpp"
../src/02-Gpio/Gpio.cpp: In member function 'virtual uint8_t Gpio::getPin()':
Invoking: MCU C++ Compiler
../src/02-Gpio/Gpio.cpp:45:9: warning: suggest parentheses around comparison in operand of '&' [-Wparentheses]
arm-none-eabi-c++ -DDEBUG -D__CODE_RED -D__NEWLIB__ -DCORE_M0PLUS -D__MTB_BUFFER_SIZE=256 -D__USE_ROMDIVIDE -DCPP_USE_HEAP -D__LPC84X__ -I"/home/dioswilson1/colegio/Informatica2/LPC845-BRK/GPIO/src/01-PIN" -I"/home/dioswilson1/colegio/Informatica2/LPC845-BRK/GPIO/src" -I"/home/dioswilson1/colegio/Informatica2/LPC845-BRK/GPIO/src/02-Gpio" -I"/home/dioswilson1/colegio/Informatica2/LPC845-BRK/GPIO/src/application" -I"/home/dioswilson1/colegio/Informatica2/LPC845-BRK/GPIO/src/firmware" -O0 -fno-common -g3 -Wall -c -fmessage-length=0 -fno-builtin -ffunction-sections -fdata-sections -fno-rtti -fno-exceptions -fmerge-constants -fmacro-prefix-map="../src/application/"= -mcpu=cortex-m0 -mthumb -fstack-usage -MMD -MP -MF"src/application/GPIOmain.d" -MT"src/application/GPIOmain.o" -MT"src/application/GPIOmain.d" -o "src/application/GPIOmain.o" "../src/application/GPIOmain.cpp"
   45 |    valor!=(GPIO->PIN[this->port] >> this->bit) & 1;
Finished building: ../src/firmware/aeabi_romdiv_patch.s
      |    ~~~~~^~~~~~~~~~~~~~~~~~~~~~~~~~~~~~~~~~~~~~
 
../src/02-Gpio/Gpio.cpp:45:48: warning: value computed is not used [-Wunused-value]
Finished building: ../src/firmware/mtb.c
   45 |    valor!=(GPIO->PIN[this->port] >> this->bit) & 1;
 
      |    ~~~~~~~~~~~~~~~~~~~~~~~~~~~~~~~~~~~~~~~~~~~~^~~
Finished building: ../src/firmware/crp.c
../src/02-Gpio/Gpio.cpp: In member function 'virtual uint8_t Gpio::setPinMode()':
 
../src/02-Gpio/Gpio.cpp:55:1: warning: no return statement in function returning non-void [-Wreturn-type]
Finished building: ../src/firmware/cr_startup_lpc84x.cpp
   55 | }
 
      | ^
Finished building: ../src/firmware/cr_cpp_config.cpp
../src/02-Gpio/Gpio.cpp: In member function 'virtual uint8_t Gpio::setPinResistor()':
Finished building: ../src/application/GPIOmain.cpp
../src/02-Gpio/Gpio.cpp:59:1: warning: no return statement in function returning non-void [-Wreturn-type]
 
   59 | }
 
      | ^
../src/02-Gpio/Gpio.cpp: In member function 'virtual uint8_t Gpio::setTogglePin()':
../src/02-Gpio/Gpio.cpp:90:1: warning: no return statement in function returning non-void [-Wreturn-type]
   90 | }
      | ^
Finished building: ../src/02-Gpio/Gpio.cpp
 
Building target: GPIO.axf
Invoking: MCU C++ Linker
arm-none-eabi-c++ -nostdlib -Xlinker -Map="GPIO.map" -Xlinker --cref -Xlinker --gc-sections -Xlinker -print-memory-usage -mcpu=cortex-m0 -mthumb -T GPIO_Debug.ld -o "GPIO.axf"  ./src/firmware/aeabi_romdiv_patch.o ./src/firmware/cr_cpp_config.o ./src/firmware/cr_startup_lpc84x.o ./src/firmware/crp.o ./src/firmware/mtb.o  ./src/application/GPIOmain.o  ./src/02-Gpio/Gpio.o   
Memory region         Used Size  Region Size  %age Used
        MFlash64:       16452 B        64 KB     25.10%
        RamLoc16:        2504 B        16 KB     15.28%
Finished building target: GPIO.axf
 
Performing post-build steps
arm-none-eabi-size "GPIO.axf"; # arm-none-eabi-objcopy -v -O binary "GPIO.axf" "GPIO.bin" ; # checksum -p LPC845 -d "GPIO.bin";
   text	   data	    bss	    dec	    hex	filename
  14332	   2120	    384	  16836	   41c4	GPIO.axf
 
20:46:44 **** Incremental Build of configuration Debug for project GPIO ****
make -r -j8 all 
Building file: ../src/02-Gpio/Gpio.cpp
Invoking: MCU C++ Compiler
arm-none-eabi-c++ -DDEBUG -D__CODE_RED -D__NEWLIB__ -DCORE_M0PLUS -D__MTB_BUFFER_SIZE=256 -D__USE_ROMDIVIDE -DCPP_USE_HEAP -D__LPC84X__ -I"/home/dioswilson1/colegio/Informatica2/LPC845-BRK/GPIO/src/01-PIN" -I"/home/dioswilson1/colegio/Informatica2/LPC845-BRK/GPIO/src" -I"/home/dioswilson1/colegio/Informatica2/LPC845-BRK/GPIO/src/02-Gpio" -I"/home/dioswilson1/colegio/Informatica2/LPC845-BRK/GPIO/src/application" -I"/home/dioswilson1/colegio/Informatica2/LPC845-BRK/GPIO/src/firmware" -O0 -fno-common -g3 -Wall -c -fmessage-length=0 -fno-builtin -ffunction-sections -fdata-sections -fno-rtti -fno-exceptions -fmerge-constants -fmacro-prefix-map="../src/02-Gpio/"= -mcpu=cortex-m0 -mthumb -fstack-usage -MMD -MP -MF"src/02-Gpio/Gpio.d" -MT"src/02-Gpio/Gpio.o" -MT"src/02-Gpio/Gpio.d" -o "src/02-Gpio/Gpio.o" "../src/02-Gpio/Gpio.cpp"
../src/02-Gpio/Gpio.cpp: In member function 'virtual uint8_t Gpio::getPin()':
../src/02-Gpio/Gpio.cpp:46:9: warning: suggest parentheses around comparison in operand of '&' [-Wparentheses]
   46 |    valor!=(GPIO->PIN[this->port] >> this->bit) & 1;
      |    ~~~~~^~~~~~~~~~~~~~~~~~~~~~~~~~~~~~~~~~~~~~
../src/02-Gpio/Gpio.cpp:46:48: warning: value computed is not used [-Wunused-value]
   46 |    valor!=(GPIO->PIN[this->port] >> this->bit) & 1;
      |    ~~~~~~~~~~~~~~~~~~~~~~~~~~~~~~~~~~~~~~~~~~~~^~~
../src/02-Gpio/Gpio.cpp: In member function 'virtual uint8_t Gpio::setPinMode()':
../src/02-Gpio/Gpio.cpp:56:1: warning: no return statement in function returning non-void [-Wreturn-type]
   56 | }
      | ^
../src/02-Gpio/Gpio.cpp: In member function 'virtual uint8_t Gpio::setPinResistor()':
../src/02-Gpio/Gpio.cpp:60:1: warning: no return statement in function returning non-void [-Wreturn-type]
   60 | }
      | ^
../src/02-Gpio/Gpio.cpp: In member function 'virtual uint8_t Gpio::setTogglePin()':
../src/02-Gpio/Gpio.cpp:91:1: warning: no return statement in function returning non-void [-Wreturn-type]
   91 | }
      | ^
Finished building: ../src/02-Gpio/Gpio.cpp
 
Building target: GPIO.axf
Invoking: MCU C++ Linker
arm-none-eabi-c++ -nostdlib -Xlinker -Map="GPIO.map" -Xlinker --cref -Xlinker --gc-sections -Xlinker -print-memory-usage -mcpu=cortex-m0 -mthumb -T GPIO_Debug.ld -o "GPIO.axf"  ./src/firmware/aeabi_romdiv_patch.o ./src/firmware/cr_cpp_config.o ./src/firmware/cr_startup_lpc84x.o ./src/firmware/crp.o ./src/firmware/mtb.o  ./src/application/GPIOmain.o  ./src/02-Gpio/Gpio.o   
Memory region         Used Size  Region Size  %age Used
        MFlash64:       16460 B        64 KB     25.12%
        RamLoc16:        2504 B        16 KB     15.28%
Finished building target: GPIO.axf
 
Performing post-build steps
arm-none-eabi-size "GPIO.axf"; # arm-none-eabi-objcopy -v -O binary "GPIO.axf" "GPIO.bin" ; # checksum -p LPC845 -d "GPIO.bin";
   text	   data	    bss	    dec	    hex	filename
  14340	   2120	    384	  16844	   41cc	GPIO.axf
 
20:48:03 **** Incremental Build of configuration Debug for project GPIO ****
make -r -j8 all 
Building file: ../src/02-Gpio/Gpio.cpp
Invoking: MCU C++ Compiler
arm-none-eabi-c++ -DDEBUG -D__CODE_RED -D__NEWLIB__ -DCORE_M0PLUS -D__MTB_BUFFER_SIZE=256 -D__USE_ROMDIVIDE -DCPP_USE_HEAP -D__LPC84X__ -I"/home/dioswilson1/colegio/Informatica2/LPC845-BRK/GPIO/src/01-PIN" -I"/home/dioswilson1/colegio/Informatica2/LPC845-BRK/GPIO/src" -I"/home/dioswilson1/colegio/Informatica2/LPC845-BRK/GPIO/src/02-Gpio" -I"/home/dioswilson1/colegio/Informatica2/LPC845-BRK/GPIO/src/application" -I"/home/dioswilson1/colegio/Informatica2/LPC845-BRK/GPIO/src/firmware" -O0 -fno-common -g3 -Wall -c -fmessage-length=0 -fno-builtin -ffunction-sections -fdata-sections -fno-rtti -fno-exceptions -fmerge-constants -fmacro-prefix-map="../src/02-Gpio/"= -mcpu=cortex-m0 -mthumb -fstack-usage -MMD -MP -MF"src/02-Gpio/Gpio.d" -MT"src/02-Gpio/Gpio.o" -MT"src/02-Gpio/Gpio.d" -o "src/02-Gpio/Gpio.o" "../src/02-Gpio/Gpio.cpp"
../src/02-Gpio/Gpio.cpp: In member function 'virtual uint8_t Gpio::setPinMode()':
../src/02-Gpio/Gpio.cpp:56:1: warning: no return statement in function returning non-void [-Wreturn-type]
   56 | }
      | ^
../src/02-Gpio/Gpio.cpp: In member function 'virtual uint8_t Gpio::setPinResistor()':
../src/02-Gpio/Gpio.cpp:60:1: warning: no return statement in function returning non-void [-Wreturn-type]
   60 | }
      | ^
../src/02-Gpio/Gpio.cpp: In member function 'virtual uint8_t Gpio::setTogglePin()':
../src/02-Gpio/Gpio.cpp:91:1: warning: no return statement in function returning non-void [-Wreturn-type]
   91 | }
      | ^
Finished building: ../src/02-Gpio/Gpio.cpp
 
Building target: GPIO.axf
Invoking: MCU C++ Linker
arm-none-eabi-c++ -nostdlib -Xlinker -Map="GPIO.map" -Xlinker --cref -Xlinker --gc-sections -Xlinker -print-memory-usage -mcpu=cortex-m0 -mthumb -T GPIO_Debug.ld -o "GPIO.axf"  ./src/firmware/aeabi_romdiv_patch.o ./src/firmware/cr_cpp_config.o ./src/firmware/cr_startup_lpc84x.o ./src/firmware/crp.o ./src/firmware/mtb.o  ./src/application/GPIOmain.o  ./src/02-Gpio/Gpio.o   
Memory region         Used Size  Region Size  %age Used
        MFlash64:       16480 B        64 KB     25.15%
        RamLoc16:        2504 B        16 KB     15.28%
Finished building target: GPIO.axf
 
Performing post-build steps
arm-none-eabi-size "GPIO.axf"; # arm-none-eabi-objcopy -v -O binary "GPIO.axf" "GPIO.bin" ; # checksum -p LPC845 -d "GPIO.bin";
   text	   data	    bss	    dec	    hex	filename
  14360	   2120	    384	  16864	   41e0	GPIO.axf
 
20:56:38 **** Clean-only build of configuration Debug for project GPIO ****
make -r -j8 clean 
rm -rf ./src/firmware/aeabi_romdiv_patch.o ./src/firmware/cr_cpp_config.d ./src/firmware/cr_cpp_config.o ./src/firmware/cr_startup_lpc84x.d ./src/firmware/cr_startup_lpc84x.o ./src/firmware/crp.d ./src/firmware/crp.o ./src/firmware/mtb.d ./src/firmware/mtb.o
rm -rf ./src/application/GPIOmain.d ./src/application/GPIOmain.o
rm -rf ./src/02-Gpio/Gpio.d ./src/02-Gpio/Gpio.o
rm -rf GPIO.axf
 
20:56:48 **** Build of configuration Debug for project GPIO ****
make -r -j8 all 
Building file: ../src/firmware/aeabi_romdiv_patch.s
Building file: ../src/firmware/cr_cpp_config.cpp
Building file: ../src/firmware/cr_startup_lpc84x.cpp
Building file: ../src/firmware/crp.c
Invoking: MCU Assembler
Invoking: MCU C++ Compiler
arm-none-eabi-gcc -c -x assembler-with-cpp -D__NEWLIB__ -DDEBUG -D__CODE_RED -DCORE_M0PLUS -D__USE_ROMDIVIDE -D__LPC84X__ -g3 -mcpu=cortex-m0 -mthumb -o "src/firmware/aeabi_romdiv_patch.o" "../src/firmware/aeabi_romdiv_patch.s"
Building file: ../src/firmware/mtb.c
arm-none-eabi-c++ -DDEBUG -D__CODE_RED -D__NEWLIB__ -DCORE_M0PLUS -D__MTB_BUFFER_SIZE=256 -D__USE_ROMDIVIDE -DCPP_USE_HEAP -D__LPC84X__ -I"/home/dioswilson1/colegio/Informatica2/LPC845-BRK/GPIO/src/01-PIN" -I"/home/dioswilson1/colegio/Informatica2/LPC845-BRK/GPIO/src" -I"/home/dioswilson1/colegio/Informatica2/LPC845-BRK/GPIO/src/02-Gpio" -I"/home/dioswilson1/colegio/Informatica2/LPC845-BRK/GPIO/src/application" -I"/home/dioswilson1/colegio/Informatica2/LPC845-BRK/GPIO/src/firmware" -O0 -fno-common -g3 -Wall -c -fmessage-length=0 -fno-builtin -ffunction-sections -fdata-sections -fno-rtti -fno-exceptions -fmerge-constants -fmacro-prefix-map="../src/firmware/"= -mcpu=cortex-m0 -mthumb -fstack-usage -MMD -MP -MF"src/firmware/cr_cpp_config.d" -MT"src/firmware/cr_cpp_config.o" -MT"src/firmware/cr_cpp_config.d" -o "src/firmware/cr_cpp_config.o" "../src/firmware/cr_cpp_config.cpp"
Invoking: MCU C++ Compiler
Invoking: MCU C Compiler
[...]
Invoking: MCU C++ Compiler
arm-none-eabi-c++ -DDEBUG -D__CODE_RED -D__NEWLIB__ -DCORE_M0PLUS -D__MTB_BUFFER_SIZE=256 -D__USE_ROMDIVIDE -DCPP_USE_HEAP -D__LPC84X__ -I"/home/dioswilson1/colegio/Informatica2/LPC845-BRK/GPIO/src/01-PIN" -I"/home/dioswilson1/colegio/Informatica2/LPC845-BRK/GPIO/src" -I"/home/dioswilson1/colegio/Informatica2/LPC845-BRK/GPIO/src/02-Gpio" -I"/home/dioswilson1/colegio/Informatica2/LPC845-BRK/GPIO/src/application" -I"/home/dioswilson1/colegio/Informatica2/LPC845-BRK/GPIO/src/firmware" -O0 -fno-common -g3 -Wall -c -fmessage-length=0 -fno-builtin -ffunction-sections -fdata-sections -fno-rtti -fno-exceptions -fmerge-constants -fmacro-prefix-map="../src/02-Gpio/"= -mcpu=cortex-m0 -mthumb -fstack-usage -MMD -MP -MF"src/02-Gpio/Gpio.d" -MT"src/02-Gpio/Gpio.o" -MT"src/02-Gpio/Gpio.d" -o "src/02-Gpio/Gpio.o" "../src/02-Gpio/Gpio.cpp"
../src/02-Gpio/Gpio.cpp: In member function 'virtual uint8_t Gpio::setPinMode()':
../src/02-Gpio/Gpio.cpp:56:1: warning: no return statement in function returning non-void [-Wreturn-type]
   56 | }
      | ^
../src/02-Gpio/Gpio.cpp: In member function 'virtual uint8_t Gpio::setPinResistor()':
../src/02-Gpio/Gpio.cpp:60:1: warning: no return statement in function returning non-void [-Wreturn-type]
   60 | }
      | ^
../src/02-Gpio/Gpio.cpp: In member function 'virtual uint8_t Gpio::setTogglePin()':
../src/02-Gpio/Gpio.cpp:91:1: warning: no return statement in function returning non-void [-Wreturn-type]
   91 | }
      | ^
Finished building: ../src/application/GPIOmain.cpp
 
Finished building: ../src/02-Gpio/Gpio.cpp
 
Building target: GPIO.axf
Invoking: MCU C++ Linker
arm-none-eabi-c++ -nostdlib -Xlinker -Map="GPIO.map" -Xlinker --cref -Xlinker --gc-sections -Xlinker -print-memory-usage -mcpu=cortex-m0 -mthumb -T GPIO_Debug.ld -o "GPIO.axf"  ./src/firmware/aeabi_romdiv_patch.o ./src/firmware/cr_cpp_config.o ./src/firmware/cr_startup_lpc84x.o ./src/firmware/crp.o ./src/firmware/mtb.o  ./src/application/GPIOmain.o  ./src/02-Gpio/Gpio.o   
Memory region         Used Size  Region Size  %age Used
        MFlash64:       16480 B        64 KB     25.15%
        RamLoc16:        2504 B        16 KB     15.28%
Finished building target: GPIO.axf
 
Performing post-build steps
arm-none-eabi-size "GPIO.axf"; # arm-none-eabi-objcopy -v -O binary "GPIO.axf" "GPIO.bin" ; # checksum -p LPC845 -d "GPIO.bin";
   text	   data	    bss	    dec	    hex	filename
  14360	   2120	    384	  16864	   41e0	GPIO.axf
 
21:05:07 **** Incremental Build of configuration Debug for project GPIO ****
make -r -j8 all 
Building file: ../src/application/GPIOmain.cpp
Invoking: MCU C++ Compiler
arm-none-eabi-c++ -DDEBUG -D__CODE_RED -D__NEWLIB__ -DCORE_M0PLUS -D__MTB_BUFFER_SIZE=256 -D__USE_ROMDIVIDE -DCPP_USE_HEAP -D__LPC84X__ -I"/home/dioswilson1/colegio/Informatica2/LPC845-BRK/GPIO/src/01-PIN" -I"/home/dioswilson1/colegio/Informatica2/LPC845-BRK/GPIO/src" -I"/home/dioswilson1/colegio/Informatica2/LPC845-BRK/GPIO/src/02-Gpio" -I"/home/dioswilson1/colegio/Informatica2/LPC845-BRK/GPIO/src/application" -I"/home/dioswilson1/colegio/Informatica2/LPC845-BRK/GPIO/src/firmware" -O0 -fno-common -g3 -Wall -c -fmessage-length=0 -fno-builtin -ffunction-sections -fdata-sections -fno-rtti -fno-exceptions -fmerge-constants -fmacro-prefix-map="../src/application/"= -mcpu=cortex-m0 -mthumb -fstack-usage -MMD -MP -MF"src/application/GPIOmain.d" -MT"src/application/GPIOmain.o" -MT"src/application/GPIOmain.d" -o "src/application/GPIOmain.o" "../src/application/GPIOmain.cpp"
Finished building: ../src/application/GPIOmain.cpp
 
Building target: GPIO.axf
Invoking: MCU C++ Linker
arm-none-eabi-c++ -nostdlib -Xlinker -Map="GPIO.map" -Xlinker --cref -Xlinker --gc-sections -Xlinker -print-memory-usage -mcpu=cortex-m0 -mthumb -T GPIO_Debug.ld -o "GPIO.axf"  ./src/firmware/aeabi_romdiv_patch.o ./src/firmware/cr_cpp_config.o ./src/firmware/cr_startup_lpc84x.o ./src/firmware/crp.o ./src/firmware/mtb.o  ./src/application/GPIOmain.o  ./src/02-Gpio/Gpio.o   
Memory region         Used Size  Region Size  %age Used
        MFlash64:       16480 B        64 KB     25.15%
        RamLoc16:        2504 B        16 KB     15.28%
Finished building target: GPIO.axf
 
Performing post-build steps
arm-none-eabi-size "GPIO.axf"; # arm-none-eabi-objcopy -v -O binary "GPIO.axf" "GPIO.bin" ; # checksum -p LPC845 -d "GPIO.bin";
   text	   data	    bss	    dec	    hex	filename
  14360	   2120	    384	  16864	   41e0	GPIO.axf
 
21:05:39 **** Incremental Build of configuration Debug for project GPIO ****
make -r -j8 all 
Building file: ../src/02-Gpio/Gpio.cpp
Invoking: MCU C++ Compiler
arm-none-eabi-c++ -DDEBUG -D__CODE_RED -D__NEWLIB__ -DCORE_M0PLUS -D__MTB_BUFFER_SIZE=256 -D__USE_ROMDIVIDE -DCPP_USE_HEAP -D__LPC84X__ -I"/home/dioswilson1/colegio/Informatica2/LPC845-BRK/GPIO/src/01-PIN" -I"/home/dioswilson1/colegio/Informatica2/LPC845-BRK/GPIO/src" -I"/home/dioswilson1/colegio/Informatica2/LPC845-BRK/GPIO/src/02-Gpio" -I"/home/dioswilson1/colegio/Informatica2/LPC845-BRK/GPIO/src/application" -I"/home/dioswilson1/colegio/Informatica2/LPC845-BRK/GPIO/src/firmware" -O0 -fno-common -g3 -Wall -c -fmessage-length=0 -fno-builtin -ffunction-sections -fdata-sections -fno-rtti -fno-exceptions -fmerge-constants -fmacro-prefix-map="../src/02-Gpio/"= -mcpu=cortex-m0 -mthumb -fstack-usage -MMD -MP -MF"src/02-Gpio/Gpio.d" -MT"src/02-Gpio/Gpio.o" -MT"src/02-Gpio/Gpio.d" -o "src/02-Gpio/Gpio.o" "../src/02-Gpio/Gpio.cpp"
../src/02-Gpio/Gpio.cpp: In member function 'virtual uint8_t Gpio::setPinMode()':
../src/02-Gpio/Gpio.cpp:56:1: warning: no return statement in function returning non-void [-Wreturn-type]
   56 | }
      | ^
../src/02-Gpio/Gpio.cpp: In member function 'virtual uint8_t Gpio::setPinResistor()':
../src/02-Gpio/Gpio.cpp:60:1: warning: no return statement in function returning non-void [-Wreturn-type]
   60 | }
      | ^
../src/02-Gpio/Gpio.cpp: In member function 'virtual uint8_t Gpio::setTogglePin()':
../src/02-Gpio/Gpio.cpp:91:1: warning: no return statement in function returning non-void [-Wreturn-type]
   91 | }
      | ^
Finished building: ../src/02-Gpio/Gpio.cpp
 
Building target: GPIO.axf
Invoking: MCU C++ Linker
arm-none-eabi-c++ -nostdlib -Xlinker -Map="GPIO.map" -Xlinker --cref -Xlinker --gc-sections -Xlinker -print-memory-usage -mcpu=cortex-m0 -mthumb -T GPIO_Debug.ld -o "GPIO.axf"  ./src/firmware/aeabi_romdiv_patch.o ./src/firmware/cr_cpp_config.o ./src/firmware/cr_startup_lpc84x.o ./src/firmware/crp.o ./src/firmware/mtb.o  ./src/application/GPIOmain.o  ./src/02-Gpio/Gpio.o   
Memory region         Used Size  Region Size  %age Used
        MFlash64:       16480 B        64 KB     25.15%
        RamLoc16:        2504 B        16 KB     15.28%
Finished building target: GPIO.axf
 
Performing post-build steps
arm-none-eabi-size "GPIO.axf"; # arm-none-eabi-objcopy -v -O binary "GPIO.axf" "GPIO.bin" ; # checksum -p LPC845 -d "GPIO.bin";
   text	   data	    bss	    dec	    hex	filename
  14360	   2120	    384	  16864	   41e0	GPIO.axf
 
21:06:05 **** Incremental Build of configuration Debug for project GPIO ****
make -r -j8 all 
Building file: ../src/application/GPIOmain.cpp
Invoking: MCU C++ Compiler
arm-none-eabi-c++ -DDEBUG -D__CODE_RED -D__NEWLIB__ -DCORE_M0PLUS -D__MTB_BUFFER_SIZE=256 -D__USE_ROMDIVIDE -DCPP_USE_HEAP -D__LPC84X__ -I"/home/dioswilson1/colegio/Informatica2/LPC845-BRK/GPIO/src/01-PIN" -I"/home/dioswilson1/colegio/Informatica2/LPC845-BRK/GPIO/src" -I"/home/dioswilson1/colegio/Informatica2/LPC845-BRK/GPIO/src/02-Gpio" -I"/home/dioswilson1/colegio/Informatica2/LPC845-BRK/GPIO/src/application" -I"/home/dioswilson1/colegio/Informatica2/LPC845-BRK/GPIO/src/firmware" -O0 -fno-common -g3 -Wall -c -fmessage-length=0 -fno-builtin -ffunction-sections -fdata-sections -fno-rtti -fno-exceptions -fmerge-constants -fmacro-prefix-map="../src/application/"= -mcpu=cortex-m0 -mthumb -fstack-usage -MMD -MP -MF"src/application/GPIOmain.d" -MT"src/application/GPIOmain.o" -MT"src/application/GPIOmain.d" -o "src/application/GPIOmain.o" "../src/application/GPIOmain.cpp"
Finished building: ../src/application/GPIOmain.cpp
 
Building target: GPIO.axf
Invoking: MCU C++ Linker
arm-none-eabi-c++ -nostdlib -Xlinker -Map="GPIO.map" -Xlinker --cref -Xlinker --gc-sections -Xlinker -print-memory-usage -mcpu=cortex-m0 -mthumb -T GPIO_Debug.ld -o "GPIO.axf"  ./src/firmware/aeabi_romdiv_patch.o ./src/firmware/cr_cpp_config.o ./src/firmware/cr_startup_lpc84x.o ./src/firmware/crp.o ./src/firmware/mtb.o  ./src/application/GPIOmain.o  ./src/02-Gpio/Gpio.o   
Memory region         Used Size  Region Size  %age Used
        MFlash64:       16480 B        64 KB     25.15%
        RamLoc16:        2504 B        16 KB     15.28%
Finished building target: GPIO.axf
 
Performing post-build steps
arm-none-eabi-size "GPIO.axf"; # arm-none-eabi-objcopy -v -O binary "GPIO.axf" "GPIO.bin" ; # checksum -p LPC845 -d "GPIO.bin";
   text	   data	    bss	    dec	    hex	filename
  14360	   2120	    384	  16864	   41e0	GPIO.axf
 
21:07:53 **** Incremental Build of configuration Debug for project GPIO ****
make -r -j8 all 
Building file: ../src/02-Gpio/Gpio.cpp
Invoking: MCU C++ Compiler
arm-none-eabi-c++ -DDEBUG -D__CODE_RED -D__NEWLIB__ -DCORE_M0PLUS -D__MTB_BUFFER_SIZE=256 -D__USE_ROMDIVIDE -DCPP_USE_HEAP -D__LPC84X__ -I"/home/dioswilson1/colegio/Informatica2/LPC845-BRK/GPIO/src/01-PIN" -I"/home/dioswilson1/colegio/Informatica2/LPC845-BRK/GPIO/src" -I"/home/dioswilson1/colegio/Informatica2/LPC845-BRK/GPIO/src/02-Gpio" -I"/home/dioswilson1/colegio/Informatica2/LPC845-BRK/GPIO/src/application" -I"/home/dioswilson1/colegio/Informatica2/LPC845-BRK/GPIO/src/firmware" -O0 -fno-common -g3 -Wall -c -fmessage-length=0 -fno-builtin -ffunction-sections -fdata-sections -fno-rtti -fno-exceptions -fmerge-constants -fmacro-prefix-map="../src/02-Gpio/"= -mcpu=cortex-m0 -mthumb -fstack-usage -MMD -MP -MF"src/02-Gpio/Gpio.d" -MT"src/02-Gpio/Gpio.o" -MT"src/02-Gpio/Gpio.d" -o "src/02-Gpio/Gpio.o" "../src/02-Gpio/Gpio.cpp"
../src/02-Gpio/Gpio.cpp: In member function 'virtual uint8_t Gpio::getPin()':
../src/02-Gpio/Gpio.cpp:43:14: error: 'class Gpio' has no member named 'm_activity'; did you mean 'activity'?
   43 |    if (this->m_activity == Gpio::high) {
      |              ^~~~~~~~~~
      |              activity
../src/02-Gpio/Gpio.cpp:44:33: error: 'class Gpio' has no member named 'm_port'; did you mean 'port'?
   44 |     valor = ( ( GPIO->PIN[this->m_port]  >> this->m_bit ) & 0x01 );
      |                                 ^~~~~~
      |                                 port
../src/02-Gpio/Gpio.cpp:44:51: error: 'class Gpio' has no member named 'm_bit'; did you mean 'bit'?
   44 |     valor = ( ( GPIO->PIN[this->m_port]  >> this->m_bit ) & 0x01 );
      |                                                   ^~~~~
      |                                                   bit
../src/02-Gpio/Gpio.cpp:48:33: error: 'class Gpio' has no member named 'm_port'; did you mean 'port'?
   48 |     valor = ( ( GPIO->PIN[this->m_port]  >> this->m_bit ) & 0x01 );
      |                                 ^~~~~~
      |                                 port
../src/02-Gpio/Gpio.cpp:48:51: error: 'class Gpio' has no member named 'm_bit'; did you mean 'bit'?
   48 |     valor = ( ( GPIO->PIN[this->m_port]  >> this->m_bit ) & 0x01 );
      |                                                   ^~~~~
      |                                                   bit
../src/02-Gpio/Gpio.cpp: In member function 'virtual uint8_t Gpio::setPinMode()':
../src/02-Gpio/Gpio.cpp:58:1: warning: no return statement in function returning non-void [-Wreturn-type]
   58 | }
      | ^
../src/02-Gpio/Gpio.cpp: In member function 'virtual uint8_t Gpio::setPinResistor()':
../src/02-Gpio/Gpio.cpp:62:1: warning: no return statement in function returning non-void [-Wreturn-type]
   62 | }
      | ^
../src/02-Gpio/Gpio.cpp: In member function 'virtual uint8_t Gpio::setTogglePin()':
../src/02-Gpio/Gpio.cpp:93:1: warning: no return statement in function returning non-void [-Wreturn-type]
   93 | }
      | ^
make[1]: *** [src/02-Gpio/subdir.mk:20: src/02-Gpio/Gpio.o] Error 1
make: *** [makefile:52: all] Error 2
"make -r -j8 all" terminated with exit code 2. Build might be incomplete.
21:08:33 **** Incremental Build of configuration Debug for project GPIO ****
make -r -j8 all 
Building file: ../src/02-Gpio/Gpio.cpp
Invoking: MCU C++ Compiler
arm-none-eabi-c++ -DDEBUG -D__CODE_RED -D__NEWLIB__ -DCORE_M0PLUS -D__MTB_BUFFER_SIZE=256 -D__USE_ROMDIVIDE -DCPP_USE_HEAP -D__LPC84X__ -I"/home/dioswilson1/colegio/Informatica2/LPC845-BRK/GPIO/src/01-PIN" -I"/home/dioswilson1/colegio/Informatica2/LPC845-BRK/GPIO/src" -I"/home/dioswilson1/colegio/Informatica2/LPC845-BRK/GPIO/src/02-Gpio" -I"/home/dioswilson1/colegio/Informatica2/LPC845-BRK/GPIO/src/application" -I"/home/dioswilson1/colegio/Informatica2/LPC845-BRK/GPIO/src/firmware" -O0 -fno-common -g3 -Wall -c -fmessage-length=0 -fno-builtin -ffunction-sections -fdata-sections -fno-rtti -fno-exceptions -fmerge-constants -fmacro-prefix-map="../src/02-Gpio/"= -mcpu=cortex-m0 -mthumb -fstack-usage -MMD -MP -MF"src/02-Gpio/Gpio.d" -MT"src/02-Gpio/Gpio.o" -MT"src/02-Gpio/Gpio.d" -o "src/02-Gpio/Gpio.o" "../src/02-Gpio/Gpio.cpp"
../src/02-Gpio/Gpio.cpp: In member function 'virtual uint8_t Gpio::getPin()':
../src/02-Gpio/Gpio.cpp:48:49: error: 'class Gpio' has no member named 'mit'; did you mean 'bit'?
   48 |     valor = ( ( GPIO->PIN[this->port]  >> this->mit ) & 0x01 );
      |                                                 ^~~
      |                                                 bit
../src/02-Gpio/Gpio.cpp: In member function 'virtual uint8_t Gpio::setPinMode()':
../src/02-Gpio/Gpio.cpp:58:1: warning: no return statement in function returning non-void [-Wreturn-type]
   58 | }
      | ^
../src/02-Gpio/Gpio.cpp: In member function 'virtual uint8_t Gpio::setPinResistor()':
../src/02-Gpio/Gpio.cpp:62:1: warning: no return statement in function returning non-void [-Wreturn-type]
   62 | }
      | ^
../src/02-Gpio/Gpio.cpp: In member function 'virtual uint8_t Gpio::setTogglePin()':
../src/02-Gpio/Gpio.cpp:93:1: warning: no return statement in function returning non-void [-Wreturn-type]
   93 | }
      | ^
make[1]: *** [src/02-Gpio/subdir.mk:20: src/02-Gpio/Gpio.o] Error 1
make: *** [makefile:52: all] Error 2
"make -r -j8 all" terminated with exit code 2. Build might be incomplete.
21:08:50 **** Incremental Build of configuration Debug for project GPIO ****
make -r -j8 all 
Building file: ../src/02-Gpio/Gpio.cpp
Invoking: MCU C++ Compiler
arm-none-eabi-c++ -DDEBUG -D__CODE_RED -D__NEWLIB__ -DCORE_M0PLUS -D__MTB_BUFFER_SIZE=256 -D__USE_ROMDIVIDE -DCPP_USE_HEAP -D__LPC84X__ -I"/home/dioswilson1/colegio/Informatica2/LPC845-BRK/GPIO/src/01-PIN" -I"/home/dioswilson1/colegio/Informatica2/LPC845-BRK/GPIO/src" -I"/home/dioswilson1/colegio/Informatica2/LPC845-BRK/GPIO/src/02-Gpio" -I"/home/dioswilson1/colegio/Informatica2/LPC845-BRK/GPIO/src/application" -I"/home/dioswilson1/colegio/Informatica2/LPC845-BRK/GPIO/src/firmware" -O0 -fno-common -g3 -Wall -c -fmessage-length=0 -fno-builtin -ffunction-sections -fdata-sections -fno-rtti -fno-exceptions -fmerge-constants -fmacro-prefix-map="../src/02-Gpio/"= -mcpu=cortex-m0 -mthumb -fstack-usage -MMD -MP -MF"src/02-Gpio/Gpio.d" -MT"src/02-Gpio/Gpio.o" -MT"src/02-Gpio/Gpio.d" -o "src/02-Gpio/Gpio.o" "../src/02-Gpio/Gpio.cpp"
../src/02-Gpio/Gpio.cpp: In member function 'virtual uint8_t Gpio::setPinMode()':
../src/02-Gpio/Gpio.cpp:58:1: warning: no return statement in function returning non-void [-Wreturn-type]
   58 | }
      | ^
../src/02-Gpio/Gpio.cpp: In member function 'virtual uint8_t Gpio::setPinResistor()':
../src/02-Gpio/Gpio.cpp:62:1: warning: no return statement in function returning non-void [-Wreturn-type]
   62 | }
      | ^
../src/02-Gpio/Gpio.cpp: In member function 'virtual uint8_t Gpio::setTogglePin()':
../src/02-Gpio/Gpio.cpp:93:1: warning: no return statement in function returning non-void [-Wreturn-type]
   93 | }
      | ^
Finished building: ../src/02-Gpio/Gpio.cpp
 
Building target: GPIO.axf
Invoking: MCU C++ Linker
arm-none-eabi-c++ -nostdlib -Xlinker -Map="GPIO.map" -Xlinker --cref -Xlinker --gc-sections -Xlinker -print-memory-usage -mcpu=cortex-m0 -mthumb -T GPIO_Debug.ld -o "GPIO.axf"  ./src/firmware/aeabi_romdiv_patch.o ./src/firmware/cr_cpp_config.o ./src/firmware/cr_startup_lpc84x.o ./src/firmware/crp.o ./src/firmware/mtb.o  ./src/application/GPIOmain.o  ./src/02-Gpio/Gpio.o   
Memory region         Used Size  Region Size  %age Used
        MFlash64:       16488 B        64 KB     25.16%
        RamLoc16:        2504 B        16 KB     15.28%
Finished building target: GPIO.axf
 
Performing post-build steps
arm-none-eabi-size "GPIO.axf"; # arm-none-eabi-objcopy -v -O binary "GPIO.axf" "GPIO.bin" ; # checksum -p LPC845 -d "GPIO.bin";
   text	   data	    bss	    dec	    hex	filename
  14368	   2120	    384	  16872	   41e8	GPIO.axf
 
21:10:51 **** Incremental Build of configuration Debug for project GPIO ****
make -r -j8 all 
Building file: ../src/02-Gpio/Gpio.cpp
Invoking: MCU C++ Compiler
arm-none-eabi-c++ -DDEBUG -D__CODE_RED -D__NEWLIB__ -DCORE_M0PLUS -D__MTB_BUFFER_SIZE=256 -D__USE_ROMDIVIDE -DCPP_USE_HEAP -D__LPC84X__ -I"/home/dioswilson1/colegio/Informatica2/LPC845-BRK/GPIO/src/01-PIN" -I"/home/dioswilson1/colegio/Informatica2/LPC845-BRK/GPIO/src" -I"/home/dioswilson1/colegio/Informatica2/LPC845-BRK/GPIO/src/02-Gpio" -I"/home/dioswilson1/colegio/Informatica2/LPC845-BRK/GPIO/src/application" -I"/home/dioswilson1/colegio/Informatica2/LPC845-BRK/GPIO/src/firmware" -O0 -fno-common -g3 -Wall -c -fmessage-length=0 -fno-builtin -ffunction-sections -fdata-sections -fno-rtti -fno-exceptions -fmerge-constants -fmacro-prefix-map="../src/02-Gpio/"= -mcpu=cortex-m0 -mthumb -fstack-usage -MMD -MP -MF"src/02-Gpio/Gpio.d" -MT"src/02-Gpio/Gpio.o" -MT"src/02-Gpio/Gpio.d" -o "src/02-Gpio/Gpio.o" "../src/02-Gpio/Gpio.cpp"
../src/02-Gpio/Gpio.cpp: In member function 'virtual uint8_t Gpio::setPinMode()':
../src/02-Gpio/Gpio.cpp:56:1: warning: no return statement in function returning non-void [-Wreturn-type]
   56 | }
      | ^
../src/02-Gpio/Gpio.cpp: In member function 'virtual uint8_t Gpio::setPinResistor()':
../src/02-Gpio/Gpio.cpp:60:1: warning: no return statement in function returning non-void [-Wreturn-type]
   60 | }
      | ^
../src/02-Gpio/Gpio.cpp: In member function 'virtual uint8_t Gpio::setTogglePin()':
../src/02-Gpio/Gpio.cpp:91:1: warning: no return statement in function returning non-void [-Wreturn-type]
   91 | }
      | ^
Finished building: ../src/02-Gpio/Gpio.cpp
 
Building target: GPIO.axf
Invoking: MCU C++ Linker
arm-none-eabi-c++ -nostdlib -Xlinker -Map="GPIO.map" -Xlinker --cref -Xlinker --gc-sections -Xlinker -print-memory-usage -mcpu=cortex-m0 -mthumb -T GPIO_Debug.ld -o "GPIO.axf"  ./src/firmware/aeabi_romdiv_patch.o ./src/firmware/cr_cpp_config.o ./src/firmware/cr_startup_lpc84x.o ./src/firmware/crp.o ./src/firmware/mtb.o  ./src/application/GPIOmain.o  ./src/02-Gpio/Gpio.o   
Memory region         Used Size  Region Size  %age Used
        MFlash64:       16484 B        64 KB     25.15%
        RamLoc16:        2504 B        16 KB     15.28%
Finished building target: GPIO.axf
 
Performing post-build steps
arm-none-eabi-size "GPIO.axf"; # arm-none-eabi-objcopy -v -O binary "GPIO.axf" "GPIO.bin" ; # checksum -p LPC845 -d "GPIO.bin";
   text	   data	    bss	    dec	    hex	filename
  14364	   2120	    384	  16868	   41e4	GPIO.axf
 
