21:10:51 **** Incremental Build of configuration Debug for project GPIO ****
make -r -j8 all 
Building file: ../src/02-Gpio/Gpio.cpp
Invoking: MCU C++ Compiler
arm-none-eabi-c++ -DDEBUG -D__CODE_RED -D__NEWLIB__ -DCORE_M0PLUS -D__MTB_BUFFER_SIZE=256 -D__USE_ROMDIVIDE -DCPP_USE_HEAP -D__LPC84X__ -I"/home/dioswilson1/colegio/Informatica2/LPC845-BRK/GPIO/src/01-PIN" -I"/home/dioswilson1/colegio/Informatica2/LPC845-BRK/GPIO/src" -I"/home/dioswilson1/colegio/Informatica2/LPC845-BRK/GPIO/src/02-Gpio" -I"/home/dioswilson1/colegio/Informatica2/LPC845-BRK/GPIO/src/application" -I"/home/dioswilson1/colegio/Informatica2/LPC845-BRK/GPIO/src/firmware" -O0 -fno-common -g3 -Wall -c -fmessage-length=0 -fno-builtin -ffunction-sections -fdata-sections -fno-rtti -fno-exceptions -fmerge-constants -fmacro-prefix-map="../src/02-Gpio/"= -mcpu=cortex-m0 -mthumb -fstack-usage -MMD -MP -MF"src/02-Gpio/Gpio.d" -MT"src/02-Gpio/Gpio.o" -MT"src/02-Gpio/Gpio.d" -o "src/02-Gpio/Gpio.o" "../src/02-Gpio/Gpio.cpp"
../src/02-Gpio/Gpio.cpp: In member function 'virtual uint8_t Gpio::setPinMode()':
../src/02-Gpio/Gpio.cpp:56:1: warning: no return statement in function returning non-void [-Wreturn-type]
   56 | }
      | ^
../src/02-Gpio/Gpio.cpp: In member function 'virtual uint8_t Gpio::setPinResistor()':
../src/02-Gpio/Gpio.cpp:60:1: warning: no return statement in function returning non-void [-Wreturn-type]
   60 | }
      | ^
../src/02-Gpio/Gpio.cpp: In member function 'virtual uint8_t Gpio::setTogglePin()':
../src/02-Gpio/Gpio.cpp:91:1: warning: no return statement in function returning non-void [-Wreturn-type]
   91 | }
      | ^
Finished building: ../src/02-Gpio/Gpio.cpp
 
Building target: GPIO.axf
Invoking: MCU C++ Linker
arm-none-eabi-c++ -nostdlib -Xlinker -Map="GPIO.map" -Xlinker --cref -Xlinker --gc-sections -Xlinker -print-memory-usage -mcpu=cortex-m0 -mthumb -T GPIO_Debug.ld -o "GPIO.axf"  ./src/firmware/aeabi_romdiv_patch.o ./src/firmware/cr_cpp_config.o ./src/firmware/cr_startup_lpc84x.o ./src/firmware/crp.o ./src/firmware/mtb.o  ./src/application/GPIOmain.o  ./src/02-Gpio/Gpio.o   
Memory region         Used Size  Region Size  %age Used
        MFlash64:       16484 B        64 KB     25.15%
        RamLoc16:        2504 B        16 KB     15.28%
Finished building target: GPIO.axf
 
Performing post-build steps
arm-none-eabi-size "GPIO.axf"; # arm-none-eabi-objcopy -v -O binary "GPIO.axf" "GPIO.bin" ; # checksum -p LPC845 -d "GPIO.bin";
   text	   data	    bss	    dec	    hex	filename
  14364	   2120	    384	  16868	   41e4	GPIO.axf
 

21:10:51 Build Finished. 0 errors, 3 warnings. (took 522ms)

