Archive member included to satisfy reference by file (symbol)

/opt/mcuxpresso-ide/ide/plugins/com.nxp.mcuxpresso.tools.linux_11.7.1.202301190959/tools/bin/../lib/gcc/arm-none-eabi/10.3.1/../../../../arm-none-eabi/lib/thumb/v6-m/nofp/libc.a(lib_a-init.o)
                              ./src/cr_startup_lpc84x.o (__libc_init_array)
/opt/mcuxpresso-ide/ide/plugins/com.nxp.mcuxpresso.tools.linux_11.7.1.202301190959/tools/bin/../lib/gcc/arm-none-eabi/10.3.1/../../../../arm-none-eabi/lib/thumb/v6-m/nofp/libc.a(lib_a-malloc.o)
                              ./src/cr_cpp_config.o (malloc)
/opt/mcuxpresso-ide/ide/plugins/com.nxp.mcuxpresso.tools.linux_11.7.1.202301190959/tools/bin/../lib/gcc/arm-none-eabi/10.3.1/../../../../arm-none-eabi/lib/thumb/v6-m/nofp/libc.a(lib_a-mallocr.o)
                              /opt/mcuxpresso-ide/ide/plugins/com.nxp.mcuxpresso.tools.linux_11.7.1.202301190959/tools/bin/../lib/gcc/arm-none-eabi/10.3.1/../../../../arm-none-eabi/lib/thumb/v6-m/nofp/libc.a(lib_a-malloc.o) (_malloc_r)
/opt/mcuxpresso-ide/ide/plugins/com.nxp.mcuxpresso.tools.linux_11.7.1.202301190959/tools/bin/../lib/gcc/arm-none-eabi/10.3.1/../../../../arm-none-eabi/lib/thumb/v6-m/nofp/libc.a(lib_a-mlock.o)
                              /opt/mcuxpresso-ide/ide/plugins/com.nxp.mcuxpresso.tools.linux_11.7.1.202301190959/tools/bin/../lib/gcc/arm-none-eabi/10.3.1/../../../../arm-none-eabi/lib/thumb/v6-m/nofp/libc.a(lib_a-mallocr.o) (__malloc_lock)
/opt/mcuxpresso-ide/ide/plugins/com.nxp.mcuxpresso.tools.linux_11.7.1.202301190959/tools/bin/../lib/gcc/arm-none-eabi/10.3.1/../../../../arm-none-eabi/lib/thumb/v6-m/nofp/libc.a(lib_a-sbrkr.o)
                              /opt/mcuxpresso-ide/ide/plugins/com.nxp.mcuxpresso.tools.linux_11.7.1.202301190959/tools/bin/../lib/gcc/arm-none-eabi/10.3.1/../../../../arm-none-eabi/lib/thumb/v6-m/nofp/libc.a(lib_a-mallocr.o) (_sbrk_r)
/opt/mcuxpresso-ide/ide/plugins/com.nxp.mcuxpresso.tools.linux_11.7.1.202301190959/tools/bin/../lib/gcc/arm-none-eabi/10.3.1/../../../../arm-none-eabi/lib/thumb/v6-m/nofp/libc.a(lib_a-freer.o)
                              /opt/mcuxpresso-ide/ide/plugins/com.nxp.mcuxpresso.tools.linux_11.7.1.202301190959/tools/bin/../lib/gcc/arm-none-eabi/10.3.1/../../../../arm-none-eabi/lib/thumb/v6-m/nofp/libc.a(lib_a-malloc.o) (_free_r)
/opt/mcuxpresso-ide/ide/plugins/com.nxp.mcuxpresso.tools.linux_11.7.1.202301190959/tools/bin/../lib/gcc/arm-none-eabi/10.3.1/../../../../arm-none-eabi/lib/thumb/v6-m/nofp/libc.a(lib_a-impure.o)
                              /opt/mcuxpresso-ide/ide/plugins/com.nxp.mcuxpresso.tools.linux_11.7.1.202301190959/tools/bin/../lib/gcc/arm-none-eabi/10.3.1/../../../../arm-none-eabi/lib/thumb/v6-m/nofp/libc.a(lib_a-malloc.o) (_impure_ptr)
/opt/mcuxpresso-ide/ide/plugins/com.nxp.mcuxpresso.tools.linux_11.7.1.202301190959/tools/bin/../lib/gcc/arm-none-eabi/10.3.1/../../../../arm-none-eabi/lib/thumb/v6-m/nofp/libc.a(lib_a-lock.o)
                              /opt/mcuxpresso-ide/ide/plugins/com.nxp.mcuxpresso.tools.linux_11.7.1.202301190959/tools/bin/../lib/gcc/arm-none-eabi/10.3.1/../../../../arm-none-eabi/lib/thumb/v6-m/nofp/libc.a(lib_a-mlock.o) (__retarget_lock_acquire_recursive)
/opt/mcuxpresso-ide/ide/plugins/com.nxp.mcuxpresso.tools.linux_11.7.1.202301190959/tools/bin/../lib/gcc/arm-none-eabi/10.3.1/../../../../arm-none-eabi/lib/thumb/v6-m/nofp/libc.a(lib_a-reent.o)
                              /opt/mcuxpresso-ide/ide/plugins/com.nxp.mcuxpresso.tools.linux_11.7.1.202301190959/tools/bin/../lib/gcc/arm-none-eabi/10.3.1/../../../../arm-none-eabi/lib/thumb/v6-m/nofp/libc.a(lib_a-sbrkr.o) (errno)
/opt/mcuxpresso-ide/ide/plugins/com.nxp.mcuxpresso.tools.linux_11.7.1.202301190959/tools/bin/../lib/gcc/arm-none-eabi/10.3.1/../../../../arm-none-eabi/lib/thumb/v6-m/nofp/libstdc++.a(del_ops.o)
                              ./src/Gpio.o (operator delete(void*, unsigned int))
/opt/mcuxpresso-ide/ide/plugins/com.nxp.mcuxpresso.tools.linux_11.7.1.202301190959/tools/bin/../lib/gcc/arm-none-eabi/10.3.1/../../../../arm-none-eabi/lib/thumb/v6-m/nofp/libstdc++.a(pure.o)
                              ./src/Input.o (__cxa_pure_virtual)
/opt/mcuxpresso-ide/ide/plugins/com.nxp.mcuxpresso.tools.linux_11.7.1.202301190959/tools/bin/../lib/gcc/arm-none-eabi/10.3.1/../../../../arm-none-eabi/lib/thumb/v6-m/nofp/libstdc++.a(eh_terminate.o)
                              /opt/mcuxpresso-ide/ide/plugins/com.nxp.mcuxpresso.tools.linux_11.7.1.202301190959/tools/bin/../lib/gcc/arm-none-eabi/10.3.1/../../../../arm-none-eabi/lib/thumb/v6-m/nofp/libstdc++.a(pure.o) (std::terminate())
/opt/mcuxpresso-ide/ide/plugins/com.nxp.mcuxpresso.tools.linux_11.7.1.202301190959/tools/bin/../lib/gcc/arm-none-eabi/10.3.1/../../../../arm-none-eabi/lib/thumb/v6-m/nofp/libstdc++.a(eh_unex_handler.o)
[...]
Memory Configuration

Name             Origin             Length             Attributes
MFlash64         0x0000000000000000 0x0000000000010000 xr
RamLoc16         0x0000000010000000 0x0000000000004000 xrw
*default*        0x0000000000000000 0xffffffffffffffff

Linker script and memory map

LOAD ./src/GPIOmain.o
LOAD ./src/Gpio.o
LOAD ./src/Input.o
LOAD ./src/Output.o
LOAD ./src/aeabi_romdiv_patch.o
LOAD ./src/cr_cpp_config.o
LOAD ./src/cr_startup_lpc84x.o
LOAD ./src/crp.o
LOAD ./src/mtb.o
START GROUP
LOAD /opt/mcuxpresso-ide/ide/plugins/com.nxp.mcuxpresso.tools.linux_11.7.1.202301190959/tools/bin/../lib/gcc/arm-none-eabi/10.3.1/thumb/v6-m/nofp/libgcc.a
LOAD /opt/mcuxpresso-ide/ide/plugins/com.nxp.mcuxpresso.tools.linux_11.7.1.202301190959/tools/bin/../lib/gcc/arm-none-eabi/10.3.1/../../../../arm-none-eabi/lib/thumb/v6-m/nofp/libc.a
LOAD /opt/mcuxpresso-ide/ide/plugins/com.nxp.mcuxpresso.tools.linux_11.7.1.202301190959/tools/bin/../lib/gcc/arm-none-eabi/10.3.1/../../../../arm-none-eabi/lib/thumb/v6-m/nofp/libstdc++.a
LOAD /opt/mcuxpresso-ide/ide/plugins/com.nxp.mcuxpresso.tools.linux_11.7.1.202301190959/tools/bin/../lib/gcc/arm-none-eabi/10.3.1/../../../../arm-none-eabi/lib/thumb/v6-m/nofp/libm.a
LOAD /opt/mcuxpresso-ide/ide/plugins/com.nxp.mcuxpresso.tools.linux_11.7.1.202301190959/tools/bin/../lib/gcc/arm-none-eabi/10.3.1/../../../../arm-none-eabi/lib/thumb/v6-m/nofp/libcr_newlib_nohost.a
LOAD /opt/mcuxpresso-ide/ide/plugins/com.nxp.mcuxpresso.tools.linux_11.7.1.202301190959/tools/bin/../lib/gcc/arm-none-eabi/10.3.1/thumb/v6-m/nofp/crti.o
LOAD /opt/mcuxpresso-ide/ide/plugins/com.nxp.mcuxpresso.tools.linux_11.7.1.202301190959/tools/bin/../lib/gcc/arm-none-eabi/10.3.1/thumb/v6-m/nofp/crtn.o
LOAD /opt/mcuxpresso-ide/ide/plugins/com.nxp.mcuxpresso.tools.linux_11.7.1.202301190959/tools/bin/../lib/gcc/arm-none-eabi/10.3.1/thumb/v6-m/nofp/crtbegin.o
LOAD /opt/mcuxpresso-ide/ide/plugins/com.nxp.mcuxpresso.tools.linux_11.7.1.202301190959/tools/bin/../lib/gcc/arm-none-eabi/10.3.1/thumb/v6-m/nofp/crtend.o
END GROUP
                0x0000000000000000                __base_MFlash64 = 0x0
                0x0000000000000000                __base_Flash = 0x0
                0x0000000000010000                __top_MFlash64 = 0x10000
                0x0000000000010000                __top_Flash = 0x10000
                0x0000000010000000                __base_RamLoc16 = 0x10000000
                0x0000000010000000                __base_RAM = 0x10000000
                0x0000000010004000                __top_RamLoc16 = 0x10004000
                0x0000000010004000                __top_RAM = 0x10004000

.text           0x0000000000000000     0x3468
 FILL mask 0xff
                0x0000000000000000                __vectors_start__ = ABSOLUTE (.)
 *(.isr_vector)
 .isr_vector    0x0000000000000000       0xc0 ./src/cr_startup_lpc84x.o
                0x0000000000000000                g_pfnVectors
                0x00000000000000c0                . = ALIGN (0x4)
                0x00000000000000c0                __section_table_start = .
                0x00000000000000c0                __data_section_table = .
                0x00000000000000c0        0x4 LONG 0x36e8 LOADADDR (.data)
                0x00000000000000c4        0x4 LONG 0x10000100 ADDR (.data)
                0x00000000000000c8        0x4 LONG 0x848 SIZEOF (.data)
                0x00000000000000cc                __data_section_table_end = .
                0x00000000000000cc                __bss_section_table = .
                0x00000000000000cc        0x4 LONG 0x10000948 ADDR (.bss)
                0x00000000000000d0        0x4 LONG 0x80 SIZEOF (.bss)
                0x00000000000000d4                __bss_section_table_end = .
                0x00000000000000d4                __section_table_end = .
 *(.after_vectors*)
 .after_vectors
                0x00000000000000d4      0x144 ./src/cr_startup_lpc84x.o
                0x00000000000000d4                data_init(unsigned int, unsigned int, unsigned int)
                0x0000000000000114                bss_init(unsigned int, unsigned int)
                0x0000000000000148                ResetISR
                0x00000000000001f4                NMI_Handler
                0x00000000000001fa                HardFault_Handler
                0x0000000000000200                SVC_Handler
                0x0000000000000206                PendSV_Handler
                0x000000000000020c                SysTick_Handler
                0x0000000000000212                CMP_IRQHandler
                0x0000000000000212                PININT7_IRQHandler
                0x0000000000000212                I2C0_IRQHandler
                0x0000000000000212                WKT_IRQHandler
                0x0000000000000212                PININT2_IRQHandler
                0x0000000000000212                PININT1_IRQHandler
                0x0000000000000212                MRT_IRQHandler
                0x0000000000000212                I2C1_IRQHandler
                0x0000000000000212                UART1_IRQHandler
                0x0000000000000212                ADC_SEQB_IRQHandler
                0x0000000000000212                UART0_IRQHandler
                0x0000000000000212                SPI1_IRQHandler
                0x0000000000000212                IntDefaultHandler
                0x0000000000000212                ADC_OVR_IRQHandler
                0x0000000000000212                I2C2_IRQHandler
                0x0000000000000212                PININT3_IRQHandler
                0x0000000000000212                UART2_IRQHandler
                0x0000000000000212                PININT5_IRQHandler
                0x0000000000000212                PININT4_IRQHandler
                0x0000000000000212                ADC_THCMP_IRQHandler
                0x0000000000000212                PININT0_IRQHandler
                0x0000000000000212                BOD_IRQHandler
                0x0000000000000212                I2C3_IRQHandler
                0x0000000000000212                SCT_IRQHandler
                0x0000000000000212                WDT_IRQHandler
                0x0000000000000212                ADC_SEQA_IRQHandler
                0x0000000000000212                FAIM_IRQHandler
                0x0000000000000212                DAC0_IRQHandler
                0x0000000000000212                PININT6_IRQHandler
                0x0000000000000212                SPI0_IRQHandler
                0x0000000000000212                DMA_IRQHandler
                0x0000000000000212                FLASH_IRQHandler
                0x0000000000000212                CTIMER0_IRQHandler
                0x00000000000002fc                . = 0x2fc
 *fill*         0x0000000000000218       0xe4 ff
                0x00000000000002fc                PROVIDE (__CRP_WORD_START__ = .)
 *(.crp)
 .crp           0x00000000000002fc        0x4 ./src/crp.o
                0x00000000000002fc                CRP_WORD
                0x0000000000000300                PROVIDE (__CRP_WORD_END__ = .)
                0x0000000000000001                ASSERT (! ((__CRP_WORD_START__ == __CRP_WORD_END__)), Linker CRP Enabled, but no CRP_WORD provided within application)
 *(.text*)
 .text._Z10initializev
                0x0000000000000300       0x24 ./src/GPIOmain.o
                0x0000000000000300                initialize()
 .text.main     0x0000000000000324       0x32 ./src/GPIOmain.o
                0x0000000000000324                main
 *fill*         0x0000000000000356        0x2 ff
 .text._ZN4GpioC2ENS_6port_tEhhNS_11direction_tENS_10activity_tE
                0x0000000000000358       0xe8 ./src/Gpio.o
                0x0000000000000358                Gpio::Gpio(Gpio::port_t, unsigned char, unsigned char, Gpio::direction_t, Gpio::activity_t)
                0x0000000000000358                Gpio::Gpio(Gpio::port_t, unsigned char, unsigned char, Gpio::direction_t, Gpio::activity_t)
 .text._ZN4Gpio12setDirInputsEv
                0x0000000000000440       0x4a ./src/Gpio.o
                0x0000000000000440                Gpio::setDirInputs()
 .text._ZN4Gpio13setDirOutputsEv
                0x000000000000048a       0x4a ./src/Gpio.o
                0x000000000000048a                Gpio::setDirOutputs()
 .text._ZThn4_N4Gpio13setDirOutputsEv
                0x00000000000004d4       0x10 ./src/Gpio.o
                0x00000000000004d4                non-virtual thunk to Gpio::setDirOutputs()
 .text._ZN4Gpio6getPinEv
                0x00000000000004e4       0x12 ./src/Gpio.o
                0x00000000000004e4                Gpio::getPin()
 .text._ZN4Gpio10setPinModeEv
                0x00000000000004f6       0x12 ./src/Gpio.o
                0x00000000000004f6                Gpio::setPinMode()
 .text._ZN4Gpio6clrPinEv
                0x0000000000000508       0x12 ./src/Gpio.o
                0x0000000000000508                Gpio::clrPin()
 *fill*         0x000000000000051a        0x2 ff
 .text._ZThn4_N4Gpio6clrPinEv
                0x000000000000051c       0x10 ./src/Gpio.o
                0x000000000000051c                non-virtual thunk to Gpio::clrPin()
 .text._ZN4Gpio12setTogglePinEv
                0x000000000000052c       0x12 ./src/Gpio.o
                0x000000000000052c                Gpio::setTogglePin()
 *fill*         0x000000000000053e        0x2 ff
 .text._ZThn4_N4Gpio12setTogglePinEv
                0x0000000000000540       0x10 ./src/Gpio.o
                0x0000000000000540                non-virtual thunk to Gpio::setTogglePin()
 .text._ZN4Gpio14setPinResistorEv
                0x0000000000000550       0x12 ./src/Gpio.o
                0x0000000000000550                Gpio::setPinResistor()
 *fill*         0x0000000000000562        0x2 ff
 .text._ZThn4_N4Gpio14setPinResistorEv
                0x0000000000000564       0x10 ./src/Gpio.o
                0x0000000000000564                non-virtual thunk to Gpio::setPinResistor()
 .text._ZN4Gpio6setPinEv
                0x0000000000000574       0x94 ./src/Gpio.o
                0x0000000000000574                Gpio::setPin()
 .text._ZThn4_N4Gpio6setPinEv
                0x0000000000000608       0x10 ./src/Gpio.o
                0x0000000000000608                non-virtual thunk to Gpio::setPin()
 .text._ZN4GpioD2Ev
                0x0000000000000618       0x38 ./src/Gpio.o
                0x0000000000000618                Gpio::~Gpio()
                0x0000000000000618                Gpio::~Gpio()
 .text._ZThn4_N4GpioD1Ev
                0x0000000000000650       0x10 ./src/Gpio.o
                0x0000000000000650                non-virtual thunk to Gpio::~Gpio()
 .text._ZN4GpioD0Ev
                0x0000000000000660       0x24 ./src/Gpio.o
                0x0000000000000660                Gpio::~Gpio()
 .text._ZThn4_N4GpioD0Ev
                0x0000000000000684       0x10 ./src/Gpio.o
                0x0000000000000684                non-virtual thunk to Gpio::~Gpio()
 .text._ZN5InputC2Ev
                0x0000000000000694       0x1c ./src/Input.o
                0x0000000000000694                Input::Input()
                0x0000000000000694                Input::Input()
 .text._ZN5InputD2Ev
                0x00000000000006b0       0x1c ./src/Input.o
                0x00000000000006b0                Input::~Input()
                0x00000000000006b0                Input::~Input()
 .text._ZN6OutputC2Ev
                0x00000000000006cc       0x1c ./src/Output.o
                0x00000000000006cc                Output::Output()
                0x00000000000006cc                Output::Output()
 .text._ZN6OutputD2Ev
                0x00000000000006e8       0x1c ./src/Output.o
                0x00000000000006e8                Output::~Output()
                0x00000000000006e8                Output::~Output()
 .text._ZdlPv   0x0000000000000704       0x18 ./src/cr_cpp_config.o
                0x0000000000000704                operator delete(void*)
 .text._ZN9__gnu_cxx27__verbose_terminate_handlerEv
                0x000000000000071c        0x6 ./src/cr_cpp_config.o
                0x000000000000071c                __gnu_cxx::__verbose_terminate_handler()
 *fill*         0x0000000000000722        0x2 ff
 .text.__libc_init_array
                0x0000000000000724       0x44 /opt/mcuxpresso-ide/ide/plugins/com.nxp.mcuxpresso.tools.linux_11.7.1.202301190959/tools/bin/../lib/gcc/arm-none-eabi/10.3.1/../../../../arm-none-eabi/lib/thumb/v6-m/nofp/libc.a(lib_a-init.o)
                0x0000000000000724                __libc_init_array
 .text.malloc   0x0000000000000768       0x14 /opt/mcuxpresso-ide/ide/plugins/com.nxp.mcuxpresso.tools.linux_11.7.1.202301190959/tools/bin/../lib/gcc/arm-none-eabi/10.3.1/../../../../arm-none-eabi/lib/thumb/v6-m/nofp/libc.a(lib_a-malloc.o)
                0x0000000000000768                malloc
 .text.free     0x000000000000077c       0x14 /opt/mcuxpresso-ide/ide/plugins/com.nxp.mcuxpresso.tools.linux_11.7.1.202301190959/tools/bin/../lib/gcc/arm-none-eabi/10.3.1/../../../../arm-none-eabi/lib/thumb/v6-m/nofp/libc.a(lib_a-malloc.o)
                0x000000000000077c                free
 .text._malloc_r
                0x0000000000000790      0x584 /opt/mcuxpresso-ide/ide/plugins/com.nxp.mcuxpresso.tools.linux_11.7.1.202301190959/tools/bin/../lib/gcc/arm-none-eabi/10.3.1/../../../../arm-none-eabi/lib/thumb/v6-m/nofp/libc.a(lib_a-mallocr.o)
                0x0000000000000790                _malloc_r
 .text.__malloc_lock
                0x0000000000000d14       0x10 /opt/mcuxpresso-ide/ide/plugins/com.nxp.mcuxpresso.tools.linux_11.7.1.202301190959/tools/bin/../lib/gcc/arm-none-eabi/10.3.1/../../../../arm-none-eabi/lib/thumb/v6-m/nofp/libc.a(lib_a-mlock.o)
                0x0000000000000d14                __malloc_lock
 .text.__malloc_unlock
                0x0000000000000d24       0x10 /opt/mcuxpresso-ide/ide/plugins/com.nxp.mcuxpresso.tools.linux_11.7.1.202301190959/tools/bin/../lib/gcc/arm-none-eabi/10.3.1/../../../../arm-none-eabi/lib/thumb/v6-m/nofp/libc.a(lib_a-mlock.o)
                0x0000000000000d24                __malloc_unlock
 .text._sbrk_r  0x0000000000000d34       0x24 /opt/mcuxpresso-ide/ide/plugins/com.nxp.mcuxpresso.tools.linux_11.7.1.202301190959/tools/bin/../lib/gcc/arm-none-eabi/10.3.1/../../../../arm-none-eabi/lib/thumb/v6-m/nofp/libc.a(lib_a-sbrkr.o)
                0x0000000000000d34                _sbrk_r
 .text._malloc_trim_r
                0x0000000000000d58       0x9c /opt/mcuxpresso-ide/ide/plugins/com.nxp.mcuxpresso.tools.linux_11.7.1.202301190959/tools/bin/../lib/gcc/arm-none-eabi/10.3.1/../../../../arm-none-eabi/lib/thumb/v6-m/nofp/libc.a(lib_a-freer.o)
                0x0000000000000d58                _malloc_trim_r
 .text._free_r  0x0000000000000df4      0x1c4 /opt/mcuxpresso-ide/ide/plugins/com.nxp.mcuxpresso.tools.linux_11.7.1.202301190959/tools/bin/../lib/gcc/arm-none-eabi/10.3.1/../../../../arm-none-eabi/lib/thumb/v6-m/nofp/libc.a(lib_a-freer.o)
                0x0000000000000df4                _free_r
 .text.__retarget_lock_acquire_recursive
                0x0000000000000fb8        0x4 /opt/mcuxpresso-ide/ide/plugins/com.nxp.mcuxpresso.tools.linux_11.7.1.202301190959/tools/bin/../lib/gcc/arm-none-eabi/10.3.1/../../../../arm-none-eabi/lib/thumb/v6-m/nofp/libc.a(lib_a-lock.o)
                0x0000000000000fb8                __retarget_lock_acquire_recursive
 .text.__retarget_lock_release_recursive
                0x0000000000000fbc        0x4 /opt/mcuxpresso-ide/ide/plugins/com.nxp.mcuxpresso.tools.linux_11.7.1.202301190959/tools/bin/../lib/gcc/arm-none-eabi/10.3.1/../../../../arm-none-eabi/lib/thumb/v6-m/nofp/libc.a(lib_a-lock.o)
                0x0000000000000fbc                __retarget_lock_release_recursive
 .text._ZdlPvj  0x0000000000000fc0        0x8 /opt/mcuxpresso-ide/ide/plugins/com.nxp.mcuxpresso.tools.linux_11.7.1.202301190959/tools/bin/../lib/gcc/arm-none-eabi/10.3.1/../../../../arm-none-eabi/lib/thumb/v6-m/nofp/libstdc++.a(del_ops.o)
                0x0000000000000fc0                operator delete(void*, unsigned int)
 .text.__cxa_pure_virtual
                0x0000000000000fc8       0x14 /opt/mcuxpresso-ide/ide/plugins/com.nxp.mcuxpresso.tools.linux_11.7.1.202301190959/tools/bin/../lib/gcc/arm-none-eabi/10.3.1/../../../../arm-none-eabi/lib/thumb/v6-m/nofp/libstdc++.a(pure.o)
                0x0000000000000fc8                __cxa_pure_virtual
 .text._ZN10__cxxabiv111__terminateEPFvvE
                0x0000000000000fdc       0x28 /opt/mcuxpresso-ide/ide/plugins/com.nxp.mcuxpresso.tools.linux_11.7.1.202301190959/tools/bin/../lib/gcc/arm-none-eabi/10.3.1/../../../../arm-none-eabi/lib/thumb/v6-m/nofp/libstdc++.a(eh_terminate.o)
                0x0000000000000fdc                __cxxabiv1::__terminate(void (*)())
 .text._ZSt9terminatev
                0x0000000000001004       0x10 /opt/mcuxpresso-ide/ide/plugins/com.nxp.mcuxpresso.tools.linux_11.7.1.202301190959/tools/bin/../lib/gcc/arm-none-eabi/10.3.1/../../../../arm-none-eabi/lib/thumb/v6-m/nofp/libstdc++.a(eh_terminate.o)
                0x0000000000001004                std::terminate()
 .text._ZN10__cxxabiv112__unexpectedEPFvvE
                0x0000000000001014        0x8 /opt/mcuxpresso-ide/ide/plugins/com.nxp.mcuxpresso.tools.linux_11.7.1.202301190959/tools/bin/../lib/gcc/arm-none-eabi/10.3.1/../../../../arm-none-eabi/lib/thumb/v6-m/nofp/libstdc++.a(eh_terminate.o)
                0x0000000000001014                __cxxabiv1::__unexpected(void (*)())
 .text._ZSt10unexpectedv
                0x000000000000101c       0x10 /opt/mcuxpresso-ide/ide/plugins/com.nxp.mcuxpresso.tools.linux_11.7.1.202301190959/tools/bin/../lib/gcc/arm-none-eabi/10.3.1/../../../../arm-none-eabi/lib/thumb/v6-m/nofp/libstdc++.a(eh_terminate.o)
                0x000000000000101c                std::unexpected()
 .text._ZSt13get_terminatev
                0x000000000000102c        0xc /opt/mcuxpresso-ide/ide/plugins/com.nxp.mcuxpresso.tools.linux_11.7.1.202301190959/tools/bin/../lib/gcc/arm-none-eabi/10.3.1/../../../../arm-none-eabi/lib/thumb/v6-m/nofp/libstdc++.a(eh_terminate.o)
                0x000000000000102c                std::get_terminate()
 .text._ZSt14get_unexpectedv
                0x0000000000001038        0xc /opt/mcuxpresso-ide/ide/plugins/com.nxp.mcuxpresso.tools.linux_11.7.1.202301190959/tools/bin/../lib/gcc/arm-none-eabi/10.3.1/../../../../arm-none-eabi/lib/thumb/v6-m/nofp/libstdc++.a(eh_terminate.o)
                0x0000000000001038                std::get_unexpected()
 .text.__cxa_end_cleanup
                0x0000000000001044        0xc /opt/mcuxpresso-ide/ide/plugins/com.nxp.mcuxpresso.tools.linux_11.7.1.202301190959/tools/bin/../lib/gcc/arm-none-eabi/10.3.1/../../../../arm-none-eabi/lib/thumb/v6-m/nofp/libstdc++.a(eh_arm.o)
                0x0000000000001044                __cxa_end_cleanup
 .text.__cxa_type_match
                0x0000000000001050       0xc0 /opt/mcuxpresso-ide/ide/plugins/com.nxp.mcuxpresso.tools.linux_11.7.1.202301190959/tools/bin/../lib/gcc/arm-none-eabi/10.3.1/../../../../arm-none-eabi/lib/thumb/v6-m/nofp/libstdc++.a(eh_arm.o)
                0x0000000000001050                __cxa_type_match
 .text.__cxa_begin_cleanup
                0x0000000000001110       0x60 /opt/mcuxpresso-ide/ide/plugins/com.nxp.mcuxpresso.tools.linux_11.7.1.202301190959/tools/bin/../lib/gcc/arm-none-eabi/10.3.1/../../../../arm-none-eabi/lib/thumb/v6-m/nofp/libstdc++.a(eh_arm.o)
                0x0000000000001110                __cxa_begin_cleanup
 .text.__gnu_end_cleanup
                0x0000000000001170       0x70 /opt/mcuxpresso-ide/ide/plugins/com.nxp.mcuxpresso.tools.linux_11.7.1.202301190959/tools/bin/../lib/gcc/arm-none-eabi/10.3.1/../../../../arm-none-eabi/lib/thumb/v6-m/nofp/libstdc++.a(eh_arm.o)
                0x0000000000001170                __gnu_end_cleanup
 .text._ZN10__cxxabiv1L24__is_gxx_exception_classEPc
                0x00000000000011e0       0x3c /opt/mcuxpresso-ide/ide/plugins/com.nxp.mcuxpresso.tools.linux_11.7.1.202301190959/tools/bin/../lib/gcc/arm-none-eabi/10.3.1/../../../../arm-none-eabi/lib/thumb/v6-m/nofp/libstdc++.a(eh_call.o)
 .text.__cxa_call_terminate
                0x000000000000121c       0x20 /opt/mcuxpresso-ide/ide/plugins/com.nxp.mcuxpresso.tools.linux_11.7.1.202301190959/tools/bin/../lib/gcc/arm-none-eabi/10.3.1/../../../../arm-none-eabi/lib/thumb/v6-m/nofp/libstdc++.a(eh_call.o)
                0x000000000000121c                __cxa_call_terminate
 .text.unlikely.__cxa_call_unexpected
                0x000000000000123c      0x100 /opt/mcuxpresso-ide/ide/plugins/com.nxp.mcuxpresso.tools.linux_11.7.1.202301190959/tools/bin/../lib/gcc/arm-none-eabi/10.3.1/../../../../arm-none-eabi/lib/thumb/v6-m/nofp/libstdc++.a(eh_call.o)
                0x000000000000123c                __cxa_call_unexpected
 .text.__cxa_begin_catch
                0x000000000000133c       0x74 /opt/mcuxpresso-ide/ide/plugins/com.nxp.mcuxpresso.tools.linux_11.7.1.202301190959/tools/bin/../lib/gcc/arm-none-eabi/10.3.1/../../../../arm-none-eabi/lib/thumb/v6-m/nofp/libstdc++.a(eh_catch.o)
                0x000000000000133c                __cxa_begin_catch
 .text.__cxa_end_catch
                0x00000000000013b0       0x90 /opt/mcuxpresso-ide/ide/plugins/com.nxp.mcuxpresso.tools.linux_11.7.1.202301190959/tools/bin/../lib/gcc/arm-none-eabi/10.3.1/../../../../arm-none-eabi/lib/thumb/v6-m/nofp/libstdc++.a(eh_catch.o)
                0x00000000000013b0                __cxa_end_catch
 .text._ZNSt13bad_exceptionD2Ev
                0x0000000000001440        0x4 /opt/mcuxpresso-ide/ide/plugins/com.nxp.mcuxpresso.tools.linux_11.7.1.202301190959/tools/bin/../lib/gcc/arm-none-eabi/10.3.1/../../../../arm-none-eabi/lib/thumb/v6-m/nofp/libstdc++.a(eh_exception.o)
                0x0000000000001440                std::bad_exception::~bad_exception()
                0x0000000000001440                std::bad_exception::~bad_exception()
 .text._ZNKSt13bad_exception4whatEv
                0x0000000000001444        0x8 /opt/mcuxpresso-ide/ide/plugins/com.nxp.mcuxpresso.tools.linux_11.7.1.202301190959/tools/bin/../lib/gcc/arm-none-eabi/10.3.1/../../../../arm-none-eabi/lib/thumb/v6-m/nofp/libstdc++.a(eh_exception.o)
                0x0000000000001444                transaction clone for std::bad_exception::what() const
                0x0000000000001444                std::bad_exception::what() const
 .text._ZNSt13bad_exceptionD0Ev
                0x000000000000144c       0x10 /opt/mcuxpresso-ide/ide/plugins/com.nxp.mcuxpresso.tools.linux_11.7.1.202301190959/tools/bin/../lib/gcc/arm-none-eabi/10.3.1/../../../../arm-none-eabi/lib/thumb/v6-m/nofp/libstdc++.a(eh_exception.o)
                0x000000000000144c                std::bad_exception::~bad_exception()
 .text.__cxa_get_globals_fast
                0x000000000000145c        0x8 /opt/mcuxpresso-ide/ide/plugins/com.nxp.mcuxpresso.tools.linux_11.7.1.202301190959/tools/bin/../lib/gcc/arm-none-eabi/10.3.1/../../../../arm-none-eabi/lib/thumb/v6-m/nofp/libstdc++.a(eh_globals.o)
                0x000000000000145c                __cxa_get_globals_fast
 .text.__cxa_get_globals
                0x0000000000001464        0x8 /opt/mcuxpresso-ide/ide/plugins/com.nxp.mcuxpresso.tools.linux_11.7.1.202301190959/tools/bin/../lib/gcc/arm-none-eabi/10.3.1/../../../../arm-none-eabi/lib/thumb/v6-m/nofp/libstdc++.a(eh_globals.o)
                0x0000000000001464                __cxa_get_globals
 .text._ZL28read_encoded_value_with_basehjPKhPj
                0x000000000000146c      0x114 /opt/mcuxpresso-ide/ide/plugins/com.nxp.mcuxpresso.tools.linux_11.7.1.202301190959/tools/bin/../lib/gcc/arm-none-eabi/10.3.1/../../../../arm-none-eabi/lib/thumb/v6-m/nofp/libstdc++.a(eh_personality.o)
 .text._ZL21base_of_encoded_valuehP15_Unwind_Context
                0x0000000000001580       0x48 /opt/mcuxpresso-ide/ide/plugins/com.nxp.mcuxpresso.tools.linux_11.7.1.202301190959/tools/bin/../lib/gcc/arm-none-eabi/10.3.1/../../../../arm-none-eabi/lib/thumb/v6-m/nofp/libstdc++.a(eh_personality.o)
 .text._ZL17parse_lsda_headerP15_Unwind_ContextPKhP16lsda_header_info
                0x00000000000015c8       0x98 /opt/mcuxpresso-ide/ide/plugins/com.nxp.mcuxpresso.tools.linux_11.7.1.202301190959/tools/bin/../lib/gcc/arm-none-eabi/10.3.1/../../../../arm-none-eabi/lib/thumb/v6-m/nofp/libstdc++.a(eh_personality.o)
 .text.__gxx_personality_v0
                0x0000000000001660      0x4c8 /opt/mcuxpresso-ide/ide/plugins/com.nxp.mcuxpresso.tools.linux_11.7.1.202301190959/tools/bin/../lib/gcc/arm-none-eabi/10.3.1/../../../../arm-none-eabi/lib/thumb/v6-m/nofp/libstdc++.a(eh_personality.o)
                0x0000000000001660                __gxx_personality_v0
 .text._ZL23__gxx_exception_cleanup19_Unwind_Reason_CodeP21_Unwind_Control_Block
                0x0000000000001b28       0x34 /opt/mcuxpresso-ide/ide/plugins/com.nxp.mcuxpresso.tools.linux_11.7.1.202301190959/tools/bin/../lib/gcc/arm-none-eabi/10.3.1/../../../../arm-none-eabi/lib/thumb/v6-m/nofp/libstdc++.a(eh_throw.o)
 .text.__cxa_init_primary_exception
                0x0000000000001b5c       0x4c /opt/mcuxpresso-ide/ide/plugins/com.nxp.mcuxpresso.tools.linux_11.7.1.202301190959/tools/bin/../lib/gcc/arm-none-eabi/10.3.1/../../../../arm-none-eabi/lib/thumb/v6-m/nofp/libstdc++.a(eh_throw.o)
                0x0000000000001b5c                __cxa_init_primary_exception
 .text.__cxa_throw
                0x0000000000001ba8       0x34 /opt/mcuxpresso-ide/ide/plugins/com.nxp.mcuxpresso.tools.linux_11.7.1.202301190959/tools/bin/../lib/gcc/arm-none-eabi/10.3.1/../../../../arm-none-eabi/lib/thumb/v6-m/nofp/libstdc++.a(eh_throw.o)
                0x0000000000001ba8                __cxa_throw
 .text.__cxa_rethrow
                0x0000000000001bdc       0x70 /opt/mcuxpresso-ide/ide/plugins/com.nxp.mcuxpresso.tools.linux_11.7.1.202301190959/tools/bin/../lib/gcc/arm-none-eabi/10.3.1/../../../../arm-none-eabi/lib/thumb/v6-m/nofp/libstdc++.a(eh_throw.o)
                0x0000000000001bdc                __cxa_rethrow
 .text._ZN10__cxxabiv120__si_class_type_infoD2Ev
                0x0000000000001c4c       0x18 /opt/mcuxpresso-ide/ide/plugins/com.nxp.mcuxpresso.tools.linux_11.7.1.202301190959/tools/bin/../lib/gcc/arm-none-eabi/10.3.1/../../../../arm-none-eabi/lib/thumb/v6-m/nofp/libstdc++.a(si_class_type_info.o)
                0x0000000000001c4c                __cxxabiv1::__si_class_type_info::~__si_class_type_info()
                0x0000000000001c4c                __cxxabiv1::__si_class_type_info::~__si_class_type_info()
 .text._ZN10__cxxabiv120__si_class_type_infoD0Ev
                0x0000000000001c64       0x20 /opt/mcuxpresso-ide/ide/plugins/com.nxp.mcuxpresso.tools.linux_11.7.1.202301190959/tools/bin/../lib/gcc/arm-none-eabi/10.3.1/../../../../arm-none-eabi/lib/thumb/v6-m/nofp/libstdc++.a(si_class_type_info.o)
                0x0000000000001c64                __cxxabiv1::__si_class_type_info::~__si_class_type_info()
 .text._ZNK10__cxxabiv120__si_class_type_info20__do_find_public_srcEiPKvPKNS_17__class_type_infoES2_
                0x0000000000001c84       0x38 /opt/mcuxpresso-ide/ide/plugins/com.nxp.mcuxpresso.tools.linux_11.7.1.202301190959/tools/bin/../lib/gcc/arm-none-eabi/10.3.1/../../../../arm-none-eabi/lib/thumb/v6-m/nofp/libstdc++.a(si_class_type_info.o)
                0x0000000000001c84                __cxxabiv1::__si_class_type_info::__do_find_public_src(int, void const*, __cxxabiv1::__class_type_info const*, void const*) const
 .text._ZNK10__cxxabiv120__si_class_type_info12__do_dyncastEiNS_17__class_type_info10__sub_kindEPKS1_PKvS4_S6_RNS1_16__dyncast_resultE
                0x0000000000001cbc       0x9c /opt/mcuxpresso-ide/ide/plugins/com.nxp.mcuxpresso.tools.linux_11.7.1.202301190959/tools/bin/../lib/gcc/arm-none-eabi/10.3.1/../../../../arm-none-eabi/lib/thumb/v6-m/nofp/libstdc++.a(si_class_type_info.o)
                0x0000000000001cbc                __cxxabiv1::__si_class_type_info::__do_dyncast(int, __cxxabiv1::__class_type_info::__sub_kind, __cxxabiv1::__class_type_info const*, void const*, __cxxabiv1::__class_type_info const*, void const*, __cxxabiv1::__class_type_info::__dyncast_result&) const
 .text._ZNK10__cxxabiv120__si_class_type_info11__do_upcastEPKNS_17__class_type_infoEPKvRNS1_15__upcast_resultE
                0x0000000000001d58       0x24 /opt/mcuxpresso-ide/ide/plugins/com.nxp.mcuxpresso.tools.linux_11.7.1.202301190959/tools/bin/../lib/gcc/arm-none-eabi/10.3.1/../../../../arm-none-eabi/lib/thumb/v6-m/nofp/libstdc++.a(si_class_type_info.o)
                0x0000000000001d58                __cxxabiv1::__si_class_type_info::__do_upcast(__cxxabiv1::__class_type_info const*, void const*, __cxxabiv1::__class_type_info::__upcast_result&) const
 .text._ZNSt9type_infoD2Ev
                0x0000000000001d7c        0x4 /opt/mcuxpresso-ide/ide/plugins/com.nxp.mcuxpresso.tools.linux_11.7.1.202301190959/tools/bin/../lib/gcc/arm-none-eabi/10.3.1/../../../../arm-none-eabi/lib/thumb/v6-m/nofp/libstdc++.a(tinfo.o)
                0x0000000000001d7c                std::type_info::~type_info()
                0x0000000000001d7c                std::type_info::~type_info()
 .text._ZNKSt9type_info14__is_pointer_pEv
                0x0000000000001d80        0x4 /opt/mcuxpresso-ide/ide/plugins/com.nxp.mcuxpresso.tools.linux_11.7.1.202301190959/tools/bin/../lib/gcc/arm-none-eabi/10.3.1/../../../../arm-none-eabi/lib/thumb/v6-m/nofp/libstdc++.a(tinfo.o)
                0x0000000000001d80                std::type_info::__is_function_p() const
                0x0000000000001d80                std::type_info::__is_pointer_p() const
 .text._ZNKSt9type_infoeqERKS_
                0x0000000000001d84       0x30 /opt/mcuxpresso-ide/ide/plugins/com.nxp.mcuxpresso.tools.linux_11.7.1.202301190959/tools/bin/../lib/gcc/arm-none-eabi/10.3.1/../../../../arm-none-eabi/lib/thumb/v6-m/nofp/libstdc++.a(tinfo.o)
                0x0000000000001d84                std::type_info::operator==(std::type_info const&) const
 .text._ZNK10__cxxabiv117__class_type_info11__do_upcastEPKS0_PPv
                0x0000000000001db4       0x34 /opt/mcuxpresso-ide/ide/plugins/com.nxp.mcuxpresso.tools.linux_11.7.1.202301190959/tools/bin/../lib/gcc/arm-none-eabi/10.3.1/../../../../arm-none-eabi/lib/thumb/v6-m/nofp/libstdc++.a(class_type_info.o)
                0x0000000000001db4                __cxxabiv1::__class_type_info::__do_upcast(__cxxabiv1::__class_type_info const*, void**) const
 .text._ZNK10__cxxabiv117__class_type_info20__do_find_public_srcEiPKvPKS0_S2_
                0x0000000000001de8       0x14 /opt/mcuxpresso-ide/ide/plugins/com.nxp.mcuxpresso.tools.linux_11.7.1.202301190959/tools/bin/../lib/gcc/arm-none-eabi/10.3.1/../../../../arm-none-eabi/lib/thumb/v6-m/nofp/libstdc++.a(class_type_info.o)
                0x0000000000001de8                __cxxabiv1::__class_type_info::__do_find_public_src(int, void const*, __cxxabiv1::__class_type_info const*, void const*) const
 .text._ZN10__cxxabiv117__class_type_infoD2Ev
                0x0000000000001dfc       0x18 /opt/mcuxpresso-ide/ide/plugins/com.nxp.mcuxpresso.tools.linux_11.7.1.202301190959/tools/bin/../lib/gcc/arm-none-eabi/10.3.1/../../../../arm-none-eabi/lib/thumb/v6-m/nofp/libstdc++.a(class_type_info.o)
                0x0000000000001dfc                __cxxabiv1::__class_type_info::~__class_type_info()
                0x0000000000001dfc                __cxxabiv1::__class_type_info::~__class_type_info()
 .text._ZN10__cxxabiv117__class_type_infoD0Ev
                0x0000000000001e14       0x20 /opt/mcuxpresso-ide/ide/plugins/com.nxp.mcuxpresso.tools.linux_11.7.1.202301190959/tools/bin/../lib/gcc/arm-none-eabi/10.3.1/../../../../arm-none-eabi/lib/thumb/v6-m/nofp/libstdc++.a(class_type_info.o)
                0x0000000000001e14                __cxxabiv1::__class_type_info::~__class_type_info()
 .text._ZNK10__cxxabiv117__class_type_info12__do_dyncastEiNS0_10__sub_kindEPKS0_PKvS3_S5_RNS0_16__dyncast_resultE
                0x0000000000001e34       0x40 /opt/mcuxpresso-ide/ide/plugins/com.nxp.mcuxpresso.tools.linux_11.7.1.202301190959/tools/bin/../lib/gcc/arm-none-eabi/10.3.1/../../../../arm-none-eabi/lib/thumb/v6-m/nofp/libstdc++.a(class_type_info.o)
                0x0000000000001e34                __cxxabiv1::__class_type_info::__do_dyncast(int, __cxxabiv1::__class_type_info::__sub_kind, __cxxabiv1::__class_type_info const*, void const*, __cxxabiv1::__class_type_info const*, void const*, __cxxabiv1::__class_type_info::__dyncast_result&) const
 .text._ZNK10__cxxabiv117__class_type_info11__do_upcastEPKS0_PKvRNS0_15__upcast_resultE
                0x0000000000001e74       0x1c /opt/mcuxpresso-ide/ide/plugins/com.nxp.mcuxpresso.tools.linux_11.7.1.202301190959/tools/bin/../lib/gcc/arm-none-eabi/10.3.1/../../../../arm-none-eabi/lib/thumb/v6-m/nofp/libstdc++.a(class_type_info.o)
                0x0000000000001e74                __cxxabiv1::__class_type_info::__do_upcast(__cxxabiv1::__class_type_info const*, void const*, __cxxabiv1::__class_type_info::__upcast_result&) const
 .text._ZNK10__cxxabiv117__class_type_info10__do_catchEPKSt9type_infoPPvj
                0x0000000000001e90       0x24 /opt/mcuxpresso-ide/ide/plugins/com.nxp.mcuxpresso.tools.linux_11.7.1.202301190959/tools/bin/../lib/gcc/arm-none-eabi/10.3.1/../../../../arm-none-eabi/lib/thumb/v6-m/nofp/libstdc++.a(class_type_info.o)
                0x0000000000001e90                __cxxabiv1::__class_type_info::__do_catch(std::type_info const*, void**, unsigned int) const
 .text._ZN12_GLOBAL__N_14pool4freeEPv.constprop.0
                0x0000000000001eb4       0x78 /opt/mcuxpresso-ide/ide/plugins/com.nxp.mcuxpresso.tools.linux_11.7.1.202301190959/tools/bin/../lib/gcc/arm-none-eabi/10.3.1/../../../../arm-none-eabi/lib/thumb/v6-m/nofp/libstdc++.a(eh_alloc.o)
 .text._ZN12_GLOBAL__N_14pool8allocateEj.constprop.0
                0x0000000000001f2c       0x54 /opt/mcuxpresso-ide/ide/plugins/com.nxp.mcuxpresso.tools.linux_11.7.1.202301190959/tools/bin/../lib/gcc/arm-none-eabi/10.3.1/../../../../arm-none-eabi/lib/thumb/v6-m/nofp/libstdc++.a(eh_alloc.o)
 .text.__cxa_allocate_exception
                0x0000000000001f80       0x2c /opt/mcuxpresso-ide/ide/plugins/com.nxp.mcuxpresso.tools.linux_11.7.1.202301190959/tools/bin/../lib/gcc/arm-none-eabi/10.3.1/../../../../arm-none-eabi/lib/thumb/v6-m/nofp/libstdc++.a(eh_alloc.o)
                0x0000000000001f80                __cxa_allocate_exception
 .text.__cxa_free_exception
                0x0000000000001fac       0x24 /opt/mcuxpresso-ide/ide/plugins/com.nxp.mcuxpresso.tools.linux_11.7.1.202301190959/tools/bin/../lib/gcc/arm-none-eabi/10.3.1/../../../../arm-none-eabi/lib/thumb/v6-m/nofp/libstdc++.a(eh_alloc.o)
                0x0000000000001fac                __cxa_free_exception
 .text.startup._GLOBAL__sub_I__ZN9__gnu_cxx9__freeresEv
                0x0000000000001fd0       0x2c /opt/mcuxpresso-ide/ide/plugins/com.nxp.mcuxpresso.tools.linux_11.7.1.202301190959/tools/bin/../lib/gcc/arm-none-eabi/10.3.1/../../../../arm-none-eabi/lib/thumb/v6-m/nofp/libstdc++.a(eh_alloc.o)
 .text._sbrk    0x0000000000001ffc       0x40 /opt/mcuxpresso-ide/ide/plugins/com.nxp.mcuxpresso.tools.linux_11.7.1.202301190959/tools/bin/../lib/gcc/arm-none-eabi/10.3.1/../../../../arm-none-eabi/lib/thumb/v6-m/nofp/libcr_newlib_nohost.a(_cr_sbrk.o)
                0x0000000000001ffc                _sbrk
 .text.abort    0x000000000000203c        0x2 /opt/mcuxpresso-ide/ide/plugins/com.nxp.mcuxpresso.tools.linux_11.7.1.202301190959/tools/bin/../lib/gcc/arm-none-eabi/10.3.1/../../../../arm-none-eabi/lib/thumb/v6-m/nofp/libcr_newlib_nohost.a(cr_abort.o)
                0x000000000000203c                abort
 *fill*         0x000000000000203e        0x2 ff
 .text.__check_heap_overflow
                0x0000000000002040       0x18 /opt/mcuxpresso-ide/ide/plugins/com.nxp.mcuxpresso.tools.linux_11.7.1.202301190959/tools/bin/../lib/gcc/arm-none-eabi/10.3.1/../../../../arm-none-eabi/lib/thumb/v6-m/nofp/libcr_newlib_nohost.a(_cr_check_heap.o)
                0x0000000000002040                __check_heap_overflow
 .text          0x0000000000002058       0x48 /opt/mcuxpresso-ide/ide/plugins/com.nxp.mcuxpresso.tools.linux_11.7.1.202301190959/tools/bin/../lib/gcc/arm-none-eabi/10.3.1/thumb/v6-m/nofp/crtbegin.o
 .text          0x00000000000020a0      0xa30 /opt/mcuxpresso-ide/ide/plugins/com.nxp.mcuxpresso.tools.linux_11.7.1.202301190959/tools/bin/../lib/gcc/arm-none-eabi/10.3.1/thumb/v6-m/nofp/libgcc.a(unwind-arm.o)
                0x000000000000236c                _Unwind_GetCFA
                0x0000000000002370                __gnu_Unwind_RaiseException
                0x00000000000023c4                __gnu_Unwind_ForcedUnwind
                0x00000000000023d8                __gnu_Unwind_Resume
                0x0000000000002420                __gnu_Unwind_Resume_or_Rethrow
                0x000000000000243c                _Unwind_Complete
                0x0000000000002440                _Unwind_DeleteException
                0x0000000000002450                _Unwind_VRS_Get
                0x000000000000249c                _Unwind_VRS_Set
                0x00000000000024e8                __gnu_Unwind_Backtrace
                0x0000000000002844                __aeabi_unwind_cpp_pr0
                0x0000000000002850                __aeabi_unwind_cpp_pr1
                0x000000000000285c                __aeabi_unwind_cpp_pr2
                0x0000000000002868                _Unwind_VRS_Pop
 .text          0x0000000000002ad0      0x144 /opt/mcuxpresso-ide/ide/plugins/com.nxp.mcuxpresso.tools.linux_11.7.1.202301190959/tools/bin/../lib/gcc/arm-none-eabi/10.3.1/thumb/v6-m/nofp/libgcc.a(libunwind.o)
                0x0000000000002ad0                __restore_core_regs
                0x0000000000002ad0                restore_core_regs
                0x0000000000002afc                __gnu_Unwind_Restore_VFP
                0x0000000000002b00                __gnu_Unwind_Save_VFP
                0x0000000000002b04                __gnu_Unwind_Restore_VFP_D
                0x0000000000002b08                __gnu_Unwind_Save_VFP_D
                0x0000000000002b0c                __gnu_Unwind_Restore_VFP_D_16_to_31
                0x0000000000002b10                __gnu_Unwind_Save_VFP_D_16_to_31
                0x0000000000002b14                __gnu_Unwind_Restore_WMMXD
                0x0000000000002b18                __gnu_Unwind_Save_WMMXD
                0x0000000000002b1c                __gnu_Unwind_Restore_WMMXC
                0x0000000000002b20                __gnu_Unwind_Save_WMMXC
                0x0000000000002b24                ___Unwind_RaiseException
                0x0000000000002b24                _Unwind_RaiseException
                0x0000000000002b54                ___Unwind_Resume
                0x0000000000002b54                _Unwind_Resume
                0x0000000000002b84                _Unwind_Resume_or_Rethrow
                0x0000000000002b84                ___Unwind_Resume_or_Rethrow
                0x0000000000002bb4                ___Unwind_ForcedUnwind
                0x0000000000002bb4                _Unwind_ForcedUnwind
                0x0000000000002be4                _Unwind_Backtrace
                0x0000000000002be4                ___Unwind_Backtrace
 .text          0x0000000000002c14      0x38c /opt/mcuxpresso-ide/ide/plugins/com.nxp.mcuxpresso.tools.linux_11.7.1.202301190959/tools/bin/../lib/gcc/arm-none-eabi/10.3.1/thumb/v6-m/nofp/libgcc.a(pr-support.o)
                0x0000000000002c68                __gnu_unwind_execute
                0x0000000000002f58                __gnu_unwind_frame
                0x0000000000002f80                _Unwind_GetRegionStart
                0x0000000000002f8c                _Unwind_GetLanguageSpecificData
 .text.unlikely
                0x0000000000002fa0        0xc /opt/mcuxpresso-ide/ide/plugins/com.nxp.mcuxpresso.tools.linux_11.7.1.202301190959/tools/bin/../lib/gcc/arm-none-eabi/10.3.1/thumb/v6-m/nofp/libgcc.a(pr-support.o)
                0x0000000000002fa0                _Unwind_GetDataRelBase
                0x0000000000002fa6                _Unwind_GetTextRelBase
 .text.__errno  0x0000000000002fac        0xc /opt/mcuxpresso-ide/ide/plugins/com.nxp.mcuxpresso.tools.linux_11.7.1.202301190959/tools/bin/../lib/gcc/arm-none-eabi/10.3.1/../../../../arm-none-eabi/lib/thumb/v6-m/nofp/libc.a(lib_a-errno.o)
                0x0000000000002fac                __errno
 .text.memcpy   0x0000000000002fb8       0xa4 /opt/mcuxpresso-ide/ide/plugins/com.nxp.mcuxpresso.tools.linux_11.7.1.202301190959/tools/bin/../lib/gcc/arm-none-eabi/10.3.1/../../../../arm-none-eabi/lib/thumb/v6-m/nofp/libc.a(lib_a-memcpy-stub.o)
                0x0000000000002fb8                memcpy
 .text.memset   0x000000000000305c       0xa8 /opt/mcuxpresso-ide/ide/plugins/com.nxp.mcuxpresso.tools.linux_11.7.1.202301190959/tools/bin/../lib/gcc/arm-none-eabi/10.3.1/../../../../arm-none-eabi/lib/thumb/v6-m/nofp/libc.a(lib_a-memset.o)
                0x000000000000305c                memset
 .text          0x0000000000003104       0x88 /opt/mcuxpresso-ide/ide/plugins/com.nxp.mcuxpresso.tools.linux_11.7.1.202301190959/tools/bin/../lib/gcc/arm-none-eabi/10.3.1/../../../../arm-none-eabi/lib/thumb/v6-m/nofp/libc.a(lib_a-strcmp.o)
                0x0000000000003104                strcmp
 .text.write    0x000000000000318c       0x18 /opt/mcuxpresso-ide/ide/plugins/com.nxp.mcuxpresso.tools.linux_11.7.1.202301190959/tools/bin/../lib/gcc/arm-none-eabi/10.3.1/../../../../arm-none-eabi/lib/thumb/v6-m/nofp/libc.a(lib_a-syswrite.o)
                0x000000000000318c                write
 .text._write_r
                0x00000000000031a4       0x28 /opt/mcuxpresso-ide/ide/plugins/com.nxp.mcuxpresso.tools.linux_11.7.1.202301190959/tools/bin/../lib/gcc/arm-none-eabi/10.3.1/../../../../arm-none-eabi/lib/thumb/v6-m/nofp/libc.a(lib_a-writer.o)
                0x00000000000031a4                _write_r
 .text._write   0x00000000000031cc       0x10 /opt/mcuxpresso-ide/ide/plugins/com.nxp.mcuxpresso.tools.linux_11.7.1.202301190959/tools/bin/../lib/gcc/arm-none-eabi/10.3.1/../../../../arm-none-eabi/lib/thumb/v6-m/nofp/libcr_newlib_nohost.a(write.o)
                0x00000000000031cc                _write
 *(.rodata .rodata.* .constdata .constdata.*)
 .rodata._ZTV4Gpio
                0x00000000000031dc       0x54 ./src/Gpio.o
                0x00000000000031dc                vtable for Gpio
 .rodata._ZTV5Input
                0x0000000000003230       0x1c ./src/Input.o
                0x0000000000003230                vtable for Input
 .rodata._ZTV6Output
                0x000000000000324c       0x24 ./src/Output.o
                0x000000000000324c                vtable for Output
 .rodata.__cxa_pure_virtual.str1.4
                0x0000000000003270       0x1c /opt/mcuxpresso-ide/ide/plugins/com.nxp.mcuxpresso.tools.linux_11.7.1.202301190959/tools/bin/../lib/gcc/arm-none-eabi/10.3.1/../../../../arm-none-eabi/lib/thumb/v6-m/nofp/libstdc++.a(pure.o)
 .rodata._ZNKSt13bad_exception4whatEv.str1.4
                0x000000000000328c       0x13 /opt/mcuxpresso-ide/ide/plugins/com.nxp.mcuxpresso.tools.linux_11.7.1.202301190959/tools/bin/../lib/gcc/arm-none-eabi/10.3.1/../../../../arm-none-eabi/lib/thumb/v6-m/nofp/libstdc++.a(eh_exception.o)
 *fill*         0x000000000000329f        0x1 ff
 .rodata._ZTIN10__cxxabiv115__forced_unwindE
                0x00000000000032a0        0x8 /opt/mcuxpresso-ide/ide/plugins/com.nxp.mcuxpresso.tools.linux_11.7.1.202301190959/tools/bin/../lib/gcc/arm-none-eabi/10.3.1/../../../../arm-none-eabi/lib/thumb/v6-m/nofp/libstdc++.a(eh_exception.o)
                0x00000000000032a0                typeinfo for __cxxabiv1::__forced_unwind
 .rodata._ZTIN10__cxxabiv119__foreign_exceptionE
                0x00000000000032a8        0x8 /opt/mcuxpresso-ide/ide/plugins/com.nxp.mcuxpresso.tools.linux_11.7.1.202301190959/tools/bin/../lib/gcc/arm-none-eabi/10.3.1/../../../../arm-none-eabi/lib/thumb/v6-m/nofp/libstdc++.a(eh_exception.o)
                0x00000000000032a8                typeinfo for __cxxabiv1::__foreign_exception
 .rodata._ZTISt13bad_exception
                0x00000000000032b0        0xc /opt/mcuxpresso-ide/ide/plugins/com.nxp.mcuxpresso.tools.linux_11.7.1.202301190959/tools/bin/../lib/gcc/arm-none-eabi/10.3.1/../../../../arm-none-eabi/lib/thumb/v6-m/nofp/libstdc++.a(eh_exception.o)
                0x00000000000032b0                typeinfo for std::bad_exception
 .rodata._ZTISt9exception
                0x00000000000032bc        0x8 /opt/mcuxpresso-ide/ide/plugins/com.nxp.mcuxpresso.tools.linux_11.7.1.202301190959/tools/bin/../lib/gcc/arm-none-eabi/10.3.1/../../../../arm-none-eabi/lib/thumb/v6-m/nofp/libstdc++.a(eh_exception.o)
                0x00000000000032bc                typeinfo for std::exception
 .rodata._ZTSN10__cxxabiv115__forced_unwindE
                0x00000000000032c4       0x20 /opt/mcuxpresso-ide/ide/plugins/com.nxp.mcuxpresso.tools.linux_11.7.1.202301190959/tools/bin/../lib/gcc/arm-none-eabi/10.3.1/../../../../arm-none-eabi/lib/thumb/v6-m/nofp/libstdc++.a(eh_exception.o)
                0x00000000000032c4                typeinfo name for __cxxabiv1::__forced_unwind
 .rodata._ZTSN10__cxxabiv119__foreign_exceptionE
                0x00000000000032e4       0x24 /opt/mcuxpresso-ide/ide/plugins/com.nxp.mcuxpresso.tools.linux_11.7.1.202301190959/tools/bin/../lib/gcc/arm-none-eabi/10.3.1/../../../../arm-none-eabi/lib/thumb/v6-m/nofp/libstdc++.a(eh_exception.o)
                0x00000000000032e4                typeinfo name for __cxxabiv1::__foreign_exception
 .rodata._ZTSSt13bad_exception
                0x0000000000003308       0x12 /opt/mcuxpresso-ide/ide/plugins/com.nxp.mcuxpresso.tools.linux_11.7.1.202301190959/tools/bin/../lib/gcc/arm-none-eabi/10.3.1/../../../../arm-none-eabi/lib/thumb/v6-m/nofp/libstdc++.a(eh_exception.o)
                0x0000000000003308                typeinfo name for std::bad_exception
 *fill*         0x000000000000331a        0x2 ff
 .rodata._ZTSSt9exception
                0x000000000000331c        0xd /opt/mcuxpresso-ide/ide/plugins/com.nxp.mcuxpresso.tools.linux_11.7.1.202301190959/tools/bin/../lib/gcc/arm-none-eabi/10.3.1/../../../../arm-none-eabi/lib/thumb/v6-m/nofp/libstdc++.a(eh_exception.o)
                0x000000000000331c                typeinfo name for std::exception
 *fill*         0x0000000000003329        0x3 ff
 .rodata._ZTVSt13bad_exception
                0x000000000000332c       0x14 /opt/mcuxpresso-ide/ide/plugins/com.nxp.mcuxpresso.tools.linux_11.7.1.202301190959/tools/bin/../lib/gcc/arm-none-eabi/10.3.1/../../../../arm-none-eabi/lib/thumb/v6-m/nofp/libstdc++.a(eh_exception.o)
                0x000000000000332c                vtable for std::bad_exception
 .rodata._ZL28read_encoded_value_with_basehjPKhPj
                0x0000000000003340       0x34 /opt/mcuxpresso-ide/ide/plugins/com.nxp.mcuxpresso.tools.linux_11.7.1.202301190959/tools/bin/../lib/gcc/arm-none-eabi/10.3.1/../../../../arm-none-eabi/lib/thumb/v6-m/nofp/libstdc++.a(eh_personality.o)
 .rodata._ZTIN10__cxxabiv120__si_class_type_infoE
                0x0000000000003374        0xc /opt/mcuxpresso-ide/ide/plugins/com.nxp.mcuxpresso.tools.linux_11.7.1.202301190959/tools/bin/../lib/gcc/arm-none-eabi/10.3.1/../../../../arm-none-eabi/lib/thumb/v6-m/nofp/libstdc++.a(si_class_type_info.o)
                0x0000000000003374                typeinfo for __cxxabiv1::__si_class_type_info
 .rodata._ZTSN10__cxxabiv120__si_class_type_infoE
                0x0000000000003380       0x25 /opt/mcuxpresso-ide/ide/plugins/com.nxp.mcuxpresso.tools.linux_11.7.1.202301190959/tools/bin/../lib/gcc/arm-none-eabi/10.3.1/../../../../arm-none-eabi/lib/thumb/v6-m/nofp/libstdc++.a(si_class_type_info.o)
                0x0000000000003380                typeinfo name for __cxxabiv1::__si_class_type_info
 *fill*         0x00000000000033a5        0x3 ff
 .rodata._ZTVN10__cxxabiv120__si_class_type_infoE
                0x00000000000033a8       0x2c /opt/mcuxpresso-ide/ide/plugins/com.nxp.mcuxpresso.tools.linux_11.7.1.202301190959/tools/bin/../lib/gcc/arm-none-eabi/10.3.1/../../../../arm-none-eabi/lib/thumb/v6-m/nofp/libstdc++.a(si_class_type_info.o)
                0x00000000000033a8                vtable for __cxxabiv1::__si_class_type_info
 .rodata._ZTISt9type_info
                0x00000000000033d4        0x8 /opt/mcuxpresso-ide/ide/plugins/com.nxp.mcuxpresso.tools.linux_11.7.1.202301190959/tools/bin/../lib/gcc/arm-none-eabi/10.3.1/../../../../arm-none-eabi/lib/thumb/v6-m/nofp/libstdc++.a(tinfo.o)
                0x00000000000033d4                typeinfo for std::type_info
 .rodata._ZTSSt9type_info
                0x00000000000033dc        0xd /opt/mcuxpresso-ide/ide/plugins/com.nxp.mcuxpresso.tools.linux_11.7.1.202301190959/tools/bin/../lib/gcc/arm-none-eabi/10.3.1/../../../../arm-none-eabi/lib/thumb/v6-m/nofp/libstdc++.a(tinfo.o)
                0x00000000000033dc                typeinfo name for std::type_info
 *fill*         0x00000000000033e9        0x3 ff
 .rodata._ZTIN10__cxxabiv117__class_type_infoE
                0x00000000000033ec        0xc /opt/mcuxpresso-ide/ide/plugins/com.nxp.mcuxpresso.tools.linux_11.7.1.202301190959/tools/bin/../lib/gcc/arm-none-eabi/10.3.1/../../../../arm-none-eabi/lib/thumb/v6-m/nofp/libstdc++.a(class_type_info.o)
                0x00000000000033ec                typeinfo for __cxxabiv1::__class_type_info
 .rodata._ZTSN10__cxxabiv117__class_type_infoE
                0x00000000000033f8       0x22 /opt/mcuxpresso-ide/ide/plugins/com.nxp.mcuxpresso.tools.linux_11.7.1.202301190959/tools/bin/../lib/gcc/arm-none-eabi/10.3.1/../../../../arm-none-eabi/lib/thumb/v6-m/nofp/libstdc++.a(class_type_info.o)
                0x00000000000033f8                typeinfo name for __cxxabiv1::__class_type_info
 *fill*         0x000000000000341a        0x2 ff
 .rodata._ZTVN10__cxxabiv117__class_type_infoE
                0x000000000000341c       0x2c /opt/mcuxpresso-ide/ide/plugins/com.nxp.mcuxpresso.tools.linux_11.7.1.202301190959/tools/bin/../lib/gcc/arm-none-eabi/10.3.1/../../../../arm-none-eabi/lib/thumb/v6-m/nofp/libstdc++.a(class_type_info.o)
                0x000000000000341c                vtable for __cxxabiv1::__class_type_info
                0x0000000000003448                . = ALIGN (0x4)
                0x0000000000003448                . = ALIGN (0x4)
 *(.init)
 .init          0x0000000000003448        0x4 /opt/mcuxpresso-ide/ide/plugins/com.nxp.mcuxpresso.tools.linux_11.7.1.202301190959/tools/bin/../lib/gcc/arm-none-eabi/10.3.1/thumb/v6-m/nofp/crti.o
                0x0000000000003448                _init
 .init          0x000000000000344c        0x8 /opt/mcuxpresso-ide/ide/plugins/com.nxp.mcuxpresso.tools.linux_11.7.1.202301190959/tools/bin/../lib/gcc/arm-none-eabi/10.3.1/thumb/v6-m/nofp/crtn.o
                0x0000000000003454                . = ALIGN (0x4)
                0x0000000000003454                __preinit_array_start = .
 *(.preinit_array)
                0x0000000000003454                __preinit_array_end = .
                0x0000000000003454                . = ALIGN (0x4)
                0x0000000000003454                __init_array_start = .
 *(SORT_BY_NAME(.init_array.*))
 *(.init_array)
 .init_array    0x0000000000003454        0x4 /opt/mcuxpresso-ide/ide/plugins/com.nxp.mcuxpresso.tools.linux_11.7.1.202301190959/tools/bin/../lib/gcc/arm-none-eabi/10.3.1/../../../../arm-none-eabi/lib/thumb/v6-m/nofp/libstdc++.a(eh_alloc.o)
 .init_array    0x0000000000003458        0x4 /opt/mcuxpresso-ide/ide/plugins/com.nxp.mcuxpresso.tools.linux_11.7.1.202301190959/tools/bin/../lib/gcc/arm-none-eabi/10.3.1/thumb/v6-m/nofp/crtbegin.o
                0x000000000000345c                __init_array_end = .
 *(.fini)
 .fini          0x000000000000345c        0x4 /opt/mcuxpresso-ide/ide/plugins/com.nxp.mcuxpresso.tools.linux_11.7.1.202301190959/tools/bin/../lib/gcc/arm-none-eabi/10.3.1/thumb/v6-m/nofp/crti.o
                0x000000000000345c                _fini
 .fini          0x0000000000003460        0x8 /opt/mcuxpresso-ide/ide/plugins/com.nxp.mcuxpresso.tools.linux_11.7.1.202301190959/tools/bin/../lib/gcc/arm-none-eabi/10.3.1/thumb/v6-m/nofp/crtn.o
                0x0000000000003468                . = ALIGN (0x4)
 *crtbegin.o(.ctors)
 *(EXCLUDE_FILE(*crtend.o) .ctors)
 *(SORT_BY_NAME(.ctors.*))
 *crtend.o(.ctors)
                0x0000000000003468                . = ALIGN (0x4)
 *crtbegin.o(.dtors)
 *(EXCLUDE_FILE(*crtend.o) .dtors)
 *(SORT_BY_NAME(.dtors.*))
 *crtend.o(.dtors)
                0x0000000000003468                . = ALIGN (0x4)

.glue_7         0x0000000000003468        0x0
 .glue_7        0x0000000000003468        0x0 linker stubs

.glue_7t        0x0000000000003468        0x0
 .glue_7t       0x0000000000003468        0x0 linker stubs

.vfp11_veneer   0x0000000000003468        0x0
 .vfp11_veneer  0x0000000000003468        0x0 linker stubs

.v4_bx          0x0000000000003468        0x0
 .v4_bx         0x0000000000003468        0x0 linker stubs

.iplt           0x0000000000003468        0x0
 .iplt          0x0000000000003468        0x0 ./src/GPIOmain.o

.ARM.extab      0x0000000000003468       0xd8
 *(.ARM.extab* .gnu.linkonce.armextab.*)
 .ARM.extab.text._ZN10__cxxabiv111__terminateEPFvvE
                0x0000000000003468       0x28 /opt/mcuxpresso-ide/ide/plugins/com.nxp.mcuxpresso.tools.linux_11.7.1.202301190959/tools/bin/../lib/gcc/arm-none-eabi/10.3.1/../../../../arm-none-eabi/lib/thumb/v6-m/nofp/libstdc++.a(eh_terminate.o)
 .ARM.extab.text.__cxa_type_match
                0x0000000000003490        0xc /opt/mcuxpresso-ide/ide/plugins/com.nxp.mcuxpresso.tools.linux_11.7.1.202301190959/tools/bin/../lib/gcc/arm-none-eabi/10.3.1/../../../../arm-none-eabi/lib/thumb/v6-m/nofp/libstdc++.a(eh_arm.o)
 .ARM.extab.text.unlikely.__cxa_call_unexpected
                0x000000000000349c       0x28 /opt/mcuxpresso-ide/ide/plugins/com.nxp.mcuxpresso.tools.linux_11.7.1.202301190959/tools/bin/../lib/gcc/arm-none-eabi/10.3.1/../../../../arm-none-eabi/lib/thumb/v6-m/nofp/libstdc++.a(eh_call.o)
 .ARM.extab.text.__cxa_begin_catch
                0x00000000000034c4        0xc /opt/mcuxpresso-ide/ide/plugins/com.nxp.mcuxpresso.tools.linux_11.7.1.202301190959/tools/bin/../lib/gcc/arm-none-eabi/10.3.1/../../../../arm-none-eabi/lib/thumb/v6-m/nofp/libstdc++.a(eh_catch.o)
 .ARM.extab.text._ZL28read_encoded_value_with_basehjPKhPj
                0x00000000000034d0        0xc /opt/mcuxpresso-ide/ide/plugins/com.nxp.mcuxpresso.tools.linux_11.7.1.202301190959/tools/bin/../lib/gcc/arm-none-eabi/10.3.1/../../../../arm-none-eabi/lib/thumb/v6-m/nofp/libstdc++.a(eh_personality.o)
 .ARM.extab.text.__gxx_personality_v0
                0x00000000000034dc       0x28 /opt/mcuxpresso-ide/ide/plugins/com.nxp.mcuxpresso.tools.linux_11.7.1.202301190959/tools/bin/../lib/gcc/arm-none-eabi/10.3.1/../../../../arm-none-eabi/lib/thumb/v6-m/nofp/libstdc++.a(eh_personality.o)
 .ARM.extab.text._ZNK10__cxxabiv120__si_class_type_info12__do_dyncastEiNS_17__class_type_info10__sub_kindEPKS1_PKvS4_S6_RNS1_16__dyncast_resultE
                0x0000000000003504        0xc /opt/mcuxpresso-ide/ide/plugins/com.nxp.mcuxpresso.tools.linux_11.7.1.202301190959/tools/bin/../lib/gcc/arm-none-eabi/10.3.1/../../../../arm-none-eabi/lib/thumb/v6-m/nofp/libstdc++.a(si_class_type_info.o)
 .ARM.extab     0x0000000000003510       0x24 /opt/mcuxpresso-ide/ide/plugins/com.nxp.mcuxpresso.tools.linux_11.7.1.202301190959/tools/bin/../lib/gcc/arm-none-eabi/10.3.1/thumb/v6-m/nofp/libgcc.a(unwind-arm.o)
 .ARM.extab     0x0000000000003534        0xc /opt/mcuxpresso-ide/ide/plugins/com.nxp.mcuxpresso.tools.linux_11.7.1.202301190959/tools/bin/../lib/gcc/arm-none-eabi/10.3.1/thumb/v6-m/nofp/libgcc.a(pr-support.o)

.eh_frame       0x0000000000003540        0x0
 .eh_frame      0x0000000000003540        0x0 /opt/mcuxpresso-ide/ide/plugins/com.nxp.mcuxpresso.tools.linux_11.7.1.202301190959/tools/bin/../lib/gcc/arm-none-eabi/10.3.1/thumb/v6-m/nofp/crtbegin.o

.ARM.exidx      0x0000000000003540      0x1a8
                0x0000000000003540                __exidx_start = .
 *(.ARM.exidx* .gnu.linkonce.armexidx.*)
 .ARM.exidx.text._ZdlPvj
                0x0000000000003540        0x8 /opt/mcuxpresso-ide/ide/plugins/com.nxp.mcuxpresso.tools.linux_11.7.1.202301190959/tools/bin/../lib/gcc/arm-none-eabi/10.3.1/../../../../arm-none-eabi/lib/thumb/v6-m/nofp/libstdc++.a(del_ops.o)
 .ARM.exidx.text.__cxa_pure_virtual
                0x0000000000003548        0x8 /opt/mcuxpresso-ide/ide/plugins/com.nxp.mcuxpresso.tools.linux_11.7.1.202301190959/tools/bin/../lib/gcc/arm-none-eabi/10.3.1/../../../../arm-none-eabi/lib/thumb/v6-m/nofp/libstdc++.a(pure.o)
 .ARM.exidx.text._ZN10__cxxabiv111__terminateEPFvvE
                0x0000000000003550        0x8 /opt/mcuxpresso-ide/ide/plugins/com.nxp.mcuxpresso.tools.linux_11.7.1.202301190959/tools/bin/../lib/gcc/arm-none-eabi/10.3.1/../../../../arm-none-eabi/lib/thumb/v6-m/nofp/libstdc++.a(eh_terminate.o)
 .ARM.exidx.text._ZSt9terminatev
                0x0000000000003558        0x8 /opt/mcuxpresso-ide/ide/plugins/com.nxp.mcuxpresso.tools.linux_11.7.1.202301190959/tools/bin/../lib/gcc/arm-none-eabi/10.3.1/../../../../arm-none-eabi/lib/thumb/v6-m/nofp/libstdc++.a(eh_terminate.o)
 .ARM.exidx.text._ZN10__cxxabiv112__unexpectedEPFvvE
                0x0000000000003560        0x8 /opt/mcuxpresso-ide/ide/plugins/com.nxp.mcuxpresso.tools.linux_11.7.1.202301190959/tools/bin/../lib/gcc/arm-none-eabi/10.3.1/../../../../arm-none-eabi/lib/thumb/v6-m/nofp/libstdc++.a(eh_terminate.o)
 .ARM.exidx.text._ZSt10unexpectedv
                0x0000000000003568        0x0 /opt/mcuxpresso-ide/ide/plugins/com.nxp.mcuxpresso.tools.linux_11.7.1.202301190959/tools/bin/../lib/gcc/arm-none-eabi/10.3.1/../../../../arm-none-eabi/lib/thumb/v6-m/nofp/libstdc++.a(eh_terminate.o)
                                          0x8 (size before relaxing)
 .ARM.exidx.text._ZSt13get_terminatev
                0x0000000000003568        0x8 /opt/mcuxpresso-ide/ide/plugins/com.nxp.mcuxpresso.tools.linux_11.7.1.202301190959/tools/bin/../lib/gcc/arm-none-eabi/10.3.1/../../../../arm-none-eabi/lib/thumb/v6-m/nofp/libstdc++.a(eh_terminate.o)
 .ARM.exidx.text._ZSt14get_unexpectedv
                0x0000000000003570        0x0 /opt/mcuxpresso-ide/ide/plugins/com.nxp.mcuxpresso.tools.linux_11.7.1.202301190959/tools/bin/../lib/gcc/arm-none-eabi/10.3.1/../../../../arm-none-eabi/lib/thumb/v6-m/nofp/libstdc++.a(eh_terminate.o)
                                          0x8 (size before relaxing)
 .ARM.exidx.text.__cxa_type_match
                0x0000000000003570        0x8 /opt/mcuxpresso-ide/ide/plugins/com.nxp.mcuxpresso.tools.linux_11.7.1.202301190959/tools/bin/../lib/gcc/arm-none-eabi/10.3.1/../../../../arm-none-eabi/lib/thumb/v6-m/nofp/libstdc++.a(eh_arm.o)
 .ARM.exidx.text.__cxa_begin_cleanup
                0x0000000000003578        0x8 /opt/mcuxpresso-ide/ide/plugins/com.nxp.mcuxpresso.tools.linux_11.7.1.202301190959/tools/bin/../lib/gcc/arm-none-eabi/10.3.1/../../../../arm-none-eabi/lib/thumb/v6-m/nofp/libstdc++.a(eh_arm.o)
 .ARM.exidx.text.__gnu_end_cleanup
                0x0000000000003580        0x0 /opt/mcuxpresso-ide/ide/plugins/com.nxp.mcuxpresso.tools.linux_11.7.1.202301190959/tools/bin/../lib/gcc/arm-none-eabi/10.3.1/../../../../arm-none-eabi/lib/thumb/v6-m/nofp/libstdc++.a(eh_arm.o)
                                          0x8 (size before relaxing)
 .ARM.exidx.text._ZN10__cxxabiv1L24__is_gxx_exception_classEPc
                0x0000000000003580        0x0 /opt/mcuxpresso-ide/ide/plugins/com.nxp.mcuxpresso.tools.linux_11.7.1.202301190959/tools/bin/../lib/gcc/arm-none-eabi/10.3.1/../../../../arm-none-eabi/lib/thumb/v6-m/nofp/libstdc++.a(eh_call.o)
                                          0x8 (size before relaxing)
 .ARM.exidx.text.__cxa_call_terminate
                0x0000000000003580        0x0 /opt/mcuxpresso-ide/ide/plugins/com.nxp.mcuxpresso.tools.linux_11.7.1.202301190959/tools/bin/../lib/gcc/arm-none-eabi/10.3.1/../../../../arm-none-eabi/lib/thumb/v6-m/nofp/libstdc++.a(eh_call.o)
                                          0x8 (size before relaxing)
 .ARM.exidx.text.unlikely.__cxa_call_unexpected
                0x0000000000003580        0x8 /opt/mcuxpresso-ide/ide/plugins/com.nxp.mcuxpresso.tools.linux_11.7.1.202301190959/tools/bin/../lib/gcc/arm-none-eabi/10.3.1/../../../../arm-none-eabi/lib/thumb/v6-m/nofp/libstdc++.a(eh_call.o)
 .ARM.exidx.text.__cxa_begin_catch
                0x0000000000003588        0x8 /opt/mcuxpresso-ide/ide/plugins/com.nxp.mcuxpresso.tools.linux_11.7.1.202301190959/tools/bin/../lib/gcc/arm-none-eabi/10.3.1/../../../../arm-none-eabi/lib/thumb/v6-m/nofp/libstdc++.a(eh_catch.o)
 .ARM.exidx.text.__cxa_end_catch
                0x0000000000003590        0x8 /opt/mcuxpresso-ide/ide/plugins/com.nxp.mcuxpresso.tools.linux_11.7.1.202301190959/tools/bin/../lib/gcc/arm-none-eabi/10.3.1/../../../../arm-none-eabi/lib/thumb/v6-m/nofp/libstdc++.a(eh_catch.o)
 .ARM.exidx.text._ZNSt13bad_exceptionD2Ev
                0x0000000000003598        0x8 /opt/mcuxpresso-ide/ide/plugins/com.nxp.mcuxpresso.tools.linux_11.7.1.202301190959/tools/bin/../lib/gcc/arm-none-eabi/10.3.1/../../../../arm-none-eabi/lib/thumb/v6-m/nofp/libstdc++.a(eh_exception.o)
 .ARM.exidx.text._ZNKSt13bad_exception4whatEv
                0x00000000000035a0        0x0 /opt/mcuxpresso-ide/ide/plugins/com.nxp.mcuxpresso.tools.linux_11.7.1.202301190959/tools/bin/../lib/gcc/arm-none-eabi/10.3.1/../../../../arm-none-eabi/lib/thumb/v6-m/nofp/libstdc++.a(eh_exception.o)
                                          0x8 (size before relaxing)
 .ARM.exidx.text._ZNSt13bad_exceptionD0Ev
                0x00000000000035a0        0x0 /opt/mcuxpresso-ide/ide/plugins/com.nxp.mcuxpresso.tools.linux_11.7.1.202301190959/tools/bin/../lib/gcc/arm-none-eabi/10.3.1/../../../../arm-none-eabi/lib/thumb/v6-m/nofp/libstdc++.a(eh_exception.o)
                                          0x8 (size before relaxing)
 .ARM.exidx.text.__cxa_get_globals_fast
                0x00000000000035a0        0x0 /opt/mcuxpresso-ide/ide/plugins/com.nxp.mcuxpresso.tools.linux_11.7.1.202301190959/tools/bin/../lib/gcc/arm-none-eabi/10.3.1/../../../../arm-none-eabi/lib/thumb/v6-m/nofp/libstdc++.a(eh_globals.o)
                                          0x8 (size before relaxing)
 .ARM.exidx.text.__cxa_get_globals
                0x00000000000035a0        0x0 /opt/mcuxpresso-ide/ide/plugins/com.nxp.mcuxpresso.tools.linux_11.7.1.202301190959/tools/bin/../lib/gcc/arm-none-eabi/10.3.1/../../../../arm-none-eabi/lib/thumb/v6-m/nofp/libstdc++.a(eh_globals.o)
                                          0x8 (size before relaxing)
 .ARM.exidx.text._ZL28read_encoded_value_with_basehjPKhPj
                0x00000000000035a0        0x8 /opt/mcuxpresso-ide/ide/plugins/com.nxp.mcuxpresso.tools.linux_11.7.1.202301190959/tools/bin/../lib/gcc/arm-none-eabi/10.3.1/../../../../arm-none-eabi/lib/thumb/v6-m/nofp/libstdc++.a(eh_personality.o)
 .ARM.exidx.text._ZL21base_of_encoded_valuehP15_Unwind_Context
                0x00000000000035a8        0x8 /opt/mcuxpresso-ide/ide/plugins/com.nxp.mcuxpresso.tools.linux_11.7.1.202301190959/tools/bin/../lib/gcc/arm-none-eabi/10.3.1/../../../../arm-none-eabi/lib/thumb/v6-m/nofp/libstdc++.a(eh_personality.o)
 .ARM.exidx.text._ZL17parse_lsda_headerP15_Unwind_ContextPKhP16lsda_header_info
                0x00000000000035b0        0x8 /opt/mcuxpresso-ide/ide/plugins/com.nxp.mcuxpresso.tools.linux_11.7.1.202301190959/tools/bin/../lib/gcc/arm-none-eabi/10.3.1/../../../../arm-none-eabi/lib/thumb/v6-m/nofp/libstdc++.a(eh_personality.o)
 .ARM.exidx.text.__gxx_personality_v0
                0x00000000000035b8        0x8 /opt/mcuxpresso-ide/ide/plugins/com.nxp.mcuxpresso.tools.linux_11.7.1.202301190959/tools/bin/../lib/gcc/arm-none-eabi/10.3.1/../../../../arm-none-eabi/lib/thumb/v6-m/nofp/libstdc++.a(eh_personality.o)
 .ARM.exidx.text._ZL23__gxx_exception_cleanup19_Unwind_Reason_CodeP21_Unwind_Control_Block
                0x00000000000035c0        0x8 /opt/mcuxpresso-ide/ide/plugins/com.nxp.mcuxpresso.tools.linux_11.7.1.202301190959/tools/bin/../lib/gcc/arm-none-eabi/10.3.1/../../../../arm-none-eabi/lib/thumb/v6-m/nofp/libstdc++.a(eh_throw.o)
 .ARM.exidx.text.__cxa_init_primary_exception
                0x00000000000035c8        0x8 /opt/mcuxpresso-ide/ide/plugins/com.nxp.mcuxpresso.tools.linux_11.7.1.202301190959/tools/bin/../lib/gcc/arm-none-eabi/10.3.1/../../../../arm-none-eabi/lib/thumb/v6-m/nofp/libstdc++.a(eh_throw.o)
 .ARM.exidx.text.__cxa_throw
                0x00000000000035d0        0x8 /opt/mcuxpresso-ide/ide/plugins/com.nxp.mcuxpresso.tools.linux_11.7.1.202301190959/tools/bin/../lib/gcc/arm-none-eabi/10.3.1/../../../../arm-none-eabi/lib/thumb/v6-m/nofp/libstdc++.a(eh_throw.o)
 .ARM.exidx.text.__cxa_rethrow
                0x00000000000035d8        0x8 /opt/mcuxpresso-ide/ide/plugins/com.nxp.mcuxpresso.tools.linux_11.7.1.202301190959/tools/bin/../lib/gcc/arm-none-eabi/10.3.1/../../../../arm-none-eabi/lib/thumb/v6-m/nofp/libstdc++.a(eh_throw.o)
 .ARM.exidx.text._ZN10__cxxabiv120__si_class_type_infoD2Ev
                0x00000000000035e0        0x8 /opt/mcuxpresso-ide/ide/plugins/com.nxp.mcuxpresso.tools.linux_11.7.1.202301190959/tools/bin/../lib/gcc/arm-none-eabi/10.3.1/../../../../arm-none-eabi/lib/thumb/v6-m/nofp/libstdc++.a(si_class_type_info.o)
 .ARM.exidx.text._ZN10__cxxabiv120__si_class_type_infoD0Ev
                0x00000000000035e8        0x0 /opt/mcuxpresso-ide/ide/plugins/com.nxp.mcuxpresso.tools.linux_11.7.1.202301190959/tools/bin/../lib/gcc/arm-none-eabi/10.3.1/../../../../arm-none-eabi/lib/thumb/v6-m/nofp/libstdc++.a(si_class_type_info.o)
                                          0x8 (size before relaxing)
 .ARM.exidx.text._ZNK10__cxxabiv120__si_class_type_info20__do_find_public_srcEiPKvPKNS_17__class_type_infoES2_
                0x00000000000035e8        0x8 /opt/mcuxpresso-ide/ide/plugins/com.nxp.mcuxpresso.tools.linux_11.7.1.202301190959/tools/bin/../lib/gcc/arm-none-eabi/10.3.1/../../../../arm-none-eabi/lib/thumb/v6-m/nofp/libstdc++.a(si_class_type_info.o)
 .ARM.exidx.text._ZNK10__cxxabiv120__si_class_type_info12__do_dyncastEiNS_17__class_type_info10__sub_kindEPKS1_PKvS4_S6_RNS1_16__dyncast_resultE
                0x00000000000035f0        0x8 /opt/mcuxpresso-ide/ide/plugins/com.nxp.mcuxpresso.tools.linux_11.7.1.202301190959/tools/bin/../lib/gcc/arm-none-eabi/10.3.1/../../../../arm-none-eabi/lib/thumb/v6-m/nofp/libstdc++.a(si_class_type_info.o)
 .ARM.exidx.text._ZNK10__cxxabiv120__si_class_type_info11__do_upcastEPKNS_17__class_type_infoEPKvRNS1_15__upcast_resultE
                0x00000000000035f8        0x8 /opt/mcuxpresso-ide/ide/plugins/com.nxp.mcuxpresso.tools.linux_11.7.1.202301190959/tools/bin/../lib/gcc/arm-none-eabi/10.3.1/../../../../arm-none-eabi/lib/thumb/v6-m/nofp/libstdc++.a(si_class_type_info.o)
 .ARM.exidx.text._ZNSt9type_infoD2Ev
                0x0000000000003600        0x8 /opt/mcuxpresso-ide/ide/plugins/com.nxp.mcuxpresso.tools.linux_11.7.1.202301190959/tools/bin/../lib/gcc/arm-none-eabi/10.3.1/../../../../arm-none-eabi/lib/thumb/v6-m/nofp/libstdc++.a(tinfo.o)
 .ARM.exidx.text._ZNKSt9type_info14__is_pointer_pEv
                0x0000000000003608        0x0 /opt/mcuxpresso-ide/ide/plugins/com.nxp.mcuxpresso.tools.linux_11.7.1.202301190959/tools/bin/../lib/gcc/arm-none-eabi/10.3.1/../../../../arm-none-eabi/lib/thumb/v6-m/nofp/libstdc++.a(tinfo.o)
                                          0x8 (size before relaxing)
 .ARM.exidx.text._ZNKSt9type_infoeqERKS_
                0x0000000000003608        0x0 /opt/mcuxpresso-ide/ide/plugins/com.nxp.mcuxpresso.tools.linux_11.7.1.202301190959/tools/bin/../lib/gcc/arm-none-eabi/10.3.1/../../../../arm-none-eabi/lib/thumb/v6-m/nofp/libstdc++.a(tinfo.o)
                                          0x8 (size before relaxing)
 .ARM.exidx.text._ZNK10__cxxabiv117__class_type_info11__do_upcastEPKS0_PPv
                0x0000000000003608        0x8 /opt/mcuxpresso-ide/ide/plugins/com.nxp.mcuxpresso.tools.linux_11.7.1.202301190959/tools/bin/../lib/gcc/arm-none-eabi/10.3.1/../../../../arm-none-eabi/lib/thumb/v6-m/nofp/libstdc++.a(class_type_info.o)
 .ARM.exidx.text._ZNK10__cxxabiv117__class_type_info20__do_find_public_srcEiPKvPKS0_S2_
                0x0000000000003610        0x8 /opt/mcuxpresso-ide/ide/plugins/com.nxp.mcuxpresso.tools.linux_11.7.1.202301190959/tools/bin/../lib/gcc/arm-none-eabi/10.3.1/../../../../arm-none-eabi/lib/thumb/v6-m/nofp/libstdc++.a(class_type_info.o)
 .ARM.exidx.text._ZN10__cxxabiv117__class_type_infoD2Ev
                0x0000000000003618        0x0 /opt/mcuxpresso-ide/ide/plugins/com.nxp.mcuxpresso.tools.linux_11.7.1.202301190959/tools/bin/../lib/gcc/arm-none-eabi/10.3.1/../../../../arm-none-eabi/lib/thumb/v6-m/nofp/libstdc++.a(class_type_info.o)
                                          0x8 (size before relaxing)
 .ARM.exidx.text._ZN10__cxxabiv117__class_type_infoD0Ev
                0x0000000000003618        0x0 /opt/mcuxpresso-ide/ide/plugins/com.nxp.mcuxpresso.tools.linux_11.7.1.202301190959/tools/bin/../lib/gcc/arm-none-eabi/10.3.1/../../../../arm-none-eabi/lib/thumb/v6-m/nofp/libstdc++.a(class_type_info.o)
                                          0x8 (size before relaxing)
 .ARM.exidx.text._ZNK10__cxxabiv117__class_type_info12__do_dyncastEiNS0_10__sub_kindEPKS0_PKvS3_S5_RNS0_16__dyncast_resultE
                0x0000000000003618        0x0 /opt/mcuxpresso-ide/ide/plugins/com.nxp.mcuxpresso.tools.linux_11.7.1.202301190959/tools/bin/../lib/gcc/arm-none-eabi/10.3.1/../../../../arm-none-eabi/lib/thumb/v6-m/nofp/libstdc++.a(class_type_info.o)
                                          0x8 (size before relaxing)
 .ARM.exidx.text._ZNK10__cxxabiv117__class_type_info11__do_upcastEPKS0_PKvRNS0_15__upcast_resultE
                0x0000000000003618        0x0 /opt/mcuxpresso-ide/ide/plugins/com.nxp.mcuxpresso.tools.linux_11.7.1.202301190959/tools/bin/../lib/gcc/arm-none-eabi/10.3.1/../../../../arm-none-eabi/lib/thumb/v6-m/nofp/libstdc++.a(class_type_info.o)
                                          0x8 (size before relaxing)
 .ARM.exidx.text._ZNK10__cxxabiv117__class_type_info10__do_catchEPKSt9type_infoPPvj
                0x0000000000003618        0x8 /opt/mcuxpresso-ide/ide/plugins/com.nxp.mcuxpresso.tools.linux_11.7.1.202301190959/tools/bin/../lib/gcc/arm-none-eabi/10.3.1/../../../../arm-none-eabi/lib/thumb/v6-m/nofp/libstdc++.a(class_type_info.o)
 .ARM.exidx.text._ZN12_GLOBAL__N_14pool4freeEPv.constprop.0
                0x0000000000003620        0x8 /opt/mcuxpresso-ide/ide/plugins/com.nxp.mcuxpresso.tools.linux_11.7.1.202301190959/tools/bin/../lib/gcc/arm-none-eabi/10.3.1/../../../../arm-none-eabi/lib/thumb/v6-m/nofp/libstdc++.a(eh_alloc.o)
 .ARM.exidx.text._ZN12_GLOBAL__N_14pool8allocateEj.constprop.0
                0x0000000000003628        0x0 /opt/mcuxpresso-ide/ide/plugins/com.nxp.mcuxpresso.tools.linux_11.7.1.202301190959/tools/bin/../lib/gcc/arm-none-eabi/10.3.1/../../../../arm-none-eabi/lib/thumb/v6-m/nofp/libstdc++.a(eh_alloc.o)
                                          0x8 (size before relaxing)
 .ARM.exidx.text.__cxa_allocate_exception
                0x0000000000003628        0x0 /opt/mcuxpresso-ide/ide/plugins/com.nxp.mcuxpresso.tools.linux_11.7.1.202301190959/tools/bin/../lib/gcc/arm-none-eabi/10.3.1/../../../../arm-none-eabi/lib/thumb/v6-m/nofp/libstdc++.a(eh_alloc.o)
                                          0x8 (size before relaxing)
 .ARM.exidx.text.__cxa_free_exception
                0x0000000000003628        0x0 /opt/mcuxpresso-ide/ide/plugins/com.nxp.mcuxpresso.tools.linux_11.7.1.202301190959/tools/bin/../lib/gcc/arm-none-eabi/10.3.1/../../../../arm-none-eabi/lib/thumb/v6-m/nofp/libstdc++.a(eh_alloc.o)
                                          0x8 (size before relaxing)
 .ARM.exidx.text.startup._GLOBAL__sub_I__ZN9__gnu_cxx9__freeresEv
                0x0000000000003628        0x0 /opt/mcuxpresso-ide/ide/plugins/com.nxp.mcuxpresso.tools.linux_11.7.1.202301190959/tools/bin/../lib/gcc/arm-none-eabi/10.3.1/../../../../arm-none-eabi/lib/thumb/v6-m/nofp/libstdc++.a(eh_alloc.o)
                                          0x8 (size before relaxing)
 .ARM.exidx     0x0000000000003628       0x90 /opt/mcuxpresso-ide/ide/plugins/com.nxp.mcuxpresso.tools.linux_11.7.1.202301190959/tools/bin/../lib/gcc/arm-none-eabi/10.3.1/thumb/v6-m/nofp/libgcc.a(unwind-arm.o)
                                         0xd8 (size before relaxing)
 .ARM.exidx     0x00000000000036b8       0x28 /opt/mcuxpresso-ide/ide/plugins/com.nxp.mcuxpresso.tools.linux_11.7.1.202301190959/tools/bin/../lib/gcc/arm-none-eabi/10.3.1/thumb/v6-m/nofp/libgcc.a(pr-support.o)
                                         0x38 (size before relaxing)
 .ARM.exidx.text.unlikely
                0x00000000000036e0        0x8 /opt/mcuxpresso-ide/ide/plugins/com.nxp.mcuxpresso.tools.linux_11.7.1.202301190959/tools/bin/../lib/gcc/arm-none-eabi/10.3.1/thumb/v6-m/nofp/libgcc.a(pr-support.o)
                                         0x10 (size before relaxing)
                0x00000000000036e8                __exidx_end = .
                0x00000000000036e8                _etext = .

.rel.dyn        0x00000000000036e8        0x0
 .rel.iplt      0x00000000000036e8        0x0 ./src/GPIOmain.o

.mtb_buffer_default
                0x0000000010000000      0x100
 *(.mtb*)
 .mtb.$RAM1     0x0000000010000000      0x100 ./src/mtb.o
                0x0000000010000000                __mtb_buffer__

.uninit_RESERVED
                0x0000000010000100        0x0
                0x0000000010000100                _start_uninit_RESERVED = .
 *(.bss.$RESERVED*)
                0x0000000010000100                . = ALIGN (0x4)
                0x0000000010000100                _end_uninit_RESERVED = .

.data           0x0000000010000100      0x848 load address 0x00000000000036e8
 FILL mask 0xff
                0x0000000010000100                _data = .
                [!provide]                        PROVIDE (__start_data_RAM = .)
                [!provide]                        PROVIDE (__start_data_RamLoc16 = .)
 *(vtable)
 *(.ramfunc*)
 *(CodeQuickAccess)
 *(DataQuickAccess)
 *(RamFunction)
 *(.data*)
 .data.__malloc_av_
                0x0000000010000100      0x408 /opt/mcuxpresso-ide/ide/plugins/com.nxp.mcuxpresso.tools.linux_11.7.1.202301190959/tools/bin/../lib/gcc/arm-none-eabi/10.3.1/../../../../arm-none-eabi/lib/thumb/v6-m/nofp/libc.a(lib_a-mallocr.o)
                0x0000000010000100                __malloc_av_
 .data.__malloc_sbrk_base
                0x0000000010000508        0x4 /opt/mcuxpresso-ide/ide/plugins/com.nxp.mcuxpresso.tools.linux_11.7.1.202301190959/tools/bin/../lib/gcc/arm-none-eabi/10.3.1/../../../../arm-none-eabi/lib/thumb/v6-m/nofp/libc.a(lib_a-mallocr.o)
                0x0000000010000508                __malloc_sbrk_base
 .data.__malloc_trim_threshold
                0x000000001000050c        0x4 /opt/mcuxpresso-ide/ide/plugins/com.nxp.mcuxpresso.tools.linux_11.7.1.202301190959/tools/bin/../lib/gcc/arm-none-eabi/10.3.1/../../../../arm-none-eabi/lib/thumb/v6-m/nofp/libc.a(lib_a-mallocr.o)
                0x000000001000050c                __malloc_trim_threshold
 .data._impure_ptr
                0x0000000010000510        0x4 /opt/mcuxpresso-ide/ide/plugins/com.nxp.mcuxpresso.tools.linux_11.7.1.202301190959/tools/bin/../lib/gcc/arm-none-eabi/10.3.1/../../../../arm-none-eabi/lib/thumb/v6-m/nofp/libc.a(lib_a-impure.o)
                0x0000000010000510                _impure_ptr
 *fill*         0x0000000010000514        0x4 ff
 .data.impure_data
                0x0000000010000518      0x428 /opt/mcuxpresso-ide/ide/plugins/com.nxp.mcuxpresso.tools.linux_11.7.1.202301190959/tools/bin/../lib/gcc/arm-none-eabi/10.3.1/../../../../arm-none-eabi/lib/thumb/v6-m/nofp/libc.a(lib_a-impure.o)
 .data._ZN10__cxxabiv120__unexpected_handlerE
                0x0000000010000940        0x4 /opt/mcuxpresso-ide/ide/plugins/com.nxp.mcuxpresso.tools.linux_11.7.1.202301190959/tools/bin/../lib/gcc/arm-none-eabi/10.3.1/../../../../arm-none-eabi/lib/thumb/v6-m/nofp/libstdc++.a(eh_unex_handler.o)
                0x0000000010000940                __cxxabiv1::__unexpected_handler
 .data._ZN10__cxxabiv119__terminate_handlerE
                0x0000000010000944        0x4 /opt/mcuxpresso-ide/ide/plugins/com.nxp.mcuxpresso.tools.linux_11.7.1.202301190959/tools/bin/../lib/gcc/arm-none-eabi/10.3.1/../../../../arm-none-eabi/lib/thumb/v6-m/nofp/libstdc++.a(eh_term_handler.o)
                0x0000000010000944                __cxxabiv1::__terminate_handler
                0x0000000010000948                . = ALIGN (0x4)
                0x0000000010000948                _edata = .
                [!provide]                        PROVIDE (__end_data_RAM = .)
                [!provide]                        PROVIDE (__end_data_RamLoc16 = .)

.igot.plt       0x0000000010000948        0x0 load address 0x0000000000003f30
 .igot.plt      0x0000000010000948        0x0 ./src/GPIOmain.o

.bss            0x0000000010000948       0x80
                0x0000000010000948                _bss = .
                [!provide]                        PROVIDE (__start_bss_RAM = .)
                [!provide]                        PROVIDE (__start_bss_RamLoc16 = .)
 *(.bss*)
 .bss.pDivRom_idiv
                0x0000000010000948        0x4 ./src/cr_startup_lpc84x.o
                0x0000000010000948                pDivRom_idiv
 .bss.pDivRom_uidiv
                0x000000001000094c        0x4 ./src/cr_startup_lpc84x.o
                0x000000001000094c                pDivRom_uidiv
 .bss.__malloc_current_mallinfo
                0x0000000010000950       0x28 /opt/mcuxpresso-ide/ide/plugins/com.nxp.mcuxpresso.tools.linux_11.7.1.202301190959/tools/bin/../lib/gcc/arm-none-eabi/10.3.1/../../../../arm-none-eabi/lib/thumb/v6-m/nofp/libc.a(lib_a-mallocr.o)
                0x0000000010000950                __malloc_current_mallinfo
 .bss.__malloc_max_sbrked_mem
                0x0000000010000978        0x4 /opt/mcuxpresso-ide/ide/plugins/com.nxp.mcuxpresso.tools.linux_11.7.1.202301190959/tools/bin/../lib/gcc/arm-none-eabi/10.3.1/../../../../arm-none-eabi/lib/thumb/v6-m/nofp/libc.a(lib_a-mallocr.o)
                0x0000000010000978                __malloc_max_sbrked_mem
 .bss.__malloc_max_total_mem
                0x000000001000097c        0x4 /opt/mcuxpresso-ide/ide/plugins/com.nxp.mcuxpresso.tools.linux_11.7.1.202301190959/tools/bin/../lib/gcc/arm-none-eabi/10.3.1/../../../../arm-none-eabi/lib/thumb/v6-m/nofp/libc.a(lib_a-mallocr.o)
                0x000000001000097c                __malloc_max_total_mem
 .bss.__malloc_top_pad
                0x0000000010000980        0x4 /opt/mcuxpresso-ide/ide/plugins/com.nxp.mcuxpresso.tools.linux_11.7.1.202301190959/tools/bin/../lib/gcc/arm-none-eabi/10.3.1/../../../../arm-none-eabi/lib/thumb/v6-m/nofp/libc.a(lib_a-mallocr.o)
                0x0000000010000980                __malloc_top_pad
 .bss.__lock___malloc_recursive_mutex
                0x0000000010000984        0x1 /opt/mcuxpresso-ide/ide/plugins/com.nxp.mcuxpresso.tools.linux_11.7.1.202301190959/tools/bin/../lib/gcc/arm-none-eabi/10.3.1/../../../../arm-none-eabi/lib/thumb/v6-m/nofp/libc.a(lib_a-lock.o)
                0x0000000010000984                __lock___malloc_recursive_mutex
 *fill*         0x0000000010000985        0x3 
 .bss.errno     0x0000000010000988        0x4 /opt/mcuxpresso-ide/ide/plugins/com.nxp.mcuxpresso.tools.linux_11.7.1.202301190959/tools/bin/../lib/gcc/arm-none-eabi/10.3.1/../../../../arm-none-eabi/lib/thumb/v6-m/nofp/libc.a(lib_a-reent.o)
                0x0000000010000988                errno
 .bss._ZL10eh_globals
                0x000000001000098c        0xc /opt/mcuxpresso-ide/ide/plugins/com.nxp.mcuxpresso.tools.linux_11.7.1.202301190959/tools/bin/../lib/gcc/arm-none-eabi/10.3.1/../../../../arm-none-eabi/lib/thumb/v6-m/nofp/libstdc++.a(eh_globals.o)
 .bss._ZN12_GLOBAL__N_114emergency_poolE
                0x0000000010000998       0x10 /opt/mcuxpresso-ide/ide/plugins/com.nxp.mcuxpresso.tools.linux_11.7.1.202301190959/tools/bin/../lib/gcc/arm-none-eabi/10.3.1/../../../../arm-none-eabi/lib/thumb/v6-m/nofp/libstdc++.a(eh_alloc.o)
 .bss.__end_of_heap
                0x00000000100009a8        0x4 /opt/mcuxpresso-ide/ide/plugins/com.nxp.mcuxpresso.tools.linux_11.7.1.202301190959/tools/bin/../lib/gcc/arm-none-eabi/10.3.1/../../../../arm-none-eabi/lib/thumb/v6-m/nofp/libcr_newlib_nohost.a(_cr_sbrk.o)
                0x00000000100009a8                __end_of_heap
 .bss           0x00000000100009ac       0x1c /opt/mcuxpresso-ide/ide/plugins/com.nxp.mcuxpresso.tools.linux_11.7.1.202301190959/tools/bin/../lib/gcc/arm-none-eabi/10.3.1/thumb/v6-m/nofp/crtbegin.o
 *(COMMON)
                0x00000000100009c8                . = ALIGN (0x4)
                0x00000000100009c8                _ebss = .
                [!provide]                        PROVIDE (__end_bss_RAM = .)
                [!provide]                        PROVIDE (__end_bss_RamLoc16 = .)
                [!provide]                        PROVIDE (end = .)

.noinit         0x00000000100009c8        0x0
                0x00000000100009c8                _noinit = .
                [!provide]                        PROVIDE (__start_noinit_RAM = .)
                [!provide]                        PROVIDE (__start_noinit_RamLoc16 = .)
 *(.noinit*)
                0x00000000100009c8                . = ALIGN (0x4)
                0x00000000100009c8                _end_noinit = .
                [!provide]                        PROVIDE (__end_noinit_RAM = .)
                [!provide]                        PROVIDE (__end_noinit_RamLoc16 = .)
                0x00000000100009c8                PROVIDE (_pvHeapStart = DEFINED (__user_heap_base)?__user_heap_base:.)
                0x0000000010004000                PROVIDE (_vStackTop = DEFINED (__user_stack_top)?__user_stack_top:(__top_RamLoc16 - 0x0))
                0xffffffffefffbac7                PROVIDE (__valid_user_code_checksum = (0x0 - (((_vStackTop + (ResetISR + 0x1)) + (DEFINED (NMI_Handler)?NMI_Handler:M0_NMI_Handler + 0x1)) + (DEFINED (HardFault_Handler)?HardFault_Handler:M0_HardFault_Handler + 0x1))))
                0x0000000000000000                _image_start = LOADADDR (.text)
                0x0000000000003f30                _image_end = (LOADADDR (.data) + SIZEOF (.data))
                0x0000000000003f30                _image_size = (_image_end - _image_start)
OUTPUT(GPIO.axf elf32-littlearm)
LOAD linker stubs

.debug_info     0x0000000000000000     0x21b6
 .debug_info    0x0000000000000000      0x5da ./src/GPIOmain.o
 .debug_info    0x00000000000005da      0x788 ./src/Gpio.o
 .debug_info    0x0000000000000d62      0x234 ./src/Input.o
 .debug_info    0x0000000000000f96      0x282 ./src/Output.o
 .debug_info    0x0000000000001218      0x9f1 ./src/cr_cpp_config.o
 .debug_info    0x0000000000001c09      0x265 ./src/cr_startup_lpc84x.o
 .debug_info    0x0000000000001e6e       0x40 ./src/crp.o
 .debug_info    0x0000000000001eae       0x54 ./src/mtb.o
 .debug_info    0x0000000000001f02      0x132 /opt/mcuxpresso-ide/ide/plugins/com.nxp.mcuxpresso.tools.linux_11.7.1.202301190959/tools/bin/../lib/gcc/arm-none-eabi/10.3.1/../../../../arm-none-eabi/lib/thumb/v6-m/nofp/libcr_newlib_nohost.a(_cr_sbrk.o)
 .debug_info    0x0000000000002034       0x38 /opt/mcuxpresso-ide/ide/plugins/com.nxp.mcuxpresso.tools.linux_11.7.1.202301190959/tools/bin/../lib/gcc/arm-none-eabi/10.3.1/../../../../arm-none-eabi/lib/thumb/v6-m/nofp/libcr_newlib_nohost.a(cr_abort.o)
 .debug_info    0x000000000000206c       0x71 /opt/mcuxpresso-ide/ide/plugins/com.nxp.mcuxpresso.tools.linux_11.7.1.202301190959/tools/bin/../lib/gcc/arm-none-eabi/10.3.1/../../../../arm-none-eabi/lib/thumb/v6-m/nofp/libcr_newlib_nohost.a(_cr_check_heap.o)
 .debug_info    0x00000000000020dd       0xd9 /opt/mcuxpresso-ide/ide/plugins/com.nxp.mcuxpresso.tools.linux_11.7.1.202301190959/tools/bin/../lib/gcc/arm-none-eabi/10.3.1/../../../../arm-none-eabi/lib/thumb/v6-m/nofp/libcr_newlib_nohost.a(write.o)

.debug_abbrev   0x0000000000000000      0xd54
 .debug_abbrev  0x0000000000000000      0x148 ./src/GPIOmain.o
 .debug_abbrev  0x0000000000000148      0x292 ./src/Gpio.o
 .debug_abbrev  0x00000000000003da      0x1a8 ./src/Input.o
 .debug_abbrev  0x0000000000000582      0x1a8 ./src/Output.o
 .debug_abbrev  0x000000000000072a      0x266 ./src/cr_cpp_config.o
 .debug_abbrev  0x0000000000000990      0x12f ./src/cr_startup_lpc84x.o
 .debug_abbrev  0x0000000000000abf       0x38 ./src/crp.o
 .debug_abbrev  0x0000000000000af7       0x46 ./src/mtb.o
 .debug_abbrev  0x0000000000000b3d       0xe3 /opt/mcuxpresso-ide/ide/plugins/com.nxp.mcuxpresso.tools.linux_11.7.1.202301190959/tools/bin/../lib/gcc/arm-none-eabi/10.3.1/../../../../arm-none-eabi/lib/thumb/v6-m/nofp/libcr_newlib_nohost.a(_cr_sbrk.o)
 .debug_abbrev  0x0000000000000c20       0x2e /opt/mcuxpresso-ide/ide/plugins/com.nxp.mcuxpresso.tools.linux_11.7.1.202301190959/tools/bin/../lib/gcc/arm-none-eabi/10.3.1/../../../../arm-none-eabi/lib/thumb/v6-m/nofp/libcr_newlib_nohost.a(cr_abort.o)
 .debug_abbrev  0x0000000000000c4e       0x6b /opt/mcuxpresso-ide/ide/plugins/com.nxp.mcuxpresso.tools.linux_11.7.1.202301190959/tools/bin/../lib/gcc/arm-none-eabi/10.3.1/../../../../arm-none-eabi/lib/thumb/v6-m/nofp/libcr_newlib_nohost.a(_cr_check_heap.o)
 .debug_abbrev  0x0000000000000cb9       0x9b /opt/mcuxpresso-ide/ide/plugins/com.nxp.mcuxpresso.tools.linux_11.7.1.202301190959/tools/bin/../lib/gcc/arm-none-eabi/10.3.1/../../../../arm-none-eabi/lib/thumb/v6-m/nofp/libcr_newlib_nohost.a(write.o)

.debug_aranges  0x0000000000000000      0x288
 .debug_aranges
                0x0000000000000000       0x28 ./src/GPIOmain.o
 .debug_aranges
                0x0000000000000028       0xa8 ./src/Gpio.o
 .debug_aranges
                0x00000000000000d0       0x30 ./src/Input.o
 .debug_aranges
                0x0000000000000100       0x30 ./src/Output.o
 .debug_aranges
                0x0000000000000130       0x48 ./src/cr_cpp_config.o
 .debug_aranges
                0x0000000000000178       0x60 ./src/cr_startup_lpc84x.o
 .debug_aranges
                0x00000000000001d8       0x18 ./src/crp.o
 .debug_aranges
                0x00000000000001f0       0x18 ./src/mtb.o
 .debug_aranges
                0x0000000000000208       0x20 /opt/mcuxpresso-ide/ide/plugins/com.nxp.mcuxpresso.tools.linux_11.7.1.202301190959/tools/bin/../lib/gcc/arm-none-eabi/10.3.1/../../../../arm-none-eabi/lib/thumb/v6-m/nofp/libcr_newlib_nohost.a(_cr_sbrk.o)
 .debug_aranges
                0x0000000000000228       0x20 /opt/mcuxpresso-ide/ide/plugins/com.nxp.mcuxpresso.tools.linux_11.7.1.202301190959/tools/bin/../lib/gcc/arm-none-eabi/10.3.1/../../../../arm-none-eabi/lib/thumb/v6-m/nofp/libcr_newlib_nohost.a(cr_abort.o)
 .debug_aranges
                0x0000000000000248       0x20 /opt/mcuxpresso-ide/ide/plugins/com.nxp.mcuxpresso.tools.linux_11.7.1.202301190959/tools/bin/../lib/gcc/arm-none-eabi/10.3.1/../../../../arm-none-eabi/lib/thumb/v6-m/nofp/libcr_newlib_nohost.a(_cr_check_heap.o)
 .debug_aranges
                0x0000000000000268       0x20 /opt/mcuxpresso-ide/ide/plugins/com.nxp.mcuxpresso.tools.linux_11.7.1.202301190959/tools/bin/../lib/gcc/arm-none-eabi/10.3.1/../../../../arm-none-eabi/lib/thumb/v6-m/nofp/libcr_newlib_nohost.a(write.o)

.debug_ranges   0x0000000000000000      0x1b8
 .debug_ranges  0x0000000000000000       0x18 ./src/GPIOmain.o
 .debug_ranges  0x0000000000000018       0x98 ./src/Gpio.o
 .debug_ranges  0x00000000000000b0       0x20 ./src/Input.o
 .debug_ranges  0x00000000000000d0       0x20 ./src/Output.o
 .debug_ranges  0x00000000000000f0       0x38 ./src/cr_cpp_config.o
 .debug_ranges  0x0000000000000128       0x50 ./src/cr_startup_lpc84x.o
 .debug_ranges  0x0000000000000178       0x10 /opt/mcuxpresso-ide/ide/plugins/com.nxp.mcuxpresso.tools.linux_11.7.1.202301190959/tools/bin/../lib/gcc/arm-none-eabi/10.3.1/../../../../arm-none-eabi/lib/thumb/v6-m/nofp/libcr_newlib_nohost.a(_cr_sbrk.o)
 .debug_ranges  0x0000000000000188       0x10 /opt/mcuxpresso-ide/ide/plugins/com.nxp.mcuxpresso.tools.linux_11.7.1.202301190959/tools/bin/../lib/gcc/arm-none-eabi/10.3.1/../../../../arm-none-eabi/lib/thumb/v6-m/nofp/libcr_newlib_nohost.a(cr_abort.o)
 .debug_ranges  0x0000000000000198       0x10 /opt/mcuxpresso-ide/ide/plugins/com.nxp.mcuxpresso.tools.linux_11.7.1.202301190959/tools/bin/../lib/gcc/arm-none-eabi/10.3.1/../../../../arm-none-eabi/lib/thumb/v6-m/nofp/libcr_newlib_nohost.a(_cr_check_heap.o)
 .debug_ranges  0x00000000000001a8       0x10 /opt/mcuxpresso-ide/ide/plugins/com.nxp.mcuxpresso.tools.linux_11.7.1.202301190959/tools/bin/../lib/gcc/arm-none-eabi/10.3.1/../../../../arm-none-eabi/lib/thumb/v6-m/nofp/libcr_newlib_nohost.a(write.o)

.debug_macro    0x0000000000000000     0x3adf
 .debug_macro   0x0000000000000000       0x5c ./src/GPIOmain.o
 .debug_macro   0x000000000000005c      0xb44 ./src/GPIOmain.o
 .debug_macro   0x0000000000000ba0       0x82 ./src/GPIOmain.o
 .debug_macro   0x0000000000000c22       0x1c ./src/GPIOmain.o
 .debug_macro   0x0000000000000c3e     0x119f ./src/GPIOmain.o
 .debug_macro   0x0000000000001ddd       0x41 ./src/Gpio.o
 .debug_macro   0x0000000000001e1e       0x24 ./src/Input.o
 .debug_macro   0x0000000000001e42       0x24 ./src/Output.o
 .debug_macro   0x0000000000001e66      0x13e ./src/cr_cpp_config.o
 .debug_macro   0x0000000000001fa4      0x18a ./src/cr_cpp_config.o
 .debug_macro   0x000000000000212e       0x10 ./src/cr_cpp_config.o
 .debug_macro   0x000000000000213e      0x3c3 ./src/cr_cpp_config.o
 .debug_macro   0x0000000000002501       0x10 ./src/cr_cpp_config.o
 .debug_macro   0x0000000000002511       0x18 ./src/cr_cpp_config.o
 .debug_macro   0x0000000000002529       0x22 ./src/cr_cpp_config.o
 .debug_macro   0x000000000000254b       0x5e ./src/cr_cpp_config.o
 .debug_macro   0x00000000000025a9       0x94 ./src/cr_cpp_config.o
 .debug_macro   0x000000000000263d       0x35 ./src/cr_cpp_config.o
 .debug_macro   0x0000000000002672       0x34 ./src/cr_cpp_config.o
 .debug_macro   0x00000000000026a6       0x16 ./src/cr_cpp_config.o
 .debug_macro   0x00000000000026bc      0x10e ./src/cr_cpp_config.o
 .debug_macro   0x00000000000027ca       0x94 ./src/cr_cpp_config.o
 .debug_macro   0x000000000000285e       0x16 ./src/cr_cpp_config.o
 .debug_macro   0x0000000000002874       0x43 ./src/cr_cpp_config.o
 .debug_macro   0x00000000000028b7       0x57 ./src/cr_cpp_config.o
 .debug_macro   0x000000000000290e       0x34 ./src/cr_cpp_config.o
 .debug_macro   0x0000000000002942       0x10 ./src/cr_cpp_config.o
 .debug_macro   0x0000000000002952       0x58 ./src/cr_cpp_config.o
 .debug_macro   0x00000000000029aa      0x182 ./src/cr_cpp_config.o
 .debug_macro   0x0000000000002b2c      0x364 ./src/cr_cpp_config.o
 .debug_macro   0x0000000000002e90       0x16 ./src/cr_cpp_config.o
 .debug_macro   0x0000000000002ea6       0x29 ./src/cr_cpp_config.o
 .debug_macro   0x0000000000002ecf       0x1c ./src/cr_cpp_config.o
 .debug_macro   0x0000000000002eeb       0xde ./src/cr_cpp_config.o
 .debug_macro   0x0000000000002fc9       0x23 ./src/cr_startup_lpc84x.o
 .debug_macro   0x0000000000002fec       0x1a ./src/crp.o
 .debug_macro   0x0000000000003006      0xa6c ./src/crp.o
 .debug_macro   0x0000000000003a72       0x34 ./src/crp.o
 .debug_macro   0x0000000000003aa6       0x29 ./src/mtb.o
 .debug_macro   0x0000000000003acf       0x10 ./src/mtb.o

.debug_line     0x0000000000000000      0xfc1
 .debug_line    0x0000000000000000      0x129 ./src/GPIOmain.o
 .debug_line    0x0000000000000129      0x273 ./src/Gpio.o
 .debug_line    0x000000000000039c       0x87 ./src/Input.o
 .debug_line    0x0000000000000423       0x89 ./src/Output.o
 .debug_line    0x00000000000004ac      0x562 ./src/cr_cpp_config.o
 .debug_line    0x0000000000000a0e      0x156 ./src/cr_startup_lpc84x.o
 .debug_line    0x0000000000000b64       0xa9 ./src/crp.o
 .debug_line    0x0000000000000c0d       0xc6 ./src/mtb.o
 .debug_line    0x0000000000000cd3      0x1d7 /opt/mcuxpresso-ide/ide/plugins/com.nxp.mcuxpresso.tools.linux_11.7.1.202301190959/tools/bin/../lib/gcc/arm-none-eabi/10.3.1/../../../../arm-none-eabi/lib/thumb/v6-m/nofp/libcr_newlib_nohost.a(_cr_sbrk.o)
 .debug_line    0x0000000000000eaa       0x58 /opt/mcuxpresso-ide/ide/plugins/com.nxp.mcuxpresso.tools.linux_11.7.1.202301190959/tools/bin/../lib/gcc/arm-none-eabi/10.3.1/../../../../arm-none-eabi/lib/thumb/v6-m/nofp/libcr_newlib_nohost.a(cr_abort.o)
 .debug_line    0x0000000000000f02       0x61 /opt/mcuxpresso-ide/ide/plugins/com.nxp.mcuxpresso.tools.linux_11.7.1.202301190959/tools/bin/../lib/gcc/arm-none-eabi/10.3.1/../../../../arm-none-eabi/lib/thumb/v6-m/nofp/libcr_newlib_nohost.a(_cr_check_heap.o)
 .debug_line    0x0000000000000f63       0x5e /opt/mcuxpresso-ide/ide/plugins/com.nxp.mcuxpresso.tools.linux_11.7.1.202301190959/tools/bin/../lib/gcc/arm-none-eabi/10.3.1/../../../../arm-none-eabi/lib/thumb/v6-m/nofp/libcr_newlib_nohost.a(write.o)

.debug_str      0x0000000000000000    0x126c4
 .debug_str     0x0000000000000000     0xd26b ./src/GPIOmain.o
                                       0xd2cc (size before relaxing)
 .debug_str     0x000000000000d26b      0x250 ./src/Gpio.o
                                       0xcde7 (size before relaxing)
 .debug_str     0x000000000000d4bb       0xd0 ./src/Input.o
                                       0x31f3 (size before relaxing)
 .debug_str     0x000000000000d58b      0x100 ./src/Output.o
                                       0x324e (size before relaxing)
 .debug_str     0x000000000000d68b     0x48cc ./src/cr_cpp_config.o
                                       0x7a90 (size before relaxing)
 .debug_str     0x0000000000011f57      0x1ee ./src/cr_startup_lpc84x.o
                                       0x3269 (size before relaxing)
 .debug_str     0x0000000000012145      0x2cf ./src/crp.o
                                       0x2d53 (size before relaxing)
 .debug_str     0x0000000000012414       0xd0 ./src/mtb.o
                                       0x3188 (size before relaxing)
 .debug_str     0x00000000000124e4      0x18e /opt/mcuxpresso-ide/ide/plugins/com.nxp.mcuxpresso.tools.linux_11.7.1.202301190959/tools/bin/../lib/gcc/arm-none-eabi/10.3.1/../../../../arm-none-eabi/lib/thumb/v6-m/nofp/libcr_newlib_nohost.a(_cr_sbrk.o)
                                        0x22a (size before relaxing)