Archive member included to satisfy reference by file (symbol)

/opt/mcuxpresso-ide/ide/plugins/com.nxp.mcuxpresso.tools.linux_11.7.1.202301190959/tools/bin/../lib/gcc/arm-none-eabi/10.3.1/../../../../arm-none-eabi/lib/thumb/v6-m/nofp/libc.a(lib_a-init.o)
                              ./src/firmware/cr_startup_lpc84x.o (__libc_init_array)
/opt/mcuxpresso-ide/ide/plugins/com.nxp.mcuxpresso.tools.linux_11.7.1.202301190959/tools/bin/../lib/gcc/arm-none-eabi/10.3.1/../../../../arm-none-eabi/lib/thumb/v6-m/nofp/libc.a(lib_a-malloc.o)
                              ./src/firmware/cr_cpp_config.o (malloc)
/opt/mcuxpresso-ide/ide/plugins/com.nxp.mcuxpresso.tools.linux_11.7.1.202301190959/tools/bin/../lib/gcc/arm-none-eabi/10.3.1/../../../../arm-none-eabi/lib/thumb/v6-m/nofp/libc.a(lib_a-mallocr.o)
                              /opt/mcuxpresso-ide/ide/plugins/com.nxp.mcuxpresso.tools.linux_11.7.1.202301190959/tools/bin/../lib/gcc/arm-none-eabi/10.3.1/../../../../arm-none-eabi/lib/thumb/v6-m/nofp/libc.a(lib_a-malloc.o) (_malloc_r)
/opt/mcuxpresso-ide/ide/plugins/com.nxp.mcuxpresso.tools.linux_11.7.1.202301190959/tools/bin/../lib/gcc/arm-none-eabi/10.3.1/../../../../arm-none-eabi/lib/thumb/v6-m/nofp/libc.a(lib_a-mlock.o)
                              /opt/mcuxpresso-ide/ide/plugins/com.nxp.mcuxpresso.tools.linux_11.7.1.202301190959/tools/bin/../lib/gcc/arm-none-eabi/10.3.1/../../../../arm-none-eabi/lib/thumb/v6-m/nofp/libc.a(lib_a-mallocr.o) (__malloc_lock)
/opt/mcuxpresso-ide/ide/plugins/com.nxp.mcuxpresso.tools.linux_11.7.1.202301190959/tools/bin/../lib/gcc/arm-none-eabi/10.3.1/../../../../arm-none-eabi/lib/thumb/v6-m/nofp/libc.a(lib_a-sbrkr.o)
                              /opt/mcuxpresso-ide/ide/plugins/com.nxp.mcuxpresso.tools.linux_11.7.1.202301190959/tools/bin/../lib/gcc/arm-none-eabi/10.3.1/../../../../arm-none-eabi/lib/thumb/v6-m/nofp/libc.a(lib_a-mallocr.o) (_sbrk_r)
/opt/mcuxpresso-ide/ide/plugins/com.nxp.mcuxpresso.tools.linux_11.7.1.202301190959/tools/bin/../lib/gcc/arm-none-eabi/10.3.1/../../../../arm-none-eabi/lib/thumb/v6-m/nofp/libc.a(lib_a-freer.o)
                              /opt/mcuxpresso-ide/ide/plugins/com.nxp.mcuxpresso.tools.linux_11.7.1.202301190959/tools/bin/../lib/gcc/arm-none-eabi/10.3.1/../../../../arm-none-eabi/lib/thumb/v6-m/nofp/libc.a(lib_a-malloc.o) (_free_r)
/opt/mcuxpresso-ide/ide/plugins/com.nxp.mcuxpresso.tools.linux_11.7.1.202301190959/tools/bin/../lib/gcc/arm-none-eabi/10.3.1/../../../../arm-none-eabi/lib/thumb/v6-m/nofp/libc.a(lib_a-impure.o)
                              /opt/mcuxpresso-ide/ide/plugins/com.nxp.mcuxpresso.tools.linux_11.7.1.202301190959/tools/bin/../lib/gcc/arm-none-eabi/10.3.1/../../../../arm-none-eabi/lib/thumb/v6-m/nofp/libc.a(lib_a-malloc.o) (_impure_ptr)
/opt/mcuxpresso-ide/ide/plugins/com.nxp.mcuxpresso.tools.linux_11.7.1.202301190959/tools/bin/../lib/gcc/arm-none-eabi/10.3.1/../../../../arm-none-eabi/lib/thumb/v6-m/nofp/libc.a(lib_a-lock.o)
                              /opt/mcuxpresso-ide/ide/plugins/com.nxp.mcuxpresso.tools.linux_11.7.1.202301190959/tools/bin/../lib/gcc/arm-none-eabi/10.3.1/../../../../arm-none-eabi/lib/thumb/v6-m/nofp/libc.a(lib_a-mlock.o) (__retarget_lock_acquire_recursive)
/opt/mcuxpresso-ide/ide/plugins/com.nxp.mcuxpresso.tools.linux_11.7.1.202301190959/tools/bin/../lib/gcc/arm-none-eabi/10.3.1/../../../../arm-none-eabi/lib/thumb/v6-m/nofp/libc.a(lib_a-reent.o)
                              /opt/mcuxpresso-ide/ide/plugins/com.nxp.mcuxpresso.tools.linux_11.7.1.202301190959/tools/bin/../lib/gcc/arm-none-eabi/10.3.1/../../../../arm-none-eabi/lib/thumb/v6-m/nofp/libc.a(lib_a-sbrkr.o) (errno)
/opt/mcuxpresso-ide/ide/plugins/com.nxp.mcuxpresso.tools.linux_11.7.1.202301190959/tools/bin/../lib/gcc/arm-none-eabi/10.3.1/../../../../arm-none-eabi/lib/thumb/v6-m/nofp/libstdc++.a(del_ops.o)
                              ./src/02-Gpio/Gpio.o (operator delete(void*, unsigned int))
/opt/mcuxpresso-ide/ide/plugins/com.nxp.mcuxpresso.tools.linux_11.7.1.202301190959/tools/bin/../lib/gcc/arm-none-eabi/10.3.1/../../../../arm-none-eabi/lib/thumb/v6-m/nofp/libstdc++.a(pure.o)
                              ./src/02-Gpio/Gpio.o (__cxa_pure_virtual)
/opt/mcuxpresso-ide/ide/plugins/com.nxp.mcuxpresso.tools.linux_11.7.1.202301190959/tools/bin/../lib/gcc/arm-none-eabi/10.3.1/../../../../arm-none-eabi/lib/thumb/v6-m/nofp/libstdc++.a(eh_terminate.o)
                              /opt/mcuxpresso-ide/ide/plugins/com.nxp.mcuxpresso.tools.linux_11.7.1.202301190959/tools/bin/../lib/gcc/arm-none-eabi/10.3.1/../../../../arm-none-eabi/lib/thumb/v6-m/nofp/libstdc++.a(pure.o) (std::terminate())
/opt/mcuxpresso-ide/ide/plugins/com.nxp.mcuxpresso.tools.linux_11.7.1.202301190959/tools/bin/../lib/gcc/arm-none-eabi/10.3.1/../../../../arm-none-eabi/lib/thumb/v6-m/nofp/libstdc++.a(eh_unex_handler.o)
[...]
Memory Configuration

Name             Origin             Length             Attributes
MFlash64         0x0000000000000000 0x0000000000010000 xr
RamLoc16         0x0000000010000000 0x0000000000004000 xrw
*default*        0x0000000000000000 0xffffffffffffffff

Linker script and memory map

LOAD ./src/firmware/aeabi_romdiv_patch.o
LOAD ./src/firmware/cr_cpp_config.o
LOAD ./src/firmware/cr_startup_lpc84x.o
LOAD ./src/firmware/crp.o
LOAD ./src/firmware/mtb.o
LOAD ./src/application/GPIOmain.o
LOAD ./src/02-Gpio/Gpio.o
START GROUP
LOAD /opt/mcuxpresso-ide/ide/plugins/com.nxp.mcuxpresso.tools.linux_11.7.1.202301190959/tools/bin/../lib/gcc/arm-none-eabi/10.3.1/thumb/v6-m/nofp/libgcc.a
LOAD /opt/mcuxpresso-ide/ide/plugins/com.nxp.mcuxpresso.tools.linux_11.7.1.202301190959/tools/bin/../lib/gcc/arm-none-eabi/10.3.1/../../../../arm-none-eabi/lib/thumb/v6-m/nofp/libc.a
LOAD /opt/mcuxpresso-ide/ide/plugins/com.nxp.mcuxpresso.tools.linux_11.7.1.202301190959/tools/bin/../lib/gcc/arm-none-eabi/10.3.1/../../../../arm-none-eabi/lib/thumb/v6-m/nofp/libstdc++.a
LOAD /opt/mcuxpresso-ide/ide/plugins/com.nxp.mcuxpresso.tools.linux_11.7.1.202301190959/tools/bin/../lib/gcc/arm-none-eabi/10.3.1/../../../../arm-none-eabi/lib/thumb/v6-m/nofp/libm.a
LOAD /opt/mcuxpresso-ide/ide/plugins/com.nxp.mcuxpresso.tools.linux_11.7.1.202301190959/tools/bin/../lib/gcc/arm-none-eabi/10.3.1/../../../../arm-none-eabi/lib/thumb/v6-m/nofp/libcr_newlib_nohost.a
LOAD /opt/mcuxpresso-ide/ide/plugins/com.nxp.mcuxpresso.tools.linux_11.7.1.202301190959/tools/bin/../lib/gcc/arm-none-eabi/10.3.1/thumb/v6-m/nofp/crti.o
LOAD /opt/mcuxpresso-ide/ide/plugins/com.nxp.mcuxpresso.tools.linux_11.7.1.202301190959/tools/bin/../lib/gcc/arm-none-eabi/10.3.1/thumb/v6-m/nofp/crtn.o
LOAD /opt/mcuxpresso-ide/ide/plugins/com.nxp.mcuxpresso.tools.linux_11.7.1.202301190959/tools/bin/../lib/gcc/arm-none-eabi/10.3.1/thumb/v6-m/nofp/crtbegin.o
LOAD /opt/mcuxpresso-ide/ide/plugins/com.nxp.mcuxpresso.tools.linux_11.7.1.202301190959/tools/bin/../lib/gcc/arm-none-eabi/10.3.1/thumb/v6-m/nofp/crtend.o
END GROUP
                0x0000000000000000                __base_MFlash64 = 0x0
                0x0000000000000000                __base_Flash = 0x0
                0x0000000000010000                __top_MFlash64 = 0x10000
                0x0000000000010000                __top_Flash = 0x10000
                0x0000000010000000                __base_RamLoc16 = 0x10000000
                0x0000000010000000                __base_RAM = 0x10000000
                0x0000000010004000                __top_RamLoc16 = 0x10004000
                0x0000000010004000                __top_RAM = 0x10004000

.text           0x0000000000000000     0x359c
 FILL mask 0xff
                0x0000000000000000                __vectors_start__ = ABSOLUTE (.)
 *(.isr_vector)
 .isr_vector    0x0000000000000000       0xc0 ./src/firmware/cr_startup_lpc84x.o
                0x0000000000000000                g_pfnVectors
                0x00000000000000c0                . = ALIGN (0x4)
                0x00000000000000c0                __section_table_start = .
                0x00000000000000c0                __data_section_table = .
                0x00000000000000c0        0x4 LONG 0x381c LOADADDR (.data)
                0x00000000000000c4        0x4 LONG 0x10000100 ADDR (.data)
                0x00000000000000c8        0x4 LONG 0x848 SIZEOF (.data)
                0x00000000000000cc                __data_section_table_end = .
                0x00000000000000cc                __bss_section_table = .
                0x00000000000000cc        0x4 LONG 0x10000948 ADDR (.bss)
                0x00000000000000d0        0x4 LONG 0x80 SIZEOF (.bss)
                0x00000000000000d4                __bss_section_table_end = .
                0x00000000000000d4                __section_table_end = .
 *(.after_vectors*)
 .after_vectors
                0x00000000000000d4      0x144 ./src/firmware/cr_startup_lpc84x.o
                0x00000000000000d4                data_init(unsigned int, unsigned int, unsigned int)
                0x0000000000000114                bss_init(unsigned int, unsigned int)
                0x0000000000000148                ResetISR
                0x00000000000001f4                NMI_Handler
                0x00000000000001fa                HardFault_Handler
                0x0000000000000200                SVC_Handler
                0x0000000000000206                PendSV_Handler
                0x000000000000020c                SysTick_Handler
                0x0000000000000212                CMP_IRQHandler
                0x0000000000000212                PININT7_IRQHandler
                0x0000000000000212                I2C0_IRQHandler
                0x0000000000000212                WKT_IRQHandler
                0x0000000000000212                PININT2_IRQHandler
                0x0000000000000212                PININT1_IRQHandler
                0x0000000000000212                MRT_IRQHandler
                0x0000000000000212                I2C1_IRQHandler
                0x0000000000000212                UART1_IRQHandler
                0x0000000000000212                ADC_SEQB_IRQHandler
                0x0000000000000212                UART0_IRQHandler
                0x0000000000000212                SPI1_IRQHandler
                0x0000000000000212                IntDefaultHandler
                0x0000000000000212                ADC_OVR_IRQHandler
                0x0000000000000212                I2C2_IRQHandler
                0x0000000000000212                PININT3_IRQHandler
                0x0000000000000212                UART2_IRQHandler
                0x0000000000000212                PININT5_IRQHandler
                0x0000000000000212                PININT4_IRQHandler
                0x0000000000000212                ADC_THCMP_IRQHandler
                0x0000000000000212                PININT0_IRQHandler
                0x0000000000000212                BOD_IRQHandler
                0x0000000000000212                I2C3_IRQHandler
                0x0000000000000212                SCT_IRQHandler
                0x0000000000000212                WDT_IRQHandler
                0x0000000000000212                ADC_SEQA_IRQHandler
                0x0000000000000212                FAIM_IRQHandler
                0x0000000000000212                DAC0_IRQHandler
                0x0000000000000212                PININT6_IRQHandler
                0x0000000000000212                SPI0_IRQHandler
                0x0000000000000212                DMA_IRQHandler
                0x0000000000000212                FLASH_IRQHandler
                0x0000000000000212                CTIMER0_IRQHandler
                0x00000000000002fc                . = 0x2fc
 *fill*         0x0000000000000218       0xe4 ff
                0x00000000000002fc                PROVIDE (__CRP_WORD_START__ = .)
 *(.crp)
 .crp           0x00000000000002fc        0x4 ./src/firmware/crp.o
                0x00000000000002fc                CRP_WORD
                0x0000000000000300                PROVIDE (__CRP_WORD_END__ = .)
                0x0000000000000001                ASSERT (! ((__CRP_WORD_START__ == __CRP_WORD_END__)), Linker CRP Enabled, but no CRP_WORD provided within application)
 *(.text*)
 .text._ZdlPv   0x0000000000000300       0x18 ./src/firmware/cr_cpp_config.o
                0x0000000000000300                operator delete(void*)
 .text._ZN9__gnu_cxx27__verbose_terminate_handlerEv
                0x0000000000000318        0x6 ./src/firmware/cr_cpp_config.o
                0x0000000000000318                __gnu_cxx::__verbose_terminate_handler()
 *fill*         0x000000000000031e        0x2 ff
 .text._Z10initializev
                0x0000000000000320       0x24 ./src/application/GPIOmain.o
                0x0000000000000320                initialize()
 .text.main     0x0000000000000344       0xa4 ./src/application/GPIOmain.o
                0x0000000000000344                main
 .text._ZN5InputC2Ev
                0x00000000000003e8       0x1c ./src/02-Gpio/Gpio.o
                0x00000000000003e8                Input::Input()
                0x00000000000003e8                Input::Input()
 .text._ZN6OutputC2Ev
                0x0000000000000404       0x1c ./src/02-Gpio/Gpio.o
                0x0000000000000404                Output::Output()
                0x0000000000000404                Output::Output()
 .text._ZN4GpioC2ENS_6port_tEhhNS_11direction_tENS_10activity_tE
                0x0000000000000420       0xf0 ./src/02-Gpio/Gpio.o
                0x0000000000000420                Gpio::Gpio(Gpio::port_t, unsigned char, unsigned char, Gpio::direction_t, Gpio::activity_t)
                0x0000000000000420                Gpio::Gpio(Gpio::port_t, unsigned char, unsigned char, Gpio::direction_t, Gpio::activity_t)
 .text._ZN4Gpio12setDirInputsEv
                0x0000000000000510       0x52 ./src/02-Gpio/Gpio.o
                0x0000000000000510                Gpio::setDirInputs()
 .text._ZN4Gpio13setDirOutputsEv
                0x0000000000000562       0x52 ./src/02-Gpio/Gpio.o
                0x0000000000000562                Gpio::setDirOutputs()
 .text._ZThn4_N4Gpio13setDirOutputsEv
                0x00000000000005b4       0x10 ./src/02-Gpio/Gpio.o
                0x00000000000005b4                non-virtual thunk to Gpio::setDirOutputs()
 .text._ZN4Gpio6getPinEv
                0x00000000000005c4       0x7e ./src/02-Gpio/Gpio.o
                0x00000000000005c4                Gpio::getPin()
 .text._ZN4Gpio10setPinModeEv
                0x0000000000000642       0x12 ./src/02-Gpio/Gpio.o
                0x0000000000000642                Gpio::setPinMode()
 .text._ZN4Gpio14setPinResistorEv
                0x0000000000000654       0x12 ./src/02-Gpio/Gpio.o
                0x0000000000000654                Gpio::setPinResistor()
 *fill*         0x0000000000000666        0x2 ff
 .text._ZThn4_N4Gpio14setPinResistorEv
                0x0000000000000668       0x10 ./src/02-Gpio/Gpio.o
                0x0000000000000668                non-virtual thunk to Gpio::setPinResistor()
 .text._ZN4Gpio6clrPinEv
                0x0000000000000678       0x94 ./src/02-Gpio/Gpio.o
                0x0000000000000678                Gpio::clrPin()
 .text._ZThn4_N4Gpio6clrPinEv
                0x000000000000070c       0x10 ./src/02-Gpio/Gpio.o
                0x000000000000070c                non-virtual thunk to Gpio::clrPin()
 .text._ZN4Gpio6setPinEv
                0x000000000000071c       0x94 ./src/02-Gpio/Gpio.o
                0x000000000000071c                Gpio::setPin()
 .text._ZThn4_N4Gpio6setPinEv
                0x00000000000007b0       0x10 ./src/02-Gpio/Gpio.o
                0x00000000000007b0                non-virtual thunk to Gpio::setPin()
 .text._ZN4Gpio12setTogglePinEv
                0x00000000000007c0       0x52 ./src/02-Gpio/Gpio.o
                0x00000000000007c0                Gpio::setTogglePin()
 *fill*         0x0000000000000812        0x2 ff
 .text._ZThn4_N4Gpio12setTogglePinEv
                0x0000000000000814       0x10 ./src/02-Gpio/Gpio.o
                0x0000000000000814                non-virtual thunk to Gpio::setTogglePin()
 .text._ZN4GpioD2Ev
                0x0000000000000824       0x28 ./src/02-Gpio/Gpio.o
                0x0000000000000824                Gpio::~Gpio()
                0x0000000000000824                Gpio::~Gpio()
 .text._ZN4GpioD0Ev
                0x000000000000084c       0x24 ./src/02-Gpio/Gpio.o
                0x000000000000084c                Gpio::~Gpio()
 .text.__libc_init_array
                0x0000000000000870       0x44 /opt/mcuxpresso-ide/ide/plugins/com.nxp.mcuxpresso.tools.linux_11.7.1.202301190959/tools/bin/../lib/gcc/arm-none-eabi/10.3.1/../../../../arm-none-eabi/lib/thumb/v6-m/nofp/libc.a(lib_a-init.o)
                0x0000000000000870                __libc_init_array
 .text.malloc   0x00000000000008b4       0x14 /opt/mcuxpresso-ide/ide/plugins/com.nxp.mcuxpresso.tools.linux_11.7.1.202301190959/tools/bin/../lib/gcc/arm-none-eabi/10.3.1/../../../../arm-none-eabi/lib/thumb/v6-m/nofp/libc.a(lib_a-malloc.o)
                0x00000000000008b4                malloc
 .text.free     0x00000000000008c8       0x14 /opt/mcuxpresso-ide/ide/plugins/com.nxp.mcuxpresso.tools.linux_11.7.1.202301190959/tools/bin/../lib/gcc/arm-none-eabi/10.3.1/../../../../arm-none-eabi/lib/thumb/v6-m/nofp/libc.a(lib_a-malloc.o)
                0x00000000000008c8                free
 .text._malloc_r
                0x00000000000008dc      0x584 /opt/mcuxpresso-ide/ide/plugins/com.nxp.mcuxpresso.tools.linux_11.7.1.202301190959/tools/bin/../lib/gcc/arm-none-eabi/10.3.1/../../../../arm-none-eabi/lib/thumb/v6-m/nofp/libc.a(lib_a-mallocr.o)
                0x00000000000008dc                _malloc_r
 .text.__malloc_lock
                0x0000000000000e60       0x10 /opt/mcuxpresso-ide/ide/plugins/com.nxp.mcuxpresso.tools.linux_11.7.1.202301190959/tools/bin/../lib/gcc/arm-none-eabi/10.3.1/../../../../arm-none-eabi/lib/thumb/v6-m/nofp/libc.a(lib_a-mlock.o)
                0x0000000000000e60                __malloc_lock
 .text.__malloc_unlock
                0x0000000000000e70       0x10 /opt/mcuxpresso-ide/ide/plugins/com.nxp.mcuxpresso.tools.linux_11.7.1.202301190959/tools/bin/../lib/gcc/arm-none-eabi/10.3.1/../../../../arm-none-eabi/lib/thumb/v6-m/nofp/libc.a(lib_a-mlock.o)
                0x0000000000000e70                __malloc_unlock
 .text._sbrk_r  0x0000000000000e80       0x24 /opt/mcuxpresso-ide/ide/plugins/com.nxp.mcuxpresso.tools.linux_11.7.1.202301190959/tools/bin/../lib/gcc/arm-none-eabi/10.3.1/../../../../arm-none-eabi/lib/thumb/v6-m/nofp/libc.a(lib_a-sbrkr.o)
                0x0000000000000e80                _sbrk_r
 .text._malloc_trim_r
                0x0000000000000ea4       0x9c /opt/mcuxpresso-ide/ide/plugins/com.nxp.mcuxpresso.tools.linux_11.7.1.202301190959/tools/bin/../lib/gcc/arm-none-eabi/10.3.1/../../../../arm-none-eabi/lib/thumb/v6-m/nofp/libc.a(lib_a-freer.o)
                0x0000000000000ea4                _malloc_trim_r
 .text._free_r  0x0000000000000f40      0x1c4 /opt/mcuxpresso-ide/ide/plugins/com.nxp.mcuxpresso.tools.linux_11.7.1.202301190959/tools/bin/../lib/gcc/arm-none-eabi/10.3.1/../../../../arm-none-eabi/lib/thumb/v6-m/nofp/libc.a(lib_a-freer.o)
                0x0000000000000f40                _free_r
 .text.__retarget_lock_acquire_recursive
                0x0000000000001104        0x4 /opt/mcuxpresso-ide/ide/plugins/com.nxp.mcuxpresso.tools.linux_11.7.1.202301190959/tools/bin/../lib/gcc/arm-none-eabi/10.3.1/../../../../arm-none-eabi/lib/thumb/v6-m/nofp/libc.a(lib_a-lock.o)
                0x0000000000001104                __retarget_lock_acquire_recursive
 .text.__retarget_lock_release_recursive
                0x0000000000001108        0x4 /opt/mcuxpresso-ide/ide/plugins/com.nxp.mcuxpresso.tools.linux_11.7.1.202301190959/tools/bin/../lib/gcc/arm-none-eabi/10.3.1/../../../../arm-none-eabi/lib/thumb/v6-m/nofp/libc.a(lib_a-lock.o)
                0x0000000000001108                __retarget_lock_release_recursive
 .text._ZdlPvj  0x000000000000110c        0x8 /opt/mcuxpresso-ide/ide/plugins/com.nxp.mcuxpresso.tools.linux_11.7.1.202301190959/tools/bin/../lib/gcc/arm-none-eabi/10.3.1/../../../../arm-none-eabi/lib/thumb/v6-m/nofp/libstdc++.a(del_ops.o)
                0x000000000000110c                operator delete(void*, unsigned int)
 .text.__cxa_pure_virtual
                0x0000000000001114       0x14 /opt/mcuxpresso-ide/ide/plugins/com.nxp.mcuxpresso.tools.linux_11.7.1.202301190959/tools/bin/../lib/gcc/arm-none-eabi/10.3.1/../../../../arm-none-eabi/lib/thumb/v6-m/nofp/libstdc++.a(pure.o)
                0x0000000000001114                __cxa_pure_virtual
 .text._ZN10__cxxabiv111__terminateEPFvvE
                0x0000000000001128       0x28 /opt/mcuxpresso-ide/ide/plugins/com.nxp.mcuxpresso.tools.linux_11.7.1.202301190959/tools/bin/../lib/gcc/arm-none-eabi/10.3.1/../../../../arm-none-eabi/lib/thumb/v6-m/nofp/libstdc++.a(eh_terminate.o)
                0x0000000000001128                __cxxabiv1::__terminate(void (*)())
 .text._ZSt9terminatev
                0x0000000000001150       0x10 /opt/mcuxpresso-ide/ide/plugins/com.nxp.mcuxpresso.tools.linux_11.7.1.202301190959/tools/bin/../lib/gcc/arm-none-eabi/10.3.1/../../../../arm-none-eabi/lib/thumb/v6-m/nofp/libstdc++.a(eh_terminate.o)
                0x0000000000001150                std::terminate()
 .text._ZN10__cxxabiv112__unexpectedEPFvvE
                0x0000000000001160        0x8 /opt/mcuxpresso-ide/ide/plugins/com.nxp.mcuxpresso.tools.linux_11.7.1.202301190959/tools/bin/../lib/gcc/arm-none-eabi/10.3.1/../../../../arm-none-eabi/lib/thumb/v6-m/nofp/libstdc++.a(eh_terminate.o)
                0x0000000000001160                __cxxabiv1::__unexpected(void (*)())
 .text._ZSt10unexpectedv
                0x0000000000001168       0x10 /opt/mcuxpresso-ide/ide/plugins/com.nxp.mcuxpresso.tools.linux_11.7.1.202301190959/tools/bin/../lib/gcc/arm-none-eabi/10.3.1/../../../../arm-none-eabi/lib/thumb/v6-m/nofp/libstdc++.a(eh_terminate.o)
                0x0000000000001168                std::unexpected()
 .text._ZSt13get_terminatev
                0x0000000000001178        0xc /opt/mcuxpresso-ide/ide/plugins/com.nxp.mcuxpresso.tools.linux_11.7.1.202301190959/tools/bin/../lib/gcc/arm-none-eabi/10.3.1/../../../../arm-none-eabi/lib/thumb/v6-m/nofp/libstdc++.a(eh_terminate.o)
                0x0000000000001178                std::get_terminate()
 .text._ZSt14get_unexpectedv
                0x0000000000001184        0xc /opt/mcuxpresso-ide/ide/plugins/com.nxp.mcuxpresso.tools.linux_11.7.1.202301190959/tools/bin/../lib/gcc/arm-none-eabi/10.3.1/../../../../arm-none-eabi/lib/thumb/v6-m/nofp/libstdc++.a(eh_terminate.o)
                0x0000000000001184                std::get_unexpected()
 .text.__cxa_end_cleanup
                0x0000000000001190        0xc /opt/mcuxpresso-ide/ide/plugins/com.nxp.mcuxpresso.tools.linux_11.7.1.202301190959/tools/bin/../lib/gcc/arm-none-eabi/10.3.1/../../../../arm-none-eabi/lib/thumb/v6-m/nofp/libstdc++.a(eh_arm.o)
                0x0000000000001190                __cxa_end_cleanup
 .text.__cxa_type_match
                0x000000000000119c       0xc0 /opt/mcuxpresso-ide/ide/plugins/com.nxp.mcuxpresso.tools.linux_11.7.1.202301190959/tools/bin/../lib/gcc/arm-none-eabi/10.3.1/../../../../arm-none-eabi/lib/thumb/v6-m/nofp/libstdc++.a(eh_arm.o)
                0x000000000000119c                __cxa_type_match
 .text.__cxa_begin_cleanup
                0x000000000000125c       0x60 /opt/mcuxpresso-ide/ide/plugins/com.nxp.mcuxpresso.tools.linux_11.7.1.202301190959/tools/bin/../lib/gcc/arm-none-eabi/10.3.1/../../../../arm-none-eabi/lib/thumb/v6-m/nofp/libstdc++.a(eh_arm.o)
                0x000000000000125c                __cxa_begin_cleanup
 .text.__gnu_end_cleanup
                0x00000000000012bc       0x70 /opt/mcuxpresso-ide/ide/plugins/com.nxp.mcuxpresso.tools.linux_11.7.1.202301190959/tools/bin/../lib/gcc/arm-none-eabi/10.3.1/../../../../arm-none-eabi/lib/thumb/v6-m/nofp/libstdc++.a(eh_arm.o)
                0x00000000000012bc                __gnu_end_cleanup
 .text._ZN10__cxxabiv1L24__is_gxx_exception_classEPc
                0x000000000000132c       0x3c /opt/mcuxpresso-ide/ide/plugins/com.nxp.mcuxpresso.tools.linux_11.7.1.202301190959/tools/bin/../lib/gcc/arm-none-eabi/10.3.1/../../../../arm-none-eabi/lib/thumb/v6-m/nofp/libstdc++.a(eh_call.o)
 .text.__cxa_call_terminate
                0x0000000000001368       0x20 /opt/mcuxpresso-ide/ide/plugins/com.nxp.mcuxpresso.tools.linux_11.7.1.202301190959/tools/bin/../lib/gcc/arm-none-eabi/10.3.1/../../../../arm-none-eabi/lib/thumb/v6-m/nofp/libstdc++.a(eh_call.o)
                0x0000000000001368                __cxa_call_terminate
 .text.unlikely.__cxa_call_unexpected
                0x0000000000001388      0x100 /opt/mcuxpresso-ide/ide/plugins/com.nxp.mcuxpresso.tools.linux_11.7.1.202301190959/tools/bin/../lib/gcc/arm-none-eabi/10.3.1/../../../../arm-none-eabi/lib/thumb/v6-m/nofp/libstdc++.a(eh_call.o)
                0x0000000000001388                __cxa_call_unexpected
 .text.__cxa_begin_catch
                0x0000000000001488       0x74 /opt/mcuxpresso-ide/ide/plugins/com.nxp.mcuxpresso.tools.linux_11.7.1.202301190959/tools/bin/../lib/gcc/arm-none-eabi/10.3.1/../../../../arm-none-eabi/lib/thumb/v6-m/nofp/libstdc++.a(eh_catch.o)
                0x0000000000001488                __cxa_begin_catch
 .text.__cxa_end_catch
                0x00000000000014fc       0x90 /opt/mcuxpresso-ide/ide/plugins/com.nxp.mcuxpresso.tools.linux_11.7.1.202301190959/tools/bin/../lib/gcc/arm-none-eabi/10.3.1/../../../../arm-none-eabi/lib/thumb/v6-m/nofp/libstdc++.a(eh_catch.o)
                0x00000000000014fc                __cxa_end_catch
 .text._ZNSt13bad_exceptionD2Ev
                0x000000000000158c        0x4 /opt/mcuxpresso-ide/ide/plugins/com.nxp.mcuxpresso.tools.linux_11.7.1.202301190959/tools/bin/../lib/gcc/arm-none-eabi/10.3.1/../../../../arm-none-eabi/lib/thumb/v6-m/nofp/libstdc++.a(eh_exception.o)
                0x000000000000158c                std::bad_exception::~bad_exception()
                0x000000000000158c                std::bad_exception::~bad_exception()
 .text._ZNKSt13bad_exception4whatEv
                0x0000000000001590        0x8 /opt/mcuxpresso-ide/ide/plugins/com.nxp.mcuxpresso.tools.linux_11.7.1.202301190959/tools/bin/../lib/gcc/arm-none-eabi/10.3.1/../../../../arm-none-eabi/lib/thumb/v6-m/nofp/libstdc++.a(eh_exception.o)
                0x0000000000001590                transaction clone for std::bad_exception::what() const
                0x0000000000001590                std::bad_exception::what() const
 .text._ZNSt13bad_exceptionD0Ev
                0x0000000000001598       0x10 /opt/mcuxpresso-ide/ide/plugins/com.nxp.mcuxpresso.tools.linux_11.7.1.202301190959/tools/bin/../lib/gcc/arm-none-eabi/10.3.1/../../../../arm-none-eabi/lib/thumb/v6-m/nofp/libstdc++.a(eh_exception.o)
                0x0000000000001598                std::bad_exception::~bad_exception()
 .text.__cxa_get_globals_fast
                0x00000000000015a8        0x8 /opt/mcuxpresso-ide/ide/plugins/com.nxp.mcuxpresso.tools.linux_11.7.1.202301190959/tools/bin/../lib/gcc/arm-none-eabi/10.3.1/../../../../arm-none-eabi/lib/thumb/v6-m/nofp/libstdc++.a(eh_globals.o)
                0x00000000000015a8                __cxa_get_globals_fast
 .text.__cxa_get_globals
                0x00000000000015b0        0x8 /opt/mcuxpresso-ide/ide/plugins/com.nxp.mcuxpresso.tools.linux_11.7.1.202301190959/tools/bin/../lib/gcc/arm-none-eabi/10.3.1/../../../../arm-none-eabi/lib/thumb/v6-m/nofp/libstdc++.a(eh_globals.o)
                0x00000000000015b0                __cxa_get_globals
 .text._ZL28read_encoded_value_with_basehjPKhPj
                0x00000000000015b8      0x114 /opt/mcuxpresso-ide/ide/plugins/com.nxp.mcuxpresso.tools.linux_11.7.1.202301190959/tools/bin/../lib/gcc/arm-none-eabi/10.3.1/../../../../arm-none-eabi/lib/thumb/v6-m/nofp/libstdc++.a(eh_personality.o)
 .text._ZL21base_of_encoded_valuehP15_Unwind_Context
                0x00000000000016cc       0x48 /opt/mcuxpresso-ide/ide/plugins/com.nxp.mcuxpresso.tools.linux_11.7.1.202301190959/tools/bin/../lib/gcc/arm-none-eabi/10.3.1/../../../../arm-none-eabi/lib/thumb/v6-m/nofp/libstdc++.a(eh_personality.o)
 .text._ZL17parse_lsda_headerP15_Unwind_ContextPKhP16lsda_header_info
                0x0000000000001714       0x98 /opt/mcuxpresso-ide/ide/plugins/com.nxp.mcuxpresso.tools.linux_11.7.1.202301190959/tools/bin/../lib/gcc/arm-none-eabi/10.3.1/../../../../arm-none-eabi/lib/thumb/v6-m/nofp/libstdc++.a(eh_personality.o)
 .text.__gxx_personality_v0
                0x00000000000017ac      0x4c8 /opt/mcuxpresso-ide/ide/plugins/com.nxp.mcuxpresso.tools.linux_11.7.1.202301190959/tools/bin/../lib/gcc/arm-none-eabi/10.3.1/../../../../arm-none-eabi/lib/thumb/v6-m/nofp/libstdc++.a(eh_personality.o)
                0x00000000000017ac                __gxx_personality_v0
 .text._ZL23__gxx_exception_cleanup19_Unwind_Reason_CodeP21_Unwind_Control_Block
                0x0000000000001c74       0x34 /opt/mcuxpresso-ide/ide/plugins/com.nxp.mcuxpresso.tools.linux_11.7.1.202301190959/tools/bin/../lib/gcc/arm-none-eabi/10.3.1/../../../../arm-none-eabi/lib/thumb/v6-m/nofp/libstdc++.a(eh_throw.o)
 .text.__cxa_init_primary_exception
                0x0000000000001ca8       0x4c /opt/mcuxpresso-ide/ide/plugins/com.nxp.mcuxpresso.tools.linux_11.7.1.202301190959/tools/bin/../lib/gcc/arm-none-eabi/10.3.1/../../../../arm-none-eabi/lib/thumb/v6-m/nofp/libstdc++.a(eh_throw.o)
                0x0000000000001ca8                __cxa_init_primary_exception
 .text.__cxa_throw
                0x0000000000001cf4       0x34 /opt/mcuxpresso-ide/ide/plugins/com.nxp.mcuxpresso.tools.linux_11.7.1.202301190959/tools/bin/../lib/gcc/arm-none-eabi/10.3.1/../../../../arm-none-eabi/lib/thumb/v6-m/nofp/libstdc++.a(eh_throw.o)
                0x0000000000001cf4                __cxa_throw
 .text.__cxa_rethrow
                0x0000000000001d28       0x70 /opt/mcuxpresso-ide/ide/plugins/com.nxp.mcuxpresso.tools.linux_11.7.1.202301190959/tools/bin/../lib/gcc/arm-none-eabi/10.3.1/../../../../arm-none-eabi/lib/thumb/v6-m/nofp/libstdc++.a(eh_throw.o)
                0x0000000000001d28                __cxa_rethrow
 .text._ZN10__cxxabiv120__si_class_type_infoD2Ev
                0x0000000000001d98       0x18 /opt/mcuxpresso-ide/ide/plugins/com.nxp.mcuxpresso.tools.linux_11.7.1.202301190959/tools/bin/../lib/gcc/arm-none-eabi/10.3.1/../../../../arm-none-eabi/lib/thumb/v6-m/nofp/libstdc++.a(si_class_type_info.o)
                0x0000000000001d98                __cxxabiv1::__si_class_type_info::~__si_class_type_info()
                0x0000000000001d98                __cxxabiv1::__si_class_type_info::~__si_class_type_info()
 .text._ZN10__cxxabiv120__si_class_type_infoD0Ev
                0x0000000000001db0       0x20 /opt/mcuxpresso-ide/ide/plugins/com.nxp.mcuxpresso.tools.linux_11.7.1.202301190959/tools/bin/../lib/gcc/arm-none-eabi/10.3.1/../../../../arm-none-eabi/lib/thumb/v6-m/nofp/libstdc++.a(si_class_type_info.o)
                0x0000000000001db0                __cxxabiv1::__si_class_type_info::~__si_class_type_info()
 .text._ZNK10__cxxabiv120__si_class_type_info20__do_find_public_srcEiPKvPKNS_17__class_type_infoES2_
                0x0000000000001dd0       0x38 /opt/mcuxpresso-ide/ide/plugins/com.nxp.mcuxpresso.tools.linux_11.7.1.202301190959/tools/bin/../lib/gcc/arm-none-eabi/10.3.1/../../../../arm-none-eabi/lib/thumb/v6-m/nofp/libstdc++.a(si_class_type_info.o)
                0x0000000000001dd0                __cxxabiv1::__si_class_type_info::__do_find_public_src(int, void const*, __cxxabiv1::__class_type_info const*, void const*) const
 .text._ZNK10__cxxabiv120__si_class_type_info12__do_dyncastEiNS_17__class_type_info10__sub_kindEPKS1_PKvS4_S6_RNS1_16__dyncast_resultE
                0x0000000000001e08       0x9c /opt/mcuxpresso-ide/ide/plugins/com.nxp.mcuxpresso.tools.linux_11.7.1.202301190959/tools/bin/../lib/gcc/arm-none-eabi/10.3.1/../../../../arm-none-eabi/lib/thumb/v6-m/nofp/libstdc++.a(si_class_type_info.o)
                0x0000000000001e08                __cxxabiv1::__si_class_type_info::__do_dyncast(int, __cxxabiv1::__class_type_info::__sub_kind, __cxxabiv1::__class_type_info const*, void const*, __cxxabiv1::__class_type_info const*, void const*, __cxxabiv1::__class_type_info::__dyncast_result&) const
 .text._ZNK10__cxxabiv120__si_class_type_info11__do_upcastEPKNS_17__class_type_infoEPKvRNS1_15__upcast_resultE
                0x0000000000001ea4       0x24 /opt/mcuxpresso-ide/ide/plugins/com.nxp.mcuxpresso.tools.linux_11.7.1.202301190959/tools/bin/../lib/gcc/arm-none-eabi/10.3.1/../../../../arm-none-eabi/lib/thumb/v6-m/nofp/libstdc++.a(si_class_type_info.o)
                0x0000000000001ea4                __cxxabiv1::__si_class_type_info::__do_upcast(__cxxabiv1::__class_type_info const*, void const*, __cxxabiv1::__class_type_info::__upcast_result&) const
 .text._ZNSt9type_infoD2Ev
                0x0000000000001ec8        0x4 /opt/mcuxpresso-ide/ide/plugins/com.nxp.mcuxpresso.tools.linux_11.7.1.202301190959/tools/bin/../lib/gcc/arm-none-eabi/10.3.1/../../../../arm-none-eabi/lib/thumb/v6-m/nofp/libstdc++.a(tinfo.o)
                0x0000000000001ec8                std::type_info::~type_info()
                0x0000000000001ec8                std::type_info::~type_info()
 .text._ZNKSt9type_info14__is_pointer_pEv
                0x0000000000001ecc        0x4 /opt/mcuxpresso-ide/ide/plugins/com.nxp.mcuxpresso.tools.linux_11.7.1.202301190959/tools/bin/../lib/gcc/arm-none-eabi/10.3.1/../../../../arm-none-eabi/lib/thumb/v6-m/nofp/libstdc++.a(tinfo.o)
                0x0000000000001ecc                std::type_info::__is_function_p() const
                0x0000000000001ecc                std::type_info::__is_pointer_p() const
 .text._ZNKSt9type_infoeqERKS_
                0x0000000000001ed0       0x30 /opt/mcuxpresso-ide/ide/plugins/com.nxp.mcuxpresso.tools.linux_11.7.1.202301190959/tools/bin/../lib/gcc/arm-none-eabi/10.3.1/../../../../arm-none-eabi/lib/thumb/v6-m/nofp/libstdc++.a(tinfo.o)
                0x0000000000001ed0                std::type_info::operator==(std::type_info const&) const
 .text._ZNK10__cxxabiv117__class_type_info11__do_upcastEPKS0_PPv
                0x0000000000001f00       0x34 /opt/mcuxpresso-ide/ide/plugins/com.nxp.mcuxpresso.tools.linux_11.7.1.202301190959/tools/bin/../lib/gcc/arm-none-eabi/10.3.1/../../../../arm-none-eabi/lib/thumb/v6-m/nofp/libstdc++.a(class_type_info.o)
                0x0000000000001f00                __cxxabiv1::__class_type_info::__do_upcast(__cxxabiv1::__class_type_info const*, void**) const
 .text._ZNK10__cxxabiv117__class_type_info20__do_find_public_srcEiPKvPKS0_S2_
                0x0000000000001f34       0x14 /opt/mcuxpresso-ide/ide/plugins/com.nxp.mcuxpresso.tools.linux_11.7.1.202301190959/tools/bin/../lib/gcc/arm-none-eabi/10.3.1/../../../../arm-none-eabi/lib/thumb/v6-m/nofp/libstdc++.a(class_type_info.o)
                0x0000000000001f34                __cxxabiv1::__class_type_info::__do_find_public_src(int, void const*, __cxxabiv1::__class_type_info const*, void const*) const
 .text._ZN10__cxxabiv117__class_type_infoD2Ev
                0x0000000000001f48       0x18 /opt/mcuxpresso-ide/ide/plugins/com.nxp.mcuxpresso.tools.linux_11.7.1.202301190959/tools/bin/../lib/gcc/arm-none-eabi/10.3.1/../../../../arm-none-eabi/lib/thumb/v6-m/nofp/libstdc++.a(class_type_info.o)
                0x0000000000001f48                __cxxabiv1::__class_type_info::~__class_type_info()
                0x0000000000001f48                __cxxabiv1::__class_type_info::~__class_type_info()
 .text._ZN10__cxxabiv117__class_type_infoD0Ev
                0x0000000000001f60       0x20 /opt/mcuxpresso-ide/ide/plugins/com.nxp.mcuxpresso.tools.linux_11.7.1.202301190959/tools/bin/../lib/gcc/arm-none-eabi/10.3.1/../../../../arm-none-eabi/lib/thumb/v6-m/nofp/libstdc++.a(class_type_info.o)
                0x0000000000001f60                __cxxabiv1::__class_type_info::~__class_type_info()
 .text._ZNK10__cxxabiv117__class_type_info12__do_dyncastEiNS0_10__sub_kindEPKS0_PKvS3_S5_RNS0_16__dyncast_resultE
                0x0000000000001f80       0x40 /opt/mcuxpresso-ide/ide/plugins/com.nxp.mcuxpresso.tools.linux_11.7.1.202301190959/tools/bin/../lib/gcc/arm-none-eabi/10.3.1/../../../../arm-none-eabi/lib/thumb/v6-m/nofp/libstdc++.a(class_type_info.o)
                0x0000000000001f80                __cxxabiv1::__class_type_info::__do_dyncast(int, __cxxabiv1::__class_type_info::__sub_kind, __cxxabiv1::__class_type_info const*, void const*, __cxxabiv1::__class_type_info const*, void const*, __cxxabiv1::__class_type_info::__dyncast_result&) const
 .text._ZNK10__cxxabiv117__class_type_info11__do_upcastEPKS0_PKvRNS0_15__upcast_resultE
                0x0000000000001fc0       0x1c /opt/mcuxpresso-ide/ide/plugins/com.nxp.mcuxpresso.tools.linux_11.7.1.202301190959/tools/bin/../lib/gcc/arm-none-eabi/10.3.1/../../../../arm-none-eabi/lib/thumb/v6-m/nofp/libstdc++.a(class_type_info.o)
                0x0000000000001fc0                __cxxabiv1::__class_type_info::__do_upcast(__cxxabiv1::__class_type_info const*, void const*, __cxxabiv1::__class_type_info::__upcast_result&) const
 .text._ZNK10__cxxabiv117__class_type_info10__do_catchEPKSt9type_infoPPvj
                0x0000000000001fdc       0x24 /opt/mcuxpresso-ide/ide/plugins/com.nxp.mcuxpresso.tools.linux_11.7.1.202301190959/tools/bin/../lib/gcc/arm-none-eabi/10.3.1/../../../../arm-none-eabi/lib/thumb/v6-m/nofp/libstdc++.a(class_type_info.o)
                0x0000000000001fdc                __cxxabiv1::__class_type_info::__do_catch(std::type_info const*, void**, unsigned int) const
 .text._ZN12_GLOBAL__N_14pool4freeEPv.constprop.0
                0x0000000000002000       0x78 /opt/mcuxpresso-ide/ide/plugins/com.nxp.mcuxpresso.tools.linux_11.7.1.202301190959/tools/bin/../lib/gcc/arm-none-eabi/10.3.1/../../../../arm-none-eabi/lib/thumb/v6-m/nofp/libstdc++.a(eh_alloc.o)
 .text._ZN12_GLOBAL__N_14pool8allocateEj.constprop.0
                0x0000000000002078       0x54 /opt/mcuxpresso-ide/ide/plugins/com.nxp.mcuxpresso.tools.linux_11.7.1.202301190959/tools/bin/../lib/gcc/arm-none-eabi/10.3.1/../../../../arm-none-eabi/lib/thumb/v6-m/nofp/libstdc++.a(eh_alloc.o)
 .text.__cxa_allocate_exception
                0x00000000000020cc       0x2c /opt/mcuxpresso-ide/ide/plugins/com.nxp.mcuxpresso.tools.linux_11.7.1.202301190959/tools/bin/../lib/gcc/arm-none-eabi/10.3.1/../../../../arm-none-eabi/lib/thumb/v6-m/nofp/libstdc++.a(eh_alloc.o)
                0x00000000000020cc                __cxa_allocate_exception
 .text.__cxa_free_exception
                0x00000000000020f8       0x24 /opt/mcuxpresso-ide/ide/plugins/com.nxp.mcuxpresso.tools.linux_11.7.1.202301190959/tools/bin/../lib/gcc/arm-none-eabi/10.3.1/../../../../arm-none-eabi/lib/thumb/v6-m/nofp/libstdc++.a(eh_alloc.o)
                0x00000000000020f8                __cxa_free_exception
 .text.startup._GLOBAL__sub_I__ZN9__gnu_cxx9__freeresEv
                0x000000000000211c       0x2c /opt/mcuxpresso-ide/ide/plugins/com.nxp.mcuxpresso.tools.linux_11.7.1.202301190959/tools/bin/../lib/gcc/arm-none-eabi/10.3.1/../../../../arm-none-eabi/lib/thumb/v6-m/nofp/libstdc++.a(eh_alloc.o)
 .text._sbrk    0x0000000000002148       0x40 /opt/mcuxpresso-ide/ide/plugins/com.nxp.mcuxpresso.tools.linux_11.7.1.202301190959/tools/bin/../lib/gcc/arm-none-eabi/10.3.1/../../../../arm-none-eabi/lib/thumb/v6-m/nofp/libcr_newlib_nohost.a(_cr_sbrk.o)
                0x0000000000002148                _sbrk
 .text.abort    0x0000000000002188        0x2 /opt/mcuxpresso-ide/ide/plugins/com.nxp.mcuxpresso.tools.linux_11.7.1.202301190959/tools/bin/../lib/gcc/arm-none-eabi/10.3.1/../../../../arm-none-eabi/lib/thumb/v6-m/nofp/libcr_newlib_nohost.a(cr_abort.o)
                0x0000000000002188                abort
 *fill*         0x000000000000218a        0x2 ff
 .text.__check_heap_overflow
                0x000000000000218c       0x18 /opt/mcuxpresso-ide/ide/plugins/com.nxp.mcuxpresso.tools.linux_11.7.1.202301190959/tools/bin/../lib/gcc/arm-none-eabi/10.3.1/../../../../arm-none-eabi/lib/thumb/v6-m/nofp/libcr_newlib_nohost.a(_cr_check_heap.o)
                0x000000000000218c                __check_heap_overflow
 .text          0x00000000000021a4       0x48 /opt/mcuxpresso-ide/ide/plugins/com.nxp.mcuxpresso.tools.linux_11.7.1.202301190959/tools/bin/../lib/gcc/arm-none-eabi/10.3.1/thumb/v6-m/nofp/crtbegin.o
 .text          0x00000000000021ec      0xa30 /opt/mcuxpresso-ide/ide/plugins/com.nxp.mcuxpresso.tools.linux_11.7.1.202301190959/tools/bin/../lib/gcc/arm-none-eabi/10.3.1/thumb/v6-m/nofp/libgcc.a(unwind-arm.o)
                0x00000000000024b8                _Unwind_GetCFA
                0x00000000000024bc                __gnu_Unwind_RaiseException
                0x0000000000002510                __gnu_Unwind_ForcedUnwind
                0x0000000000002524                __gnu_Unwind_Resume
                0x000000000000256c                __gnu_Unwind_Resume_or_Rethrow
                0x0000000000002588                _Unwind_Complete
                0x000000000000258c                _Unwind_DeleteException
                0x000000000000259c                _Unwind_VRS_Get
                0x00000000000025e8                _Unwind_VRS_Set
                0x0000000000002634                __gnu_Unwind_Backtrace
                0x0000000000002990                __aeabi_unwind_cpp_pr0
                0x000000000000299c                __aeabi_unwind_cpp_pr1
                0x00000000000029a8                __aeabi_unwind_cpp_pr2
                0x00000000000029b4                _Unwind_VRS_Pop
 .text          0x0000000000002c1c      0x144 /opt/mcuxpresso-ide/ide/plugins/com.nxp.mcuxpresso.tools.linux_11.7.1.202301190959/tools/bin/../lib/gcc/arm-none-eabi/10.3.1/thumb/v6-m/nofp/libgcc.a(libunwind.o)
                0x0000000000002c1c                __restore_core_regs
                0x0000000000002c1c                restore_core_regs
                0x0000000000002c48                __gnu_Unwind_Restore_VFP
                0x0000000000002c4c                __gnu_Unwind_Save_VFP
                0x0000000000002c50                __gnu_Unwind_Restore_VFP_D
                0x0000000000002c54                __gnu_Unwind_Save_VFP_D
                0x0000000000002c58                __gnu_Unwind_Restore_VFP_D_16_to_31
                0x0000000000002c5c                __gnu_Unwind_Save_VFP_D_16_to_31
                0x0000000000002c60                __gnu_Unwind_Restore_WMMXD
                0x0000000000002c64                __gnu_Unwind_Save_WMMXD
                0x0000000000002c68                __gnu_Unwind_Restore_WMMXC
                0x0000000000002c6c                __gnu_Unwind_Save_WMMXC
                0x0000000000002c70                ___Unwind_RaiseException
                0x0000000000002c70                _Unwind_RaiseException
                0x0000000000002ca0                ___Unwind_Resume
                0x0000000000002ca0                _Unwind_Resume
                0x0000000000002cd0                _Unwind_Resume_or_Rethrow
                0x0000000000002cd0                ___Unwind_Resume_or_Rethrow
                0x0000000000002d00                ___Unwind_ForcedUnwind
                0x0000000000002d00                _Unwind_ForcedUnwind
                0x0000000000002d30                _Unwind_Backtrace
                0x0000000000002d30                ___Unwind_Backtrace
 .text          0x0000000000002d60      0x38c /opt/mcuxpresso-ide/ide/plugins/com.nxp.mcuxpresso.tools.linux_11.7.1.202301190959/tools/bin/../lib/gcc/arm-none-eabi/10.3.1/thumb/v6-m/nofp/libgcc.a(pr-support.o)
                0x0000000000002db4                __gnu_unwind_execute
                0x00000000000030a4                __gnu_unwind_frame
                0x00000000000030cc                _Unwind_GetRegionStart
                0x00000000000030d8                _Unwind_GetLanguageSpecificData
 .text.unlikely
                0x00000000000030ec        0xc /opt/mcuxpresso-ide/ide/plugins/com.nxp.mcuxpresso.tools.linux_11.7.1.202301190959/tools/bin/../lib/gcc/arm-none-eabi/10.3.1/thumb/v6-m/nofp/libgcc.a(pr-support.o)
                0x00000000000030ec                _Unwind_GetDataRelBase
                0x00000000000030f2                _Unwind_GetTextRelBase
 .text.__errno  0x00000000000030f8        0xc /opt/mcuxpresso-ide/ide/plugins/com.nxp.mcuxpresso.tools.linux_11.7.1.202301190959/tools/bin/../lib/gcc/arm-none-eabi/10.3.1/../../../../arm-none-eabi/lib/thumb/v6-m/nofp/libc.a(lib_a-errno.o)
                0x00000000000030f8                __errno
 .text.memcpy   0x0000000000003104       0xa4 /opt/mcuxpresso-ide/ide/plugins/com.nxp.mcuxpresso.tools.linux_11.7.1.202301190959/tools/bin/../lib/gcc/arm-none-eabi/10.3.1/../../../../arm-none-eabi/lib/thumb/v6-m/nofp/libc.a(lib_a-memcpy-stub.o)
                0x0000000000003104                memcpy
 .text.memset   0x00000000000031a8       0xa8 /opt/mcuxpresso-ide/ide/plugins/com.nxp.mcuxpresso.tools.linux_11.7.1.202301190959/tools/bin/../lib/gcc/arm-none-eabi/10.3.1/../../../../arm-none-eabi/lib/thumb/v6-m/nofp/libc.a(lib_a-memset.o)
                0x00000000000031a8                memset
 .text          0x0000000000003250       0x88 /opt/mcuxpresso-ide/ide/plugins/com.nxp.mcuxpresso.tools.linux_11.7.1.202301190959/tools/bin/../lib/gcc/arm-none-eabi/10.3.1/../../../../arm-none-eabi/lib/thumb/v6-m/nofp/libc.a(lib_a-strcmp.o)
                0x0000000000003250                strcmp
 .text.write    0x00000000000032d8       0x18 /opt/mcuxpresso-ide/ide/plugins/com.nxp.mcuxpresso.tools.linux_11.7.1.202301190959/tools/bin/../lib/gcc/arm-none-eabi/10.3.1/../../../../arm-none-eabi/lib/thumb/v6-m/nofp/libc.a(lib_a-syswrite.o)
                0x00000000000032d8                write
 .text._write_r
                0x00000000000032f0       0x28 /opt/mcuxpresso-ide/ide/plugins/com.nxp.mcuxpresso.tools.linux_11.7.1.202301190959/tools/bin/../lib/gcc/arm-none-eabi/10.3.1/../../../../arm-none-eabi/lib/thumb/v6-m/nofp/libc.a(lib_a-writer.o)
                0x00000000000032f0                _write_r
 .text._write   0x0000000000003318       0x10 /opt/mcuxpresso-ide/ide/plugins/com.nxp.mcuxpresso.tools.linux_11.7.1.202301190959/tools/bin/../lib/gcc/arm-none-eabi/10.3.1/../../../../arm-none-eabi/lib/thumb/v6-m/nofp/libcr_newlib_nohost.a(write.o)
                0x0000000000003318                _write
 *(.rodata .rodata.* .constdata .constdata.*)
 .rodata._ZTV4Gpio
                0x0000000000003328       0x4c ./src/02-Gpio/Gpio.o
                0x0000000000003328                vtable for Gpio
 .rodata._ZTV6Output
                0x0000000000003374       0x1c ./src/02-Gpio/Gpio.o
                0x0000000000003374                vtable for Output
 .rodata._ZTV5Input
                0x0000000000003390       0x14 ./src/02-Gpio/Gpio.o
                0x0000000000003390                vtable for Input
 .rodata.__cxa_pure_virtual.str1.4
                0x00000000000033a4       0x1c /opt/mcuxpresso-ide/ide/plugins/com.nxp.mcuxpresso.tools.linux_11.7.1.202301190959/tools/bin/../lib/gcc/arm-none-eabi/10.3.1/../../../../arm-none-eabi/lib/thumb/v6-m/nofp/libstdc++.a(pure.o)
 .rodata._ZNKSt13bad_exception4whatEv.str1.4
                0x00000000000033c0       0x13 /opt/mcuxpresso-ide/ide/plugins/com.nxp.mcuxpresso.tools.linux_11.7.1.202301190959/tools/bin/../lib/gcc/arm-none-eabi/10.3.1/../../../../arm-none-eabi/lib/thumb/v6-m/nofp/libstdc++.a(eh_exception.o)
 *fill*         0x00000000000033d3        0x1 ff
 .rodata._ZTIN10__cxxabiv115__forced_unwindE
                0x00000000000033d4        0x8 /opt/mcuxpresso-ide/ide/plugins/com.nxp.mcuxpresso.tools.linux_11.7.1.202301190959/tools/bin/../lib/gcc/arm-none-eabi/10.3.1/../../../../arm-none-eabi/lib/thumb/v6-m/nofp/libstdc++.a(eh_exception.o)
                0x00000000000033d4                typeinfo for __cxxabiv1::__forced_unwind
 .rodata._ZTIN10__cxxabiv119__foreign_exceptionE
                0x00000000000033dc        0x8 /opt/mcuxpresso-ide/ide/plugins/com.nxp.mcuxpresso.tools.linux_11.7.1.202301190959/tools/bin/../lib/gcc/arm-none-eabi/10.3.1/../../../../arm-none-eabi/lib/thumb/v6-m/nofp/libstdc++.a(eh_exception.o)
                0x00000000000033dc                typeinfo for __cxxabiv1::__foreign_exception
 .rodata._ZTISt13bad_exception
                0x00000000000033e4        0xc /opt/mcuxpresso-ide/ide/plugins/com.nxp.mcuxpresso.tools.linux_11.7.1.202301190959/tools/bin/../lib/gcc/arm-none-eabi/10.3.1/../../../../arm-none-eabi/lib/thumb/v6-m/nofp/libstdc++.a(eh_exception.o)
                0x00000000000033e4                typeinfo for std::bad_exception
 .rodata._ZTISt9exception
                0x00000000000033f0        0x8 /opt/mcuxpresso-ide/ide/plugins/com.nxp.mcuxpresso.tools.linux_11.7.1.202301190959/tools/bin/../lib/gcc/arm-none-eabi/10.3.1/../../../../arm-none-eabi/lib/thumb/v6-m/nofp/libstdc++.a(eh_exception.o)
                0x00000000000033f0                typeinfo for std::exception
 .rodata._ZTSN10__cxxabiv115__forced_unwindE
                0x00000000000033f8       0x20 /opt/mcuxpresso-ide/ide/plugins/com.nxp.mcuxpresso.tools.linux_11.7.1.202301190959/tools/bin/../lib/gcc/arm-none-eabi/10.3.1/../../../../arm-none-eabi/lib/thumb/v6-m/nofp/libstdc++.a(eh_exception.o)
                0x00000000000033f8                typeinfo name for __cxxabiv1::__forced_unwind
 .rodata._ZTSN10__cxxabiv119__foreign_exceptionE
                0x0000000000003418       0x24 /opt/mcuxpresso-ide/ide/plugins/com.nxp.mcuxpresso.tools.linux_11.7.1.202301190959/tools/bin/../lib/gcc/arm-none-eabi/10.3.1/../../../../arm-none-eabi/lib/thumb/v6-m/nofp/libstdc++.a(eh_exception.o)
                0x0000000000003418                typeinfo name for __cxxabiv1::__foreign_exception
 .rodata._ZTSSt13bad_exception
                0x000000000000343c       0x12 /opt/mcuxpresso-ide/ide/plugins/com.nxp.mcuxpresso.tools.linux_11.7.1.202301190959/tools/bin/../lib/gcc/arm-none-eabi/10.3.1/../../../../arm-none-eabi/lib/thumb/v6-m/nofp/libstdc++.a(eh_exception.o)
                0x000000000000343c                typeinfo name for std::bad_exception
 *fill*         0x000000000000344e        0x2 ff
 .rodata._ZTSSt9exception
                0x0000000000003450        0xd /opt/mcuxpresso-ide/ide/plugins/com.nxp.mcuxpresso.tools.linux_11.7.1.202301190959/tools/bin/../lib/gcc/arm-none-eabi/10.3.1/../../../../arm-none-eabi/lib/thumb/v6-m/nofp/libstdc++.a(eh_exception.o)
                0x0000000000003450                typeinfo name for std::exception
 *fill*         0x000000000000345d        0x3 ff
 .rodata._ZTVSt13bad_exception
                0x0000000000003460       0x14 /opt/mcuxpresso-ide/ide/plugins/com.nxp.mcuxpresso.tools.linux_11.7.1.202301190959/tools/bin/../lib/gcc/arm-none-eabi/10.3.1/../../../../arm-none-eabi/lib/thumb/v6-m/nofp/libstdc++.a(eh_exception.o)
                0x0000000000003460                vtable for std::bad_exception
 .rodata._ZL28read_encoded_value_with_basehjPKhPj
                0x0000000000003474       0x34 /opt/mcuxpresso-ide/ide/plugins/com.nxp.mcuxpresso.tools.linux_11.7.1.202301190959/tools/bin/../lib/gcc/arm-none-eabi/10.3.1/../../../../arm-none-eabi/lib/thumb/v6-m/nofp/libstdc++.a(eh_personality.o)
 .rodata._ZTIN10__cxxabiv120__si_class_type_infoE
                0x00000000000034a8        0xc /opt/mcuxpresso-ide/ide/plugins/com.nxp.mcuxpresso.tools.linux_11.7.1.202301190959/tools/bin/../lib/gcc/arm-none-eabi/10.3.1/../../../../arm-none-eabi/lib/thumb/v6-m/nofp/libstdc++.a(si_class_type_info.o)
                0x00000000000034a8                typeinfo for __cxxabiv1::__si_class_type_info
 .rodata._ZTSN10__cxxabiv120__si_class_type_infoE
                0x00000000000034b4       0x25 /opt/mcuxpresso-ide/ide/plugins/com.nxp.mcuxpresso.tools.linux_11.7.1.202301190959/tools/bin/../lib/gcc/arm-none-eabi/10.3.1/../../../../arm-none-eabi/lib/thumb/v6-m/nofp/libstdc++.a(si_class_type_info.o)
                0x00000000000034b4                typeinfo name for __cxxabiv1::__si_class_type_info
 *fill*         0x00000000000034d9        0x3 ff
 .rodata._ZTVN10__cxxabiv120__si_class_type_infoE
                0x00000000000034dc       0x2c /opt/mcuxpresso-ide/ide/plugins/com.nxp.mcuxpresso.tools.linux_11.7.1.202301190959/tools/bin/../lib/gcc/arm-none-eabi/10.3.1/../../../../arm-none-eabi/lib/thumb/v6-m/nofp/libstdc++.a(si_class_type_info.o)
                0x00000000000034dc                vtable for __cxxabiv1::__si_class_type_info
 .rodata._ZTISt9type_info
                0x0000000000003508        0x8 /opt/mcuxpresso-ide/ide/plugins/com.nxp.mcuxpresso.tools.linux_11.7.1.202301190959/tools/bin/../lib/gcc/arm-none-eabi/10.3.1/../../../../arm-none-eabi/lib/thumb/v6-m/nofp/libstdc++.a(tinfo.o)
                0x0000000000003508                typeinfo for std::type_info
 .rodata._ZTSSt9type_info
                0x0000000000003510        0xd /opt/mcuxpresso-ide/ide/plugins/com.nxp.mcuxpresso.tools.linux_11.7.1.202301190959/tools/bin/../lib/gcc/arm-none-eabi/10.3.1/../../../../arm-none-eabi/lib/thumb/v6-m/nofp/libstdc++.a(tinfo.o)
                0x0000000000003510                typeinfo name for std::type_info
 *fill*         0x000000000000351d        0x3 ff
 .rodata._ZTIN10__cxxabiv117__class_type_infoE
                0x0000000000003520        0xc /opt/mcuxpresso-ide/ide/plugins/com.nxp.mcuxpresso.tools.linux_11.7.1.202301190959/tools/bin/../lib/gcc/arm-none-eabi/10.3.1/../../../../arm-none-eabi/lib/thumb/v6-m/nofp/libstdc++.a(class_type_info.o)
                0x0000000000003520                typeinfo for __cxxabiv1::__class_type_info
 .rodata._ZTSN10__cxxabiv117__class_type_infoE
                0x000000000000352c       0x22 /opt/mcuxpresso-ide/ide/plugins/com.nxp.mcuxpresso.tools.linux_11.7.1.202301190959/tools/bin/../lib/gcc/arm-none-eabi/10.3.1/../../../../arm-none-eabi/lib/thumb/v6-m/nofp/libstdc++.a(class_type_info.o)
                0x000000000000352c                typeinfo name for __cxxabiv1::__class_type_info
 *fill*         0x000000000000354e        0x2 ff
 .rodata._ZTVN10__cxxabiv117__class_type_infoE
                0x0000000000003550       0x2c /opt/mcuxpresso-ide/ide/plugins/com.nxp.mcuxpresso.tools.linux_11.7.1.202301190959/tools/bin/../lib/gcc/arm-none-eabi/10.3.1/../../../../arm-none-eabi/lib/thumb/v6-m/nofp/libstdc++.a(class_type_info.o)
                0x0000000000003550                vtable for __cxxabiv1::__class_type_info
                0x000000000000357c                . = ALIGN (0x4)
                0x000000000000357c                . = ALIGN (0x4)
 *(.init)
 .init          0x000000000000357c        0x4 /opt/mcuxpresso-ide/ide/plugins/com.nxp.mcuxpresso.tools.linux_11.7.1.202301190959/tools/bin/../lib/gcc/arm-none-eabi/10.3.1/thumb/v6-m/nofp/crti.o
                0x000000000000357c                _init
 .init          0x0000000000003580        0x8 /opt/mcuxpresso-ide/ide/plugins/com.nxp.mcuxpresso.tools.linux_11.7.1.202301190959/tools/bin/../lib/gcc/arm-none-eabi/10.3.1/thumb/v6-m/nofp/crtn.o
                0x0000000000003588                . = ALIGN (0x4)
                0x0000000000003588                __preinit_array_start = .
 *(.preinit_array)
                0x0000000000003588                __preinit_array_end = .
                0x0000000000003588                . = ALIGN (0x4)
                0x0000000000003588                __init_array_start = .
 *(SORT_BY_NAME(.init_array.*))
 *(.init_array)
 .init_array    0x0000000000003588        0x4 /opt/mcuxpresso-ide/ide/plugins/com.nxp.mcuxpresso.tools.linux_11.7.1.202301190959/tools/bin/../lib/gcc/arm-none-eabi/10.3.1/../../../../arm-none-eabi/lib/thumb/v6-m/nofp/libstdc++.a(eh_alloc.o)
 .init_array    0x000000000000358c        0x4 /opt/mcuxpresso-ide/ide/plugins/com.nxp.mcuxpresso.tools.linux_11.7.1.202301190959/tools/bin/../lib/gcc/arm-none-eabi/10.3.1/thumb/v6-m/nofp/crtbegin.o
                0x0000000000003590                __init_array_end = .
 *(.fini)
 .fini          0x0000000000003590        0x4 /opt/mcuxpresso-ide/ide/plugins/com.nxp.mcuxpresso.tools.linux_11.7.1.202301190959/tools/bin/../lib/gcc/arm-none-eabi/10.3.1/thumb/v6-m/nofp/crti.o
                0x0000000000003590                _fini
 .fini          0x0000000000003594        0x8 /opt/mcuxpresso-ide/ide/plugins/com.nxp.mcuxpresso.tools.linux_11.7.1.202301190959/tools/bin/../lib/gcc/arm-none-eabi/10.3.1/thumb/v6-m/nofp/crtn.o
                0x000000000000359c                . = ALIGN (0x4)
 *crtbegin.o(.ctors)
 *(EXCLUDE_FILE(*crtend.o) .ctors)
 *(SORT_BY_NAME(.ctors.*))
 *crtend.o(.ctors)
                0x000000000000359c                . = ALIGN (0x4)
 *crtbegin.o(.dtors)
 *(EXCLUDE_FILE(*crtend.o) .dtors)
 *(SORT_BY_NAME(.dtors.*))
 *crtend.o(.dtors)
                0x000000000000359c                . = ALIGN (0x4)

.glue_7         0x000000000000359c        0x0
 .glue_7        0x000000000000359c        0x0 linker stubs

.glue_7t        0x000000000000359c        0x0
 .glue_7t       0x000000000000359c        0x0 linker stubs

.vfp11_veneer   0x000000000000359c        0x0
 .vfp11_veneer  0x000000000000359c        0x0 linker stubs

.v4_bx          0x000000000000359c        0x0
 .v4_bx         0x000000000000359c        0x0 linker stubs

.iplt           0x000000000000359c        0x0
 .iplt          0x000000000000359c        0x0 ./src/firmware/cr_cpp_config.o

.ARM.extab      0x000000000000359c       0xd8
 *(.ARM.extab* .gnu.linkonce.armextab.*)
 .ARM.extab.text._ZN10__cxxabiv111__terminateEPFvvE
                0x000000000000359c       0x28 /opt/mcuxpresso-ide/ide/plugins/com.nxp.mcuxpresso.tools.linux_11.7.1.202301190959/tools/bin/../lib/gcc/arm-none-eabi/10.3.1/../../../../arm-none-eabi/lib/thumb/v6-m/nofp/libstdc++.a(eh_terminate.o)
 .ARM.extab.text.__cxa_type_match
                0x00000000000035c4        0xc /opt/mcuxpresso-ide/ide/plugins/com.nxp.mcuxpresso.tools.linux_11.7.1.202301190959/tools/bin/../lib/gcc/arm-none-eabi/10.3.1/../../../../arm-none-eabi/lib/thumb/v6-m/nofp/libstdc++.a(eh_arm.o)
 .ARM.extab.text.unlikely.__cxa_call_unexpected
                0x00000000000035d0       0x28 /opt/mcuxpresso-ide/ide/plugins/com.nxp.mcuxpresso.tools.linux_11.7.1.202301190959/tools/bin/../lib/gcc/arm-none-eabi/10.3.1/../../../../arm-none-eabi/lib/thumb/v6-m/nofp/libstdc++.a(eh_call.o)
 .ARM.extab.text.__cxa_begin_catch
                0x00000000000035f8        0xc /opt/mcuxpresso-ide/ide/plugins/com.nxp.mcuxpresso.tools.linux_11.7.1.202301190959/tools/bin/../lib/gcc/arm-none-eabi/10.3.1/../../../../arm-none-eabi/lib/thumb/v6-m/nofp/libstdc++.a(eh_catch.o)
 .ARM.extab.text._ZL28read_encoded_value_with_basehjPKhPj
                0x0000000000003604        0xc /opt/mcuxpresso-ide/ide/plugins/com.nxp.mcuxpresso.tools.linux_11.7.1.202301190959/tools/bin/../lib/gcc/arm-none-eabi/10.3.1/../../../../arm-none-eabi/lib/thumb/v6-m/nofp/libstdc++.a(eh_personality.o)
 .ARM.extab.text.__gxx_personality_v0
                0x0000000000003610       0x28 /opt/mcuxpresso-ide/ide/plugins/com.nxp.mcuxpresso.tools.linux_11.7.1.202301190959/tools/bin/../lib/gcc/arm-none-eabi/10.3.1/../../../../arm-none-eabi/lib/thumb/v6-m/nofp/libstdc++.a(eh_personality.o)
 .ARM.extab.text._ZNK10__cxxabiv120__si_class_type_info12__do_dyncastEiNS_17__class_type_info10__sub_kindEPKS1_PKvS4_S6_RNS1_16__dyncast_resultE
                0x0000000000003638        0xc /opt/mcuxpresso-ide/ide/plugins/com.nxp.mcuxpresso.tools.linux_11.7.1.202301190959/tools/bin/../lib/gcc/arm-none-eabi/10.3.1/../../../../arm-none-eabi/lib/thumb/v6-m/nofp/libstdc++.a(si_class_type_info.o)
 .ARM.extab     0x0000000000003644       0x24 /opt/mcuxpresso-ide/ide/plugins/com.nxp.mcuxpresso.tools.linux_11.7.1.202301190959/tools/bin/../lib/gcc/arm-none-eabi/10.3.1/thumb/v6-m/nofp/libgcc.a(unwind-arm.o)
 .ARM.extab     0x0000000000003668        0xc /opt/mcuxpresso-ide/ide/plugins/com.nxp.mcuxpresso.tools.linux_11.7.1.202301190959/tools/bin/../lib/gcc/arm-none-eabi/10.3.1/thumb/v6-m/nofp/libgcc.a(pr-support.o)

.eh_frame       0x0000000000003674        0x0
 .eh_frame      0x0000000000003674        0x0 /opt/mcuxpresso-ide/ide/plugins/com.nxp.mcuxpresso.tools.linux_11.7.1.202301190959/tools/bin/../lib/gcc/arm-none-eabi/10.3.1/thumb/v6-m/nofp/crtbegin.o

.ARM.exidx      0x0000000000003674      0x1a8
                0x0000000000003674                __exidx_start = .
 *(.ARM.exidx* .gnu.linkonce.armexidx.*)
 .ARM.exidx.text._ZdlPvj
                0x0000000000003674        0x8 /opt/mcuxpresso-ide/ide/plugins/com.nxp.mcuxpresso.tools.linux_11.7.1.202301190959/tools/bin/../lib/gcc/arm-none-eabi/10.3.1/../../../../arm-none-eabi/lib/thumb/v6-m/nofp/libstdc++.a(del_ops.o)
 .ARM.exidx.text.__cxa_pure_virtual
                0x000000000000367c        0x8 /opt/mcuxpresso-ide/ide/plugins/com.nxp.mcuxpresso.tools.linux_11.7.1.202301190959/tools/bin/../lib/gcc/arm-none-eabi/10.3.1/../../../../arm-none-eabi/lib/thumb/v6-m/nofp/libstdc++.a(pure.o)
 .ARM.exidx.text._ZN10__cxxabiv111__terminateEPFvvE
                0x0000000000003684        0x8 /opt/mcuxpresso-ide/ide/plugins/com.nxp.mcuxpresso.tools.linux_11.7.1.202301190959/tools/bin/../lib/gcc/arm-none-eabi/10.3.1/../../../../arm-none-eabi/lib/thumb/v6-m/nofp/libstdc++.a(eh_terminate.o)
 .ARM.exidx.text._ZSt9terminatev
                0x000000000000368c        0x8 /opt/mcuxpresso-ide/ide/plugins/com.nxp.mcuxpresso.tools.linux_11.7.1.202301190959/tools/bin/../lib/gcc/arm-none-eabi/10.3.1/../../../../arm-none-eabi/lib/thumb/v6-m/nofp/libstdc++.a(eh_terminate.o)
 .ARM.exidx.text._ZN10__cxxabiv112__unexpectedEPFvvE
                0x0000000000003694        0x8 /opt/mcuxpresso-ide/ide/plugins/com.nxp.mcuxpresso.tools.linux_11.7.1.202301190959/tools/bin/../lib/gcc/arm-none-eabi/10.3.1/../../../../arm-none-eabi/lib/thumb/v6-m/nofp/libstdc++.a(eh_terminate.o)
 .ARM.exidx.text._ZSt10unexpectedv
                0x000000000000369c        0x0 /opt/mcuxpresso-ide/ide/plugins/com.nxp.mcuxpresso.tools.linux_11.7.1.202301190959/tools/bin/../lib/gcc/arm-none-eabi/10.3.1/../../../../arm-none-eabi/lib/thumb/v6-m/nofp/libstdc++.a(eh_terminate.o)
                                          0x8 (size before relaxing)
 .ARM.exidx.text._ZSt13get_terminatev
                0x000000000000369c        0x8 /opt/mcuxpresso-ide/ide/plugins/com.nxp.mcuxpresso.tools.linux_11.7.1.202301190959/tools/bin/../lib/gcc/arm-none-eabi/10.3.1/../../../../arm-none-eabi/lib/thumb/v6-m/nofp/libstdc++.a(eh_terminate.o)
 .ARM.exidx.text._ZSt14get_unexpectedv
                0x00000000000036a4        0x0 /opt/mcuxpresso-ide/ide/plugins/com.nxp.mcuxpresso.tools.linux_11.7.1.202301190959/tools/bin/../lib/gcc/arm-none-eabi/10.3.1/../../../../arm-none-eabi/lib/thumb/v6-m/nofp/libstdc++.a(eh_terminate.o)
                                          0x8 (size before relaxing)
 .ARM.exidx.text.__cxa_type_match
                0x00000000000036a4        0x8 /opt/mcuxpresso-ide/ide/plugins/com.nxp.mcuxpresso.tools.linux_11.7.1.202301190959/tools/bin/../lib/gcc/arm-none-eabi/10.3.1/../../../../arm-none-eabi/lib/thumb/v6-m/nofp/libstdc++.a(eh_arm.o)
 .ARM.exidx.text.__cxa_begin_cleanup
                0x00000000000036ac        0x8 /opt/mcuxpresso-ide/ide/plugins/com.nxp.mcuxpresso.tools.linux_11.7.1.202301190959/tools/bin/../lib/gcc/arm-none-eabi/10.3.1/../../../../arm-none-eabi/lib/thumb/v6-m/nofp/libstdc++.a(eh_arm.o)
 .ARM.exidx.text.__gnu_end_cleanup
                0x00000000000036b4        0x0 /opt/mcuxpresso-ide/ide/plugins/com.nxp.mcuxpresso.tools.linux_11.7.1.202301190959/tools/bin/../lib/gcc/arm-none-eabi/10.3.1/../../../../arm-none-eabi/lib/thumb/v6-m/nofp/libstdc++.a(eh_arm.o)
                                          0x8 (size before relaxing)
 .ARM.exidx.text._ZN10__cxxabiv1L24__is_gxx_exception_classEPc
                0x00000000000036b4        0x0 /opt/mcuxpresso-ide/ide/plugins/com.nxp.mcuxpresso.tools.linux_11.7.1.202301190959/tools/bin/../lib/gcc/arm-none-eabi/10.3.1/../../../../arm-none-eabi/lib/thumb/v6-m/nofp/libstdc++.a(eh_call.o)
                                          0x8 (size before relaxing)
 .ARM.exidx.text.__cxa_call_terminate
                0x00000000000036b4        0x0 /opt/mcuxpresso-ide/ide/plugins/com.nxp.mcuxpresso.tools.linux_11.7.1.202301190959/tools/bin/../lib/gcc/arm-none-eabi/10.3.1/../../../../arm-none-eabi/lib/thumb/v6-m/nofp/libstdc++.a(eh_call.o)
                                          0x8 (size before relaxing)
 .ARM.exidx.text.unlikely.__cxa_call_unexpected
                0x00000000000036b4        0x8 /opt/mcuxpresso-ide/ide/plugins/com.nxp.mcuxpresso.tools.linux_11.7.1.202301190959/tools/bin/../lib/gcc/arm-none-eabi/10.3.1/../../../../arm-none-eabi/lib/thumb/v6-m/nofp/libstdc++.a(eh_call.o)
 .ARM.exidx.text.__cxa_begin_catch
                0x00000000000036bc        0x8 /opt/mcuxpresso-ide/ide/plugins/com.nxp.mcuxpresso.tools.linux_11.7.1.202301190959/tools/bin/../lib/gcc/arm-none-eabi/10.3.1/../../../../arm-none-eabi/lib/thumb/v6-m/nofp/libstdc++.a(eh_catch.o)
 .ARM.exidx.text.__cxa_end_catch
                0x00000000000036c4        0x8 /opt/mcuxpresso-ide/ide/plugins/com.nxp.mcuxpresso.tools.linux_11.7.1.202301190959/tools/bin/../lib/gcc/arm-none-eabi/10.3.1/../../../../arm-none-eabi/lib/thumb/v6-m/nofp/libstdc++.a(eh_catch.o)
 .ARM.exidx.text._ZNSt13bad_exceptionD2Ev
                0x00000000000036cc        0x8 /opt/mcuxpresso-ide/ide/plugins/com.nxp.mcuxpresso.tools.linux_11.7.1.202301190959/tools/bin/../lib/gcc/arm-none-eabi/10.3.1/../../../../arm-none-eabi/lib/thumb/v6-m/nofp/libstdc++.a(eh_exception.o)
 .ARM.exidx.text._ZNKSt13bad_exception4whatEv
                0x00000000000036d4        0x0 /opt/mcuxpresso-ide/ide/plugins/com.nxp.mcuxpresso.tools.linux_11.7.1.202301190959/tools/bin/../lib/gcc/arm-none-eabi/10.3.1/../../../../arm-none-eabi/lib/thumb/v6-m/nofp/libstdc++.a(eh_exception.o)
                                          0x8 (size before relaxing)
 .ARM.exidx.text._ZNSt13bad_exceptionD0Ev
                0x00000000000036d4        0x0 /opt/mcuxpresso-ide/ide/plugins/com.nxp.mcuxpresso.tools.linux_11.7.1.202301190959/tools/bin/../lib/gcc/arm-none-eabi/10.3.1/../../../../arm-none-eabi/lib/thumb/v6-m/nofp/libstdc++.a(eh_exception.o)
                                          0x8 (size before relaxing)
 .ARM.exidx.text.__cxa_get_globals_fast
                0x00000000000036d4        0x0 /opt/mcuxpresso-ide/ide/plugins/com.nxp.mcuxpresso.tools.linux_11.7.1.202301190959/tools/bin/../lib/gcc/arm-none-eabi/10.3.1/../../../../arm-none-eabi/lib/thumb/v6-m/nofp/libstdc++.a(eh_globals.o)
                                          0x8 (size before relaxing)
 .ARM.exidx.text.__cxa_get_globals
                0x00000000000036d4        0x0 /opt/mcuxpresso-ide/ide/plugins/com.nxp.mcuxpresso.tools.linux_11.7.1.202301190959/tools/bin/../lib/gcc/arm-none-eabi/10.3.1/../../../../arm-none-eabi/lib/thumb/v6-m/nofp/libstdc++.a(eh_globals.o)
                                          0x8 (size before relaxing)
 .ARM.exidx.text._ZL28read_encoded_value_with_basehjPKhPj
                0x00000000000036d4        0x8 /opt/mcuxpresso-ide/ide/plugins/com.nxp.mcuxpresso.tools.linux_11.7.1.202301190959/tools/bin/../lib/gcc/arm-none-eabi/10.3.1/../../../../arm-none-eabi/lib/thumb/v6-m/nofp/libstdc++.a(eh_personality.o)
 .ARM.exidx.text._ZL21base_of_encoded_valuehP15_Unwind_Context
                0x00000000000036dc        0x8 /opt/mcuxpresso-ide/ide/plugins/com.nxp.mcuxpresso.tools.linux_11.7.1.202301190959/tools/bin/../lib/gcc/arm-none-eabi/10.3.1/../../../../arm-none-eabi/lib/thumb/v6-m/nofp/libstdc++.a(eh_personality.o)
 .ARM.exidx.text._ZL17parse_lsda_headerP15_Unwind_ContextPKhP16lsda_header_info
                0x00000000000036e4        0x8 /opt/mcuxpresso-ide/ide/plugins/com.nxp.mcuxpresso.tools.linux_11.7.1.202301190959/tools/bin/../lib/gcc/arm-none-eabi/10.3.1/../../../../arm-none-eabi/lib/thumb/v6-m/nofp/libstdc++.a(eh_personality.o)
 .ARM.exidx.text.__gxx_personality_v0
                0x00000000000036ec        0x8 /opt/mcuxpresso-ide/ide/plugins/com.nxp.mcuxpresso.tools.linux_11.7.1.202301190959/tools/bin/../lib/gcc/arm-none-eabi/10.3.1/../../../../arm-none-eabi/lib/thumb/v6-m/nofp/libstdc++.a(eh_personality.o)
 .ARM.exidx.text._ZL23__gxx_exception_cleanup19_Unwind_Reason_CodeP21_Unwind_Control_Block
                0x00000000000036f4        0x8 /opt/mcuxpresso-ide/ide/plugins/com.nxp.mcuxpresso.tools.linux_11.7.1.202301190959/tools/bin/../lib/gcc/arm-none-eabi/10.3.1/../../../../arm-none-eabi/lib/thumb/v6-m/nofp/libstdc++.a(eh_throw.o)
 .ARM.exidx.text.__cxa_init_primary_exception
                0x00000000000036fc        0x8 /opt/mcuxpresso-ide/ide/plugins/com.nxp.mcuxpresso.tools.linux_11.7.1.202301190959/tools/bin/../lib/gcc/arm-none-eabi/10.3.1/../../../../arm-none-eabi/lib/thumb/v6-m/nofp/libstdc++.a(eh_throw.o)
 .ARM.exidx.text.__cxa_throw
                0x0000000000003704        0x8 /opt/mcuxpresso-ide/ide/plugins/com.nxp.mcuxpresso.tools.linux_11.7.1.202301190959/tools/bin/../lib/gcc/arm-none-eabi/10.3.1/../../../../arm-none-eabi/lib/thumb/v6-m/nofp/libstdc++.a(eh_throw.o)
 .ARM.exidx.text.__cxa_rethrow
                0x000000000000370c        0x8 /opt/mcuxpresso-ide/ide/plugins/com.nxp.mcuxpresso.tools.linux_11.7.1.202301190959/tools/bin/../lib/gcc/arm-none-eabi/10.3.1/../../../../arm-none-eabi/lib/thumb/v6-m/nofp/libstdc++.a(eh_throw.o)
 .ARM.exidx.text._ZN10__cxxabiv120__si_class_type_infoD2Ev
                0x0000000000003714        0x8 /opt/mcuxpresso-ide/ide/plugins/com.nxp.mcuxpresso.tools.linux_11.7.1.202301190959/tools/bin/../lib/gcc/arm-none-eabi/10.3.1/../../../../arm-none-eabi/lib/thumb/v6-m/nofp/libstdc++.a(si_class_type_info.o)
 .ARM.exidx.text._ZN10__cxxabiv120__si_class_type_infoD0Ev
                0x000000000000371c        0x0 /opt/mcuxpresso-ide/ide/plugins/com.nxp.mcuxpresso.tools.linux_11.7.1.202301190959/tools/bin/../lib/gcc/arm-none-eabi/10.3.1/../../../../arm-none-eabi/lib/thumb/v6-m/nofp/libstdc++.a(si_class_type_info.o)
                                          0x8 (size before relaxing)
 .ARM.exidx.text._ZNK10__cxxabiv120__si_class_type_info20__do_find_public_srcEiPKvPKNS_17__class_type_infoES2_
                0x000000000000371c        0x8 /opt/mcuxpresso-ide/ide/plugins/com.nxp.mcuxpresso.tools.linux_11.7.1.202301190959/tools/bin/../lib/gcc/arm-none-eabi/10.3.1/../../../../arm-none-eabi/lib/thumb/v6-m/nofp/libstdc++.a(si_class_type_info.o)
 .ARM.exidx.text._ZNK10__cxxabiv120__si_class_type_info12__do_dyncastEiNS_17__class_type_info10__sub_kindEPKS1_PKvS4_S6_RNS1_16__dyncast_resultE
                0x0000000000003724        0x8 /opt/mcuxpresso-ide/ide/plugins/com.nxp.mcuxpresso.tools.linux_11.7.1.202301190959/tools/bin/../lib/gcc/arm-none-eabi/10.3.1/../../../../arm-none-eabi/lib/thumb/v6-m/nofp/libstdc++.a(si_class_type_info.o)
 .ARM.exidx.text._ZNK10__cxxabiv120__si_class_type_info11__do_upcastEPKNS_17__class_type_infoEPKvRNS1_15__upcast_resultE
                0x000000000000372c        0x8 /opt/mcuxpresso-ide/ide/plugins/com.nxp.mcuxpresso.tools.linux_11.7.1.202301190959/tools/bin/../lib/gcc/arm-none-eabi/10.3.1/../../../../arm-none-eabi/lib/thumb/v6-m/nofp/libstdc++.a(si_class_type_info.o)
 .ARM.exidx.text._ZNSt9type_infoD2Ev
                0x0000000000003734        0x8 /opt/mcuxpresso-ide/ide/plugins/com.nxp.mcuxpresso.tools.linux_11.7.1.202301190959/tools/bin/../lib/gcc/arm-none-eabi/10.3.1/../../../../arm-none-eabi/lib/thumb/v6-m/nofp/libstdc++.a(tinfo.o)
 .ARM.exidx.text._ZNKSt9type_info14__is_pointer_pEv
                0x000000000000373c        0x0 /opt/mcuxpresso-ide/ide/plugins/com.nxp.mcuxpresso.tools.linux_11.7.1.202301190959/tools/bin/../lib/gcc/arm-none-eabi/10.3.1/../../../../arm-none-eabi/lib/thumb/v6-m/nofp/libstdc++.a(tinfo.o)
                                          0x8 (size before relaxing)
 .ARM.exidx.text._ZNKSt9type_infoeqERKS_
                0x000000000000373c        0x0 /opt/mcuxpresso-ide/ide/plugins/com.nxp.mcuxpresso.tools.linux_11.7.1.202301190959/tools/bin/../lib/gcc/arm-none-eabi/10.3.1/../../../../arm-none-eabi/lib/thumb/v6-m/nofp/libstdc++.a(tinfo.o)
                                          0x8 (size before relaxing)
 .ARM.exidx.text._ZNK10__cxxabiv117__class_type_info11__do_upcastEPKS0_PPv
                0x000000000000373c        0x8 /opt/mcuxpresso-ide/ide/plugins/com.nxp.mcuxpresso.tools.linux_11.7.1.202301190959/tools/bin/../lib/gcc/arm-none-eabi/10.3.1/../../../../arm-none-eabi/lib/thumb/v6-m/nofp/libstdc++.a(class_type_info.o)
 .ARM.exidx.text._ZNK10__cxxabiv117__class_type_info20__do_find_public_srcEiPKvPKS0_S2_
                0x0000000000003744        0x8 /opt/mcuxpresso-ide/ide/plugins/com.nxp.mcuxpresso.tools.linux_11.7.1.202301190959/tools/bin/../lib/gcc/arm-none-eabi/10.3.1/../../../../arm-none-eabi/lib/thumb/v6-m/nofp/libstdc++.a(class_type_info.o)
 .ARM.exidx.text._ZN10__cxxabiv117__class_type_infoD2Ev
                0x000000000000374c        0x0 /opt/mcuxpresso-ide/ide/plugins/com.nxp.mcuxpresso.tools.linux_11.7.1.202301190959/tools/bin/../lib/gcc/arm-none-eabi/10.3.1/../../../../arm-none-eabi/lib/thumb/v6-m/nofp/libstdc++.a(class_type_info.o)
                                          0x8 (size before relaxing)
 .ARM.exidx.text._ZN10__cxxabiv117__class_type_infoD0Ev
                0x000000000000374c        0x0 /opt/mcuxpresso-ide/ide/plugins/com.nxp.mcuxpresso.tools.linux_11.7.1.202301190959/tools/bin/../lib/gcc/arm-none-eabi/10.3.1/../../../../arm-none-eabi/lib/thumb/v6-m/nofp/libstdc++.a(class_type_info.o)
                                          0x8 (size before relaxing)
 .ARM.exidx.text._ZNK10__cxxabiv117__class_type_info12__do_dyncastEiNS0_10__sub_kindEPKS0_PKvS3_S5_RNS0_16__dyncast_resultE
                0x000000000000374c        0x0 /opt/mcuxpresso-ide/ide/plugins/com.nxp.mcuxpresso.tools.linux_11.7.1.202301190959/tools/bin/../lib/gcc/arm-none-eabi/10.3.1/../../../../arm-none-eabi/lib/thumb/v6-m/nofp/libstdc++.a(class_type_info.o)
                                          0x8 (size before relaxing)
 .ARM.exidx.text._ZNK10__cxxabiv117__class_type_info11__do_upcastEPKS0_PKvRNS0_15__upcast_resultE
                0x000000000000374c        0x0 /opt/mcuxpresso-ide/ide/plugins/com.nxp.mcuxpresso.tools.linux_11.7.1.202301190959/tools/bin/../lib/gcc/arm-none-eabi/10.3.1/../../../../arm-none-eabi/lib/thumb/v6-m/nofp/libstdc++.a(class_type_info.o)
                                          0x8 (size before relaxing)
 .ARM.exidx.text._ZNK10__cxxabiv117__class_type_info10__do_catchEPKSt9type_infoPPvj
                0x000000000000374c        0x8 /opt/mcuxpresso-ide/ide/plugins/com.nxp.mcuxpresso.tools.linux_11.7.1.202301190959/tools/bin/../lib/gcc/arm-none-eabi/10.3.1/../../../../arm-none-eabi/lib/thumb/v6-m/nofp/libstdc++.a(class_type_info.o)
 .ARM.exidx.text._ZN12_GLOBAL__N_14pool4freeEPv.constprop.0
                0x0000000000003754        0x8 /opt/mcuxpresso-ide/ide/plugins/com.nxp.mcuxpresso.tools.linux_11.7.1.202301190959/tools/bin/../lib/gcc/arm-none-eabi/10.3.1/../../../../arm-none-eabi/lib/thumb/v6-m/nofp/libstdc++.a(eh_alloc.o)
 .ARM.exidx.text._ZN12_GLOBAL__N_14pool8allocateEj.constprop.0
                0x000000000000375c        0x0 /opt/mcuxpresso-ide/ide/plugins/com.nxp.mcuxpresso.tools.linux_11.7.1.202301190959/tools/bin/../lib/gcc/arm-none-eabi/10.3.1/../../../../arm-none-eabi/lib/thumb/v6-m/nofp/libstdc++.a(eh_alloc.o)
                                          0x8 (size before relaxing)
 .ARM.exidx.text.__cxa_allocate_exception
                0x000000000000375c        0x0 /opt/mcuxpresso-ide/ide/plugins/com.nxp.mcuxpresso.tools.linux_11.7.1.202301190959/tools/bin/../lib/gcc/arm-none-eabi/10.3.1/../../../../arm-none-eabi/lib/thumb/v6-m/nofp/libstdc++.a(eh_alloc.o)
                                          0x8 (size before relaxing)
 .ARM.exidx.text.__cxa_free_exception
                0x000000000000375c        0x0 /opt/mcuxpresso-ide/ide/plugins/com.nxp.mcuxpresso.tools.linux_11.7.1.202301190959/tools/bin/../lib/gcc/arm-none-eabi/10.3.1/../../../../arm-none-eabi/lib/thumb/v6-m/nofp/libstdc++.a(eh_alloc.o)
                                          0x8 (size before relaxing)
 .ARM.exidx.text.startup._GLOBAL__sub_I__ZN9__gnu_cxx9__freeresEv
                0x000000000000375c        0x0 /opt/mcuxpresso-ide/ide/plugins/com.nxp.mcuxpresso.tools.linux_11.7.1.202301190959/tools/bin/../lib/gcc/arm-none-eabi/10.3.1/../../../../arm-none-eabi/lib/thumb/v6-m/nofp/libstdc++.a(eh_alloc.o)
                                          0x8 (size before relaxing)
 .ARM.exidx     0x000000000000375c       0x90 /opt/mcuxpresso-ide/ide/plugins/com.nxp.mcuxpresso.tools.linux_11.7.1.202301190959/tools/bin/../lib/gcc/arm-none-eabi/10.3.1/thumb/v6-m/nofp/libgcc.a(unwind-arm.o)
                                         0xd8 (size before relaxing)
 .ARM.exidx     0x00000000000037ec       0x28 /opt/mcuxpresso-ide/ide/plugins/com.nxp.mcuxpresso.tools.linux_11.7.1.202301190959/tools/bin/../lib/gcc/arm-none-eabi/10.3.1/thumb/v6-m/nofp/libgcc.a(pr-support.o)
                                         0x38 (size before relaxing)
 .ARM.exidx.text.unlikely
                0x0000000000003814        0x8 /opt/mcuxpresso-ide/ide/plugins/com.nxp.mcuxpresso.tools.linux_11.7.1.202301190959/tools/bin/../lib/gcc/arm-none-eabi/10.3.1/thumb/v6-m/nofp/libgcc.a(pr-support.o)
                                         0x10 (size before relaxing)
                0x000000000000381c                __exidx_end = .
                0x000000000000381c                _etext = .

.rel.dyn        0x000000000000381c        0x0
 .rel.iplt      0x000000000000381c        0x0 ./src/firmware/cr_cpp_config.o

.mtb_buffer_default
                0x0000000010000000      0x100
 *(.mtb*)
 .mtb.$RAM1     0x0000000010000000      0x100 ./src/firmware/mtb.o
                0x0000000010000000                __mtb_buffer__

.uninit_RESERVED
                0x0000000010000100        0x0
                0x0000000010000100                _start_uninit_RESERVED = .
 *(.bss.$RESERVED*)
                0x0000000010000100                . = ALIGN (0x4)
                0x0000000010000100                _end_uninit_RESERVED = .

.data           0x0000000010000100      0x848 load address 0x000000000000381c
 FILL mask 0xff
                0x0000000010000100                _data = .
                [!provide]                        PROVIDE (__start_data_RAM = .)
                [!provide]                        PROVIDE (__start_data_RamLoc16 = .)
 *(vtable)
 *(.ramfunc*)
 *(CodeQuickAccess)
 *(DataQuickAccess)
 *(RamFunction)
 *(.data*)
 .data.__malloc_av_
                0x0000000010000100      0x408 /opt/mcuxpresso-ide/ide/plugins/com.nxp.mcuxpresso.tools.linux_11.7.1.202301190959/tools/bin/../lib/gcc/arm-none-eabi/10.3.1/../../../../arm-none-eabi/lib/thumb/v6-m/nofp/libc.a(lib_a-mallocr.o)
                0x0000000010000100                __malloc_av_
 .data.__malloc_sbrk_base
                0x0000000010000508        0x4 /opt/mcuxpresso-ide/ide/plugins/com.nxp.mcuxpresso.tools.linux_11.7.1.202301190959/tools/bin/../lib/gcc/arm-none-eabi/10.3.1/../../../../arm-none-eabi/lib/thumb/v6-m/nofp/libc.a(lib_a-mallocr.o)
                0x0000000010000508                __malloc_sbrk_base
 .data.__malloc_trim_threshold
                0x000000001000050c        0x4 /opt/mcuxpresso-ide/ide/plugins/com.nxp.mcuxpresso.tools.linux_11.7.1.202301190959/tools/bin/../lib/gcc/arm-none-eabi/10.3.1/../../../../arm-none-eabi/lib/thumb/v6-m/nofp/libc.a(lib_a-mallocr.o)
                0x000000001000050c                __malloc_trim_threshold
 .data._impure_ptr
                0x0000000010000510        0x4 /opt/mcuxpresso-ide/ide/plugins/com.nxp.mcuxpresso.tools.linux_11.7.1.202301190959/tools/bin/../lib/gcc/arm-none-eabi/10.3.1/../../../../arm-none-eabi/lib/thumb/v6-m/nofp/libc.a(lib_a-impure.o)
                0x0000000010000510                _impure_ptr
 *fill*         0x0000000010000514        0x4 ff
 .data.impure_data
                0x0000000010000518      0x428 /opt/mcuxpresso-ide/ide/plugins/com.nxp.mcuxpresso.tools.linux_11.7.1.202301190959/tools/bin/../lib/gcc/arm-none-eabi/10.3.1/../../../../arm-none-eabi/lib/thumb/v6-m/nofp/libc.a(lib_a-impure.o)
 .data._ZN10__cxxabiv120__unexpected_handlerE
                0x0000000010000940        0x4 /opt/mcuxpresso-ide/ide/plugins/com.nxp.mcuxpresso.tools.linux_11.7.1.202301190959/tools/bin/../lib/gcc/arm-none-eabi/10.3.1/../../../../arm-none-eabi/lib/thumb/v6-m/nofp/libstdc++.a(eh_unex_handler.o)
                0x0000000010000940                __cxxabiv1::__unexpected_handler
 .data._ZN10__cxxabiv119__terminate_handlerE
                0x0000000010000944        0x4 /opt/mcuxpresso-ide/ide/plugins/com.nxp.mcuxpresso.tools.linux_11.7.1.202301190959/tools/bin/../lib/gcc/arm-none-eabi/10.3.1/../../../../arm-none-eabi/lib/thumb/v6-m/nofp/libstdc++.a(eh_term_handler.o)
                0x0000000010000944                __cxxabiv1::__terminate_handler
                0x0000000010000948                . = ALIGN (0x4)
                0x0000000010000948                _edata = .
                [!provide]                        PROVIDE (__end_data_RAM = .)
                [!provide]                        PROVIDE (__end_data_RamLoc16 = .)

.igot.plt       0x0000000010000948        0x0 load address 0x0000000000004064
 .igot.plt      0x0000000010000948        0x0 ./src/firmware/cr_cpp_config.o

.bss            0x0000000010000948       0x80
                0x0000000010000948                _bss = .
                [!provide]                        PROVIDE (__start_bss_RAM = .)
                [!provide]                        PROVIDE (__start_bss_RamLoc16 = .)
 *(.bss*)
 .bss.pDivRom_idiv
                0x0000000010000948        0x4 ./src/firmware/cr_startup_lpc84x.o
                0x0000000010000948                pDivRom_idiv
 .bss.pDivRom_uidiv
                0x000000001000094c        0x4 ./src/firmware/cr_startup_lpc84x.o
                0x000000001000094c                pDivRom_uidiv
 .bss.__malloc_current_mallinfo
                0x0000000010000950       0x28 /opt/mcuxpresso-ide/ide/plugins/com.nxp.mcuxpresso.tools.linux_11.7.1.202301190959/tools/bin/../lib/gcc/arm-none-eabi/10.3.1/../../../../arm-none-eabi/lib/thumb/v6-m/nofp/libc.a(lib_a-mallocr.o)
                0x0000000010000950                __malloc_current_mallinfo
 .bss.__malloc_max_sbrked_mem
                0x0000000010000978        0x4 /opt/mcuxpresso-ide/ide/plugins/com.nxp.mcuxpresso.tools.linux_11.7.1.202301190959/tools/bin/../lib/gcc/arm-none-eabi/10.3.1/../../../../arm-none-eabi/lib/thumb/v6-m/nofp/libc.a(lib_a-mallocr.o)
                0x0000000010000978                __malloc_max_sbrked_mem
 .bss.__malloc_max_total_mem
                0x000000001000097c        0x4 /opt/mcuxpresso-ide/ide/plugins/com.nxp.mcuxpresso.tools.linux_11.7.1.202301190959/tools/bin/../lib/gcc/arm-none-eabi/10.3.1/../../../../arm-none-eabi/lib/thumb/v6-m/nofp/libc.a(lib_a-mallocr.o)
                0x000000001000097c                __malloc_max_total_mem
 .bss.__malloc_top_pad
                0x0000000010000980        0x4 /opt/mcuxpresso-ide/ide/plugins/com.nxp.mcuxpresso.tools.linux_11.7.1.202301190959/tools/bin/../lib/gcc/arm-none-eabi/10.3.1/../../../../arm-none-eabi/lib/thumb/v6-m/nofp/libc.a(lib_a-mallocr.o)
                0x0000000010000980                __malloc_top_pad
 .bss.__lock___malloc_recursive_mutex
                0x0000000010000984        0x1 /opt/mcuxpresso-ide/ide/plugins/com.nxp.mcuxpresso.tools.linux_11.7.1.202301190959/tools/bin/../lib/gcc/arm-none-eabi/10.3.1/../../../../arm-none-eabi/lib/thumb/v6-m/nofp/libc.a(lib_a-lock.o)
                0x0000000010000984                __lock___malloc_recursive_mutex
 *fill*         0x0000000010000985        0x3 
 .bss.errno     0x0000000010000988        0x4 /opt/mcuxpresso-ide/ide/plugins/com.nxp.mcuxpresso.tools.linux_11.7.1.202301190959/tools/bin/../lib/gcc/arm-none-eabi/10.3.1/../../../../arm-none-eabi/lib/thumb/v6-m/nofp/libc.a(lib_a-reent.o)
                0x0000000010000988                errno
 .bss._ZL10eh_globals
                0x000000001000098c        0xc /opt/mcuxpresso-ide/ide/plugins/com.nxp.mcuxpresso.tools.linux_11.7.1.202301190959/tools/bin/../lib/gcc/arm-none-eabi/10.3.1/../../../../arm-none-eabi/lib/thumb/v6-m/nofp/libstdc++.a(eh_globals.o)
 .bss._ZN12_GLOBAL__N_114emergency_poolE
                0x0000000010000998       0x10 /opt/mcuxpresso-ide/ide/plugins/com.nxp.mcuxpresso.tools.linux_11.7.1.202301190959/tools/bin/../lib/gcc/arm-none-eabi/10.3.1/../../../../arm-none-eabi/lib/thumb/v6-m/nofp/libstdc++.a(eh_alloc.o)
 .bss.__end_of_heap
                0x00000000100009a8        0x4 /opt/mcuxpresso-ide/ide/plugins/com.nxp.mcuxpresso.tools.linux_11.7.1.202301190959/tools/bin/../lib/gcc/arm-none-eabi/10.3.1/../../../../arm-none-eabi/lib/thumb/v6-m/nofp/libcr_newlib_nohost.a(_cr_sbrk.o)
                0x00000000100009a8                __end_of_heap
 .bss           0x00000000100009ac       0x1c /opt/mcuxpresso-ide/ide/plugins/com.nxp.mcuxpresso.tools.linux_11.7.1.202301190959/tools/bin/../lib/gcc/arm-none-eabi/10.3.1/thumb/v6-m/nofp/crtbegin.o
 *(COMMON)
                0x00000000100009c8                . = ALIGN (0x4)
                0x00000000100009c8                _ebss = .
                [!provide]                        PROVIDE (__end_bss_RAM = .)
                [!provide]                        PROVIDE (__end_bss_RamLoc16 = .)
                [!provide]                        PROVIDE (end = .)

.noinit         0x00000000100009c8        0x0
                0x00000000100009c8                _noinit = .
                [!provide]                        PROVIDE (__start_noinit_RAM = .)
                [!provide]                        PROVIDE (__start_noinit_RamLoc16 = .)
 *(.noinit*)
                0x00000000100009c8                . = ALIGN (0x4)
                0x00000000100009c8                _end_noinit = .
                [!provide]                        PROVIDE (__end_noinit_RAM = .)
                [!provide]                        PROVIDE (__end_noinit_RamLoc16 = .)
                0x00000000100009c8                PROVIDE (_pvHeapStart = DEFINED (__user_heap_base)?__user_heap_base:.)
                0x0000000010004000                PROVIDE (_vStackTop = DEFINED (__user_stack_top)?__user_stack_top:(__top_RamLoc16 - 0x0))
                0xffffffffefffbac7                PROVIDE (__valid_user_code_checksum = (0x0 - (((_vStackTop + (ResetISR + 0x1)) + (DEFINED (NMI_Handler)?NMI_Handler:M0_NMI_Handler + 0x1)) + (DEFINED (HardFault_Handler)?HardFault_Handler:M0_HardFault_Handler + 0x1))))
                0x0000000000000000                _image_start = LOADADDR (.text)
                0x0000000000004064                _image_end = (LOADADDR (.data) + SIZEOF (.data))
                0x0000000000004064                _image_size = (_image_end - _image_start)
OUTPUT(GPIO.axf elf32-littlearm)
LOAD linker stubs

.debug_info     0x0000000000000000     0x2099
 .debug_info    0x0000000000000000      0x9f1 ./src/firmware/cr_cpp_config.o
 .debug_info    0x00000000000009f1      0x265 ./src/firmware/cr_startup_lpc84x.o
 .debug_info    0x0000000000000c56       0x40 ./src/firmware/crp.o
 .debug_info    0x0000000000000c96       0x54 ./src/firmware/mtb.o
 .debug_info    0x0000000000000cea      0x635 ./src/application/GPIOmain.o
 .debug_info    0x000000000000131f      0xac6 ./src/02-Gpio/Gpio.o
 .debug_info    0x0000000000001de5      0x132 /opt/mcuxpresso-ide/ide/plugins/com.nxp.mcuxpresso.tools.linux_11.7.1.202301190959/tools/bin/../lib/gcc/arm-none-eabi/10.3.1/../../../../arm-none-eabi/lib/thumb/v6-m/nofp/libcr_newlib_nohost.a(_cr_sbrk.o)
 .debug_info    0x0000000000001f17       0x38 /opt/mcuxpresso-ide/ide/plugins/com.nxp.mcuxpresso.tools.linux_11.7.1.202301190959/tools/bin/../lib/gcc/arm-none-eabi/10.3.1/../../../../arm-none-eabi/lib/thumb/v6-m/nofp/libcr_newlib_nohost.a(cr_abort.o)
 .debug_info    0x0000000000001f4f       0x71 /opt/mcuxpresso-ide/ide/plugins/com.nxp.mcuxpresso.tools.linux_11.7.1.202301190959/tools/bin/../lib/gcc/arm-none-eabi/10.3.1/../../../../arm-none-eabi/lib/thumb/v6-m/nofp/libcr_newlib_nohost.a(_cr_check_heap.o)
 .debug_info    0x0000000000001fc0       0xd9 /opt/mcuxpresso-ide/ide/plugins/com.nxp.mcuxpresso.tools.linux_11.7.1.202301190959/tools/bin/../lib/gcc/arm-none-eabi/10.3.1/../../../../arm-none-eabi/lib/thumb/v6-m/nofp/libcr_newlib_nohost.a(write.o)

.debug_abbrev   0x0000000000000000      0xa66
 .debug_abbrev  0x0000000000000000      0x266 ./src/firmware/cr_cpp_config.o
 .debug_abbrev  0x0000000000000266      0x12f ./src/firmware/cr_startup_lpc84x.o
 .debug_abbrev  0x0000000000000395       0x38 ./src/firmware/crp.o
 .debug_abbrev  0x00000000000003cd       0x46 ./src/firmware/mtb.o
 .debug_abbrev  0x0000000000000413      0x148 ./src/application/GPIOmain.o
 .debug_abbrev  0x000000000000055b      0x2f4 ./src/02-Gpio/Gpio.o
 .debug_abbrev  0x000000000000084f       0xe3 /opt/mcuxpresso-ide/ide/plugins/com.nxp.mcuxpresso.tools.linux_11.7.1.202301190959/tools/bin/../lib/gcc/arm-none-eabi/10.3.1/../../../../arm-none-eabi/lib/thumb/v6-m/nofp/libcr_newlib_nohost.a(_cr_sbrk.o)
 .debug_abbrev  0x0000000000000932       0x2e /opt/mcuxpresso-ide/ide/plugins/com.nxp.mcuxpresso.tools.linux_11.7.1.202301190959/tools/bin/../lib/gcc/arm-none-eabi/10.3.1/../../../../arm-none-eabi/lib/thumb/v6-m/nofp/libcr_newlib_nohost.a(cr_abort.o)
 .debug_abbrev  0x0000000000000960       0x6b /opt/mcuxpresso-ide/ide/plugins/com.nxp.mcuxpresso.tools.linux_11.7.1.202301190959/tools/bin/../lib/gcc/arm-none-eabi/10.3.1/../../../../arm-none-eabi/lib/thumb/v6-m/nofp/libcr_newlib_nohost.a(_cr_check_heap.o)
 .debug_abbrev  0x00000000000009cb       0x9b /opt/mcuxpresso-ide/ide/plugins/com.nxp.mcuxpresso.tools.linux_11.7.1.202301190959/tools/bin/../lib/gcc/arm-none-eabi/10.3.1/../../../../arm-none-eabi/lib/thumb/v6-m/nofp/libcr_newlib_nohost.a(write.o)

.debug_aranges  0x0000000000000000      0x228
 .debug_aranges
                0x0000000000000000       0x48 ./src/firmware/cr_cpp_config.o
 .debug_aranges
                0x0000000000000048       0x60 ./src/firmware/cr_startup_lpc84x.o
 .debug_aranges
                0x00000000000000a8       0x18 ./src/firmware/crp.o
 .debug_aranges
                0x00000000000000c0       0x18 ./src/firmware/mtb.o
 .debug_aranges
                0x00000000000000d8       0x28 ./src/application/GPIOmain.o
 .debug_aranges
                0x0000000000000100       0xa8 ./src/02-Gpio/Gpio.o
 .debug_aranges
                0x00000000000001a8       0x20 /opt/mcuxpresso-ide/ide/plugins/com.nxp.mcuxpresso.tools.linux_11.7.1.202301190959/tools/bin/../lib/gcc/arm-none-eabi/10.3.1/../../../../arm-none-eabi/lib/thumb/v6-m/nofp/libcr_newlib_nohost.a(_cr_sbrk.o)
 .debug_aranges
                0x00000000000001c8       0x20 /opt/mcuxpresso-ide/ide/plugins/com.nxp.mcuxpresso.tools.linux_11.7.1.202301190959/tools/bin/../lib/gcc/arm-none-eabi/10.3.1/../../../../arm-none-eabi/lib/thumb/v6-m/nofp/libcr_newlib_nohost.a(cr_abort.o)
 .debug_aranges
                0x00000000000001e8       0x20 /opt/mcuxpresso-ide/ide/plugins/com.nxp.mcuxpresso.tools.linux_11.7.1.202301190959/tools/bin/../lib/gcc/arm-none-eabi/10.3.1/../../../../arm-none-eabi/lib/thumb/v6-m/nofp/libcr_newlib_nohost.a(_cr_check_heap.o)
 .debug_aranges
                0x0000000000000208       0x20 /opt/mcuxpresso-ide/ide/plugins/com.nxp.mcuxpresso.tools.linux_11.7.1.202301190959/tools/bin/../lib/gcc/arm-none-eabi/10.3.1/../../../../arm-none-eabi/lib/thumb/v6-m/nofp/libcr_newlib_nohost.a(write.o)

.debug_ranges   0x0000000000000000      0x178
 .debug_ranges  0x0000000000000000       0x38 ./src/firmware/cr_cpp_config.o
 .debug_ranges  0x0000000000000038       0x50 ./src/firmware/cr_startup_lpc84x.o
 .debug_ranges  0x0000000000000088       0x18 ./src/application/GPIOmain.o
 .debug_ranges  0x00000000000000a0       0x98 ./src/02-Gpio/Gpio.o
 .debug_ranges  0x0000000000000138       0x10 /opt/mcuxpresso-ide/ide/plugins/com.nxp.mcuxpresso.tools.linux_11.7.1.202301190959/tools/bin/../lib/gcc/arm-none-eabi/10.3.1/../../../../arm-none-eabi/lib/thumb/v6-m/nofp/libcr_newlib_nohost.a(_cr_sbrk.o)
 .debug_ranges  0x0000000000000148       0x10 /opt/mcuxpresso-ide/ide/plugins/com.nxp.mcuxpresso.tools.linux_11.7.1.202301190959/tools/bin/../lib/gcc/arm-none-eabi/10.3.1/../../../../arm-none-eabi/lib/thumb/v6-m/nofp/libcr_newlib_nohost.a(cr_abort.o)
 .debug_ranges  0x0000000000000158       0x10 /opt/mcuxpresso-ide/ide/plugins/com.nxp.mcuxpresso.tools.linux_11.7.1.202301190959/tools/bin/../lib/gcc/arm-none-eabi/10.3.1/../../../../arm-none-eabi/lib/thumb/v6-m/nofp/libcr_newlib_nohost.a(_cr_check_heap.o)
 .debug_ranges  0x0000000000000168       0x10 /opt/mcuxpresso-ide/ide/plugins/com.nxp.mcuxpresso.tools.linux_11.7.1.202301190959/tools/bin/../lib/gcc/arm-none-eabi/10.3.1/../../../../arm-none-eabi/lib/thumb/v6-m/nofp/libcr_newlib_nohost.a(write.o)

.debug_macro    0x0000000000000000     0x3aa5
 .debug_macro   0x0000000000000000      0x13e ./src/firmware/cr_cpp_config.o
 .debug_macro   0x000000000000013e      0xb44 ./src/firmware/cr_cpp_config.o
 .debug_macro   0x0000000000000c82      0x18a ./src/firmware/cr_cpp_config.o
 .debug_macro   0x0000000000000e0c       0x10 ./src/firmware/cr_cpp_config.o
 .debug_macro   0x0000000000000e1c      0x3c3 ./src/firmware/cr_cpp_config.o
 .debug_macro   0x00000000000011df       0x10 ./src/firmware/cr_cpp_config.o
 .debug_macro   0x00000000000011ef       0x18 ./src/firmware/cr_cpp_config.o
 .debug_macro   0x0000000000001207       0x22 ./src/firmware/cr_cpp_config.o
 .debug_macro   0x0000000000001229       0x5e ./src/firmware/cr_cpp_config.o
 .debug_macro   0x0000000000001287       0x94 ./src/firmware/cr_cpp_config.o
 .debug_macro   0x000000000000131b       0x35 ./src/firmware/cr_cpp_config.o
 .debug_macro   0x0000000000001350       0x34 ./src/firmware/cr_cpp_config.o
 .debug_macro   0x0000000000001384       0x16 ./src/firmware/cr_cpp_config.o
 .debug_macro   0x000000000000139a      0x10e ./src/firmware/cr_cpp_config.o
 .debug_macro   0x00000000000014a8       0x94 ./src/firmware/cr_cpp_config.o
 .debug_macro   0x000000000000153c       0x16 ./src/firmware/cr_cpp_config.o
 .debug_macro   0x0000000000001552       0x43 ./src/firmware/cr_cpp_config.o
 .debug_macro   0x0000000000001595       0x57 ./src/firmware/cr_cpp_config.o
 .debug_macro   0x00000000000015ec       0x34 ./src/firmware/cr_cpp_config.o
 .debug_macro   0x0000000000001620       0x10 ./src/firmware/cr_cpp_config.o
 .debug_macro   0x0000000000001630       0x58 ./src/firmware/cr_cpp_config.o
 .debug_macro   0x0000000000001688      0x182 ./src/firmware/cr_cpp_config.o
 .debug_macro   0x000000000000180a      0x364 ./src/firmware/cr_cpp_config.o
 .debug_macro   0x0000000000001b6e       0x16 ./src/firmware/cr_cpp_config.o
 .debug_macro   0x0000000000001b84       0x29 ./src/firmware/cr_cpp_config.o
 .debug_macro   0x0000000000001bad       0x1c ./src/firmware/cr_cpp_config.o
 .debug_macro   0x0000000000001bc9       0xde ./src/firmware/cr_cpp_config.o
 .debug_macro   0x0000000000001ca7       0x23 ./src/firmware/cr_startup_lpc84x.o
 .debug_macro   0x0000000000001cca       0x1a ./src/firmware/crp.o
 .debug_macro   0x0000000000001ce4      0xa6c ./src/firmware/crp.o
 .debug_macro   0x0000000000002750       0x34 ./src/firmware/crp.o
 .debug_macro   0x0000000000002784       0x29 ./src/firmware/mtb.o
 .debug_macro   0x00000000000027ad       0x82 ./src/firmware/mtb.o
 .debug_macro   0x000000000000282f       0x10 ./src/firmware/mtb.o
 .debug_macro   0x000000000000283f       0x66 ./src/application/GPIOmain.o
 .debug_macro   0x00000000000028a5       0x1c ./src/application/GPIOmain.o
 .debug_macro   0x00000000000028c1     0x1199 ./src/application/GPIOmain.o
 .debug_macro   0x0000000000003a5a       0x4b ./src/02-Gpio/Gpio.o

.debug_line     0x0000000000000000     0x10fd
 .debug_line    0x0000000000000000      0x56b ./src/firmware/cr_cpp_config.o
 .debug_line    0x000000000000056b      0x15f ./src/firmware/cr_startup_lpc84x.o
 .debug_line    0x00000000000006ca       0xb2 ./src/firmware/crp.o
 .debug_line    0x000000000000077c       0xcf ./src/firmware/mtb.o
 .debug_line    0x000000000000084b      0x20b ./src/application/GPIOmain.o
 .debug_line    0x0000000000000a56      0x3b9 ./src/02-Gpio/Gpio.o
 .debug_line    0x0000000000000e0f      0x1d7 /opt/mcuxpresso-ide/ide/plugins/com.nxp.mcuxpresso.tools.linux_11.7.1.202301190959/tools/bin/../lib/gcc/arm-none-eabi/10.3.1/../../../../arm-none-eabi/lib/thumb/v6-m/nofp/libcr_newlib_nohost.a(_cr_sbrk.o)
 .debug_line    0x0000000000000fe6       0x58 /opt/mcuxpresso-ide/ide/plugins/com.nxp.mcuxpresso.tools.linux_11.7.1.202301190959/tools/bin/../lib/gcc/arm-none-eabi/10.3.1/../../../../arm-none-eabi/lib/thumb/v6-m/nofp/libcr_newlib_nohost.a(cr_abort.o)
 .debug_line    0x000000000000103e       0x61 /opt/mcuxpresso-ide/ide/plugins/com.nxp.mcuxpresso.tools.linux_11.7.1.202301190959/tools/bin/../lib/gcc/arm-none-eabi/10.3.1/../../../../arm-none-eabi/lib/thumb/v6-m/nofp/libcr_newlib_nohost.a(_cr_check_heap.o)
 .debug_line    0x000000000000109f       0x5e /opt/mcuxpresso-ide/ide/plugins/com.nxp.mcuxpresso.tools.linux_11.7.1.202301190959/tools/bin/../lib/gcc/arm-none-eabi/10.3.1/../../../../arm-none-eabi/lib/thumb/v6-m/nofp/libcr_newlib_nohost.a(write.o)

.debug_str      0x0000000000000000    0x12705
 .debug_str     0x0000000000000000     0x7932 ./src/firmware/cr_cpp_config.o
                                       0x7a8e (size before relaxing)
 .debug_str     0x0000000000007932      0x1f7 ./src/firmware/cr_startup_lpc84x.o
                                       0x3267 (size before relaxing)
 .debug_str     0x0000000000007b29      0x2d8 ./src/firmware/crp.o
                                       0x2d51 (size before relaxing)
 .debug_str     0x0000000000007e01      0x522 ./src/firmware/mtb.o
                                       0x3186 (size before relaxing)
 .debug_str     0x0000000000008323     0x9e10 ./src/application/GPIOmain.o
                                       0xd317 (size before relaxing)
 .debug_str     0x0000000000012133      0x3f2 ./src/02-Gpio/Gpio.o
                                       0xcf7e (size before relaxing)
 .debug_str     0x0000000000012525      0x18e /opt/mcuxpresso-ide/ide/plugins/com.nxp.mcuxpresso.tools.linux_11.7.1.202301190959/tools/bin/../lib/gcc/arm-none-eabi/10.3.1/../../../../arm-none-eabi/lib/thumb/v6-m/nofp/libcr_newlib_nohost.a(_cr_sbrk.o)
                                        0x22a (size before relaxing)
 .debug_str     0x00000000000126b3       0x12 /opt/mcuxpresso-ide/ide/plugins/com.nxp.mcuxpresso.tools.linux_11.7.1.202301190959/tools/bin/../lib/gcc/arm-none-eabi/10.3.1/../../../../arm-none-eabi/lib/thumb/v6-m/nofp/libcr_newlib_nohost.a(cr_abort.o)
                                        0x130 (size before relaxing)
 .debug_str     0x00000000000126c5       0x25 /opt/mcuxpresso-ide/ide/plugins/com.nxp.mcuxpresso.tools.linux_11.7.1.202301190959/tools/bin/../lib/gcc/arm-none-eabi/10.3.1/../../../../arm-none-eabi/lib/thumb/v6-m/nofp/libcr_newlib_nohost.a(_cr_check_heap.o)
                                        0x175 (size before relaxing)
 .debug_str     0x00000000000126ea       0x1b /opt/mcuxpresso-ide/ide/plugins/com.nxp.mcuxpresso.tools.linux_11.7.1.202301190959/tools/bin/../lib/gcc/arm-none-eabi/10.3.1/../../../../arm-none-eabi/lib/thumb/v6-m/nofp/libcr_newlib_nohost.a(write.o)
                                        0x1ce (size before relaxing)

.comment        0x0000000000000000       0x49
 .comment       0x0000000000000000       0x49 ./src/firmware/cr_cpp_config.o